<html>
<body>
<pre>
<h1>µVision Build Log</h1>
<h2>Tool Versions:</h2>
IDE-Version: ¦ÌVision V5.39.0.0
Copyright (C) 2023 ARM Ltd and ARM Germany GmbH. All rights reserved.
License Information: 0 0, 0, LIC=50D7S-LXPES-8Y2VV-PMEFA-L62JB-H2QEY
 
Tool Versions:
Toolchain:       MDK-ARM Professional  Version: 5.39.0.0
Toolchain Path:  D:\Keil_v5\ARM\ARM_Compiler_5.06u7\Bin
C Compiler:      Armcc.exe V5.06 update 7 (build 960)
Assembler:       Armasm.exe V5.06 update 7 (build 960)
Linker/Locator:  ArmLink.exe V5.06 update 7 (build 960)
Library Manager: ArmAr.exe V5.06 update 7 (build 960)
Hex Converter:   FromElf.exe V5.06 update 7 (build 960)
CPU DLL:         SARMCM3.DLL V5.39.0.0
Dialog DLL:      DCM.DLL V1.17.5.0
Target DLL:      Segger\JL2CM3.dll V2.99.43.0
Dialog DLL:      TCM.DLL V1.56.4.0
 
<h2>Project:</h2>
C:\Users\142857\Desktop\2026R2_UP_V1toHou\2026R2_UP_V1\MDK-ARM\2026R2_UP_V1.uvprojx
Project File Date:  03/04/2026

<h2>Output:</h2>
*** Using Compiler 'V5.06 update 7 (build 960)', folder: 'D:\Keil_v5\ARM\ARM_Compiler_5.06u7\Bin'
Build target '2026R2_UP_V1'
assembling startup_stm32f407xx.s...
compiling gpio.c...
compiling tim.c...
compiling Robot.c...
compiling stm32f4xx_it.c...
compiling can.c...
compiling stm32f4xx_hal_msp.c...
compiling dma.c...
compiling usart.c...
compiling pid_algorithm.c...
compiling main.c...
compiling freertos.c...
../Core/Src/freertos.c(396): warning:  #177-D: variable "high_tec_count"  was declared but never referenced
  		uint32_t high_tec_count = 0;
../Core/Src/freertos.c: 1 warning, 0 errors
compiling stm32f4xx_hal_timebase_tim.c...
compiling stm32f4xx_hal_flash_ramfunc.c...
compiling stm32f4xx_hal_gpio.c...
compiling stm32f4xx_hal_dma_ex.c...
compiling stm32f4xx_hal_tim_ex.c...
compiling stm32f4xx_hal_rcc_ex.c...
compiling stm32f4xx_hal_flash.c...
compiling stm32f4xx_hal_can.c...
compiling stm32f4xx_hal_flash_ex.c...
compiling stm32f4xx_hal_rcc.c...
compiling stm32f4xx_hal_dma.c...
compiling stm32f4xx_hal_tim.c...
compiling croutine.c...
compiling event_groups.c...
compiling list.c...
compiling queue.c...
compiling stream_buffer.c...
compiling tasks.c...
compiling timers.c...
compiling cmsis_os.c...
compiling heap_4.c...
compiling port.c...
compiling stm32f4xx_hal_pwr.c...
compiling stm32f4xx_hal_pwr_ex.c...
compiling DoubleArm.c...
compiling stm32f4xx_hal_cortex.c...
compiling system_stm32f4xx.c...
compiling stm32f4xx_hal_exti.c...
compiling StretchableArm.c...
..\StretchableArm\StretchableArm.c(39): warning:  #1035-D: single-precision operand implicitly converted to double-precision
  		g_cur_LK =K_WITHOUT_KFS*(stretch_2006.angle+B_WITHOUT_KFS)*cosf(rad_lk)+K_T_to_A*gTorqueDM;
..\StretchableArm\StretchableArm.c: 1 warning, 0 errors
compiling stm32f4xx_hal.c...
compiling CANBsp.c...
compiling dm_motor.c...
compiling stm32f4xx_hal_uart.c...
compiling LK_motor.c...
compiling J60_motor.c...
compiling DJI_motor.c...
compiling StateMachine.c...
..\StateMachine\StateMachine.c(854): warning:  #1035-D: single-precision operand implicitly converted to double-precision
  									stretch_DM.ctrl.pos_set=rampSignalFP(HK_DM,LKOD_DM,SA_cnt,1000);
..\StateMachine\StateMachine.c(857): warning:  #1035-D: single-precision operand implicitly converted to double-precision
  									stretch_DM.ctrl.pos_set=rampSignalFP(HK_DM,LKOU_DM,SA_cnt,1000);
..\StateMachine\StateMachine.c(876): warning:  #1035-D: single-precision operand implicitly converted to double-precision
  										stretch_DM.ctrl.pos_set=LKOD_DM;
..\StateMachine\StateMachine.c(879): warning:  #1035-D: single-precision operand implicitly converted to double-precision
  										stretch_DM.ctrl.pos_set=LKOU_DM;
..\StateMachine\StateMachine.c(889): warning:  #1035-D: single-precision operand implicitly converted to double-precision
  										stretch_DM.ctrl.pos_set=rampSignalFP(LKOD_DM,RTGK_DM,SA_cnt-200,1000);
..\StateMachine\StateMachine.c(892): warning:  #1035-D: single-precision operand implicitly converted to double-precision
  										stretch_DM.ctrl.pos_set=rampSignalFP(LKOD_DM,RTGK_DM,SA_cnt-200,1000);
..\StateMachine\StateMachine.c: 6 warnings, 0 errors
linking...
Program Size: Code=34104 RO-data=656 RW-data=2160 ZI-data=18600  
FromELF: creating hex file...
"2026R2_UP_V1\2026R2_UP_V1.axf" - 0 Error(s), 8 Warning(s).

<h2>Software Packages used:</h2>

Package Vendor: ARM
                http://www.keil.com/pack/ARM.CMSIS.5.9.0.pack
                ARM::CMSIS@5.9.0
                CMSIS (Common Microcontroller Software Interface Standard)
   * Component: CORE Version: 5.6.0

Package Vendor: Keil
                https://www.keil.com/pack/Keil.STM32F4xx_DFP.3.0.0.pack
                Keil::STM32F4xx_DFP@3.0.0
                STMicroelectronics STM32F4 Series Device Support

<h2>Collection of Component include folders:</h2>
  ./RTE/_2026R2_UP_V1
  D:/Keil_v5/ARM/Packs/ARM/CMSIS/5.9.0/CMSIS/Core/Include

<h2>Collection of Component Files used:</h2>

   * Component: ARM::CMSIS:CORE@5.6.0
      Include file:  CMSIS/Core/Include/tz_context.h
Build Time Elapsed:  00:00:33
</pre>
</body>
</html>
