<html>
<body>
<pre>
<h1>µVision Build Log</h1>
<h2>Tool Versions:</h2>
IDE-Version: ¦ÌVision V5.38.0.0
Copyright (C) 2022 ARM Ltd and ARM Germany GmbH. All rights reserved.
License Information: 1 lanchengcheng, 1, LIC=4ZLZX-HMKV0-E0BN4-FNQXF-B0KQB-55NEC
 
Tool Versions:
Toolchain:       MDK-ARM Professional  Version: 5.38.0.0
Toolchain Path:  D:\keil5\ARM\ARMCC\Bin
C Compiler:      Armcc.exe V5.06 update 5 (build 528)
Assembler:       Armasm.exe V5.06 update 5 (build 528)
Linker/Locator:  ArmLink.exe V5.06 update 5 (build 528)
Library Manager: ArmAr.exe V5.06 update 5 (build 528)
Hex Converter:   FromElf.exe V5.06 update 5 (build 528)
CPU DLL:         SARMCM3.DLL V5.38.0.0
Dialog DLL:      DCM.DLL V1.17.5.0
Target DLL:      Segger\JL2CM3.dll V2.99.42.0
Dialog DLL:      TCM.DLL V1.56.4.0
 
<h2>Project:</h2>
D:\STM32\R1_Third_Generation\R1_Third_Generation_Up\MDK-ARM\R1_Second_Generation_Up.uvprojx
Project File Date:  04/17/2026

<h2>Output:</h2>
*** Using Compiler 'V5.06 update 5 (build 528)', folder: 'D:\keil5\ARM\ARMCC\Bin'
Build target 'R1_Second_Generation_Up'
compiling pid.c...
compiling DJI_Motor.c...
compiling freertos.c...
compiling algorithm.c...
compiling Logic.c...
compiling main.c...
compiling YSC_Motor.c...
compiling CAN_Bsp.c...
compiling QD.c...
compiling Types.c...
compiling DM_Motor.c...
compiling Trajectory.c...
compiling stm32f4xx_it.c...
compiling math_algorithm.c...
linking...
Program Size: Code=48828 RO-data=780 RW-data=2180 ZI-data=21300  
FromELF: creating hex file...
"R1_Second_Generation_Up\R1_Second_Generation_Up.axf" - 0 Error(s), 0 Warning(s).

<h2>Software Packages used:</h2>

Package Vendor: ARM
                http://www.keil.com/pack/ARM.CMSIS.5.9.0.pack
                ARM.CMSIS.5.9.0
                CMSIS (Common Microcontroller Software Interface Standard)
   * Component: CORE Version: 5.6.0

Package Vendor: Keil
                http://www.keil.com/pack/Keil.STM32F4xx_DFP.2.13.0.pack
                Keil.STM32F4xx_DFP.2.13.0
                STMicroelectronics STM32F4 Series Device Support, Drivers and Examples

<h2>Collection of Component include folders:</h2>
  ./RTE/_R1_Second_Generation_Up
  D:/keil5/ARM/PACK/ARM/CMSIS/5.9.0/CMSIS/Core/Include
  D:/keil5/ARM/PACK/Keil/STM32F4xx_DFP/2.13.0/Drivers/CMSIS/Device/ST/STM32F4xx/Include

<h2>Collection of Component Files used:</h2>

   * Component: ARM::CMSIS:CORE:5.6.0
      Include file:  CMSIS/Core/Include/tz_context.h
Build Time Elapsed:  00:00:03
</pre>
</body>
</html>
