Component: ARM Compiler 5.06 update 7 (build 960) Tool: armlink [4d3601]

==============================================================================

Section Cross References

    startup_stm32f407xx.o(STACK) refers (Special) to heapauxi.o(.text) for __use_two_region_memory
    startup_stm32f407xx.o(HEAP) refers (Special) to heapauxi.o(.text) for __use_two_region_memory
    startup_stm32f407xx.o(RESET) refers (Special) to heapauxi.o(.text) for __use_two_region_memory
    startup_stm32f407xx.o(RESET) refers to startup_stm32f407xx.o(STACK) for __initial_sp
    startup_stm32f407xx.o(RESET) refers to startup_stm32f407xx.o(.text) for Reset_Handler
    startup_stm32f407xx.o(RESET) refers to stm32f4xx_it.o(i.NMI_Handler) for NMI_Handler
    startup_stm32f407xx.o(RESET) refers to stm32f4xx_it.o(i.HardFault_Handler) for HardFault_Handler
    startup_stm32f407xx.o(RESET) refers to stm32f4xx_it.o(i.MemManage_Handler) for MemManage_Handler
    startup_stm32f407xx.o(RESET) refers to stm32f4xx_it.o(i.BusFault_Handler) for BusFault_Handler
    startup_stm32f407xx.o(RESET) refers to stm32f4xx_it.o(i.UsageFault_Handler) for UsageFault_Handler
    startup_stm32f407xx.o(RESET) refers to port.o(.emb_text) for SVC_Handler
    startup_stm32f407xx.o(RESET) refers to stm32f4xx_it.o(i.DebugMon_Handler) for DebugMon_Handler
    startup_stm32f407xx.o(RESET) refers to cmsis_os2.o(i.SysTick_Handler) for SysTick_Handler
    startup_stm32f407xx.o(RESET) refers to stm32f4xx_it.o(i.CAN1_RX0_IRQHandler) for CAN1_RX0_IRQHandler
    startup_stm32f407xx.o(RESET) refers to stm32f4xx_it.o(i.TIM4_IRQHandler) for TIM4_IRQHandler
    startup_stm32f407xx.o(RESET) refers to stm32f4xx_it.o(i.SPI2_IRQHandler) for SPI2_IRQHandler
    startup_stm32f407xx.o(RESET) refers to stm32f4xx_it.o(i.USART1_IRQHandler) for USART1_IRQHandler
    startup_stm32f407xx.o(RESET) refers to stm32f4xx_it.o(i.TIM5_IRQHandler) for TIM5_IRQHandler
    startup_stm32f407xx.o(RESET) refers to stm32f4xx_it.o(i.DMA2_Stream1_IRQHandler) for DMA2_Stream1_IRQHandler
    startup_stm32f407xx.o(RESET) refers to stm32f4xx_it.o(i.DMA2_Stream2_IRQHandler) for DMA2_Stream2_IRQHandler
    startup_stm32f407xx.o(RESET) refers to stm32f4xx_it.o(i.CAN2_RX0_IRQHandler) for CAN2_RX0_IRQHandler
    startup_stm32f407xx.o(RESET) refers to stm32f4xx_it.o(i.DMA2_Stream6_IRQHandler) for DMA2_Stream6_IRQHandler
    startup_stm32f407xx.o(RESET) refers to stm32f4xx_it.o(i.DMA2_Stream7_IRQHandler) for DMA2_Stream7_IRQHandler
    startup_stm32f407xx.o(RESET) refers to stm32f4xx_it.o(i.USART6_IRQHandler) for USART6_IRQHandler
    startup_stm32f407xx.o(.text) refers (Special) to heapauxi.o(.text) for __use_two_region_memory
    startup_stm32f407xx.o(.text) refers to system_stm32f4xx.o(i.SystemInit) for SystemInit
    startup_stm32f407xx.o(.text) refers to __main.o(!!!main) for __main
    startup_stm32f407xx.o(.text) refers to startup_stm32f407xx.o(HEAP) for Heap_Mem
    startup_stm32f407xx.o(.text) refers to startup_stm32f407xx.o(STACK) for Stack_Mem
    main.o(i.HAL_TIM_PeriodElapsedCallback) refers to stm32f4xx_hal.o(i.HAL_IncTick) for HAL_IncTick
    main.o(i.SystemClock_Config) refers to rt_memclr_w.o(.text) for __aeabi_memclr4
    main.o(i.SystemClock_Config) refers to stm32f4xx_hal_rcc.o(i.HAL_RCC_OscConfig) for HAL_RCC_OscConfig
    main.o(i.SystemClock_Config) refers to stm32f4xx_hal_rcc.o(i.HAL_RCC_ClockConfig) for HAL_RCC_ClockConfig
    main.o(i.main) refers to stm32f4xx_hal.o(i.HAL_Init) for HAL_Init
    main.o(i.main) refers to main.o(i.SystemClock_Config) for SystemClock_Config
    main.o(i.main) refers to gpio.o(i.MX_GPIO_Init) for MX_GPIO_Init
    main.o(i.main) refers to dma.o(i.MX_DMA_Init) for MX_DMA_Init
    main.o(i.main) refers to can.o(i.MX_CAN1_Init) for MX_CAN1_Init
    main.o(i.main) refers to can.o(i.MX_CAN2_Init) for MX_CAN2_Init
    main.o(i.main) refers to spi.o(i.MX_SPI2_Init) for MX_SPI2_Init
    main.o(i.main) refers to tim.o(i.MX_TIM4_Init) for MX_TIM4_Init
    main.o(i.main) refers to usart.o(i.MX_USART6_UART_Init) for MX_USART6_UART_Init
    main.o(i.main) refers to usart.o(i.MX_USART1_UART_Init) for MX_USART1_UART_Init
    main.o(i.main) refers to bsp_can.o(i.can1_start) for can1_start
    main.o(i.main) refers to bsp_can.o(i.can2_start) for can2_start
    main.o(i.main) refers to stm32f4xx_hal_uart.o(i.HAL_UART_Receive_DMA) for HAL_UART_Receive_DMA
    main.o(i.main) refers to stm32f4xx_hal_tim.o(i.HAL_TIM_Base_Start_IT) for HAL_TIM_Base_Start_IT
    main.o(i.main) refers to cmsis_os2.o(i.osKernelInitialize) for osKernelInitialize
    main.o(i.main) refers to freertos.o(i.MX_FREERTOS_Init) for MX_FREERTOS_Init
    main.o(i.main) refers to cmsis_os2.o(i.osKernelStart) for osKernelStart
    main.o(i.main) refers to usart.o(.bss) for huart6
    main.o(i.main) refers to robot.o(.bss) for uart6_test
    main.o(i.main) refers to tim.o(.bss) for htim4
    gpio.o(i.MX_GPIO_Init) refers to rt_memclr_w.o(.text) for __aeabi_memclr4
[...]
    __rt_lib_init_signal_1                   0x08000243   Thumb Code     0  libinit2.o(.ARM.Collect$$libinit$$0000001D)
    __rt_lib_init_stdio_1                    0x08000243   Thumb Code     0  libinit2.o(.ARM.Collect$$libinit$$00000025)
    __rt_lib_init_user_alloc_1               0x08000243   Thumb Code     0  libinit2.o(.ARM.Collect$$libinit$$0000000C)
    __rt_lib_shutdown                        0x08000245   Thumb Code     0  libshutdown.o(.ARM.Collect$$libshutdown$$00000000)
    __rt_lib_shutdown_cpp_1                  0x08000247   Thumb Code     0  libshutdown2.o(.ARM.Collect$$libshutdown$$00000004)
    __rt_lib_shutdown_fini_1                 0x08000247   Thumb Code     0  libshutdown2.o(.ARM.Collect$$libshutdown$$00000002)
    __rt_lib_shutdown_fp_trap_1              0x08000247   Thumb Code     0  libshutdown2.o(.ARM.Collect$$libshutdown$$00000009)
    __rt_lib_shutdown_heap_1                 0x08000247   Thumb Code     0  libshutdown2.o(.ARM.Collect$$libshutdown$$00000011)
    __rt_lib_shutdown_return                 0x08000247   Thumb Code     0  libshutdown2.o(.ARM.Collect$$libshutdown$$00000012)
    __rt_lib_shutdown_signal_1               0x08000247   Thumb Code     0  libshutdown2.o(.ARM.Collect$$libshutdown$$0000000C)
    __rt_lib_shutdown_stdio_1                0x08000247   Thumb Code     0  libshutdown2.o(.ARM.Collect$$libshutdown$$00000006)
    __rt_lib_shutdown_user_alloc_1           0x08000247   Thumb Code     0  libshutdown2.o(.ARM.Collect$$libshutdown$$0000000E)
    __rt_entry                               0x08000249   Thumb Code     0  __rtentry.o(.ARM.Collect$$rtentry$$00000000)
    __rt_entry_presh_1                       0x08000249   Thumb Code     0  __rtentry2.o(.ARM.Collect$$rtentry$$00000002)
    __rt_entry_sh                            0x08000249   Thumb Code     0  __rtentry4.o(.ARM.Collect$$rtentry$$00000004)
    __rt_entry_li                            0x0800024f   Thumb Code     0  __rtentry2.o(.ARM.Collect$$rtentry$$0000000A)
    __rt_entry_postsh_1                      0x0800024f   Thumb Code     0  __rtentry2.o(.ARM.Collect$$rtentry$$00000009)
    __rt_entry_main                          0x08000253   Thumb Code     0  __rtentry2.o(.ARM.Collect$$rtentry$$0000000D)
    __rt_entry_postli_1                      0x08000253   Thumb Code     0  __rtentry2.o(.ARM.Collect$$rtentry$$0000000C)
    __rt_exit                                0x0800025b   Thumb Code     0  rtexit.o(.ARM.Collect$$rtexit$$00000000)
    __rt_exit_ls                             0x0800025d   Thumb Code     0  rtexit2.o(.ARM.Collect$$rtexit$$00000003)
    __rt_exit_prels_1                        0x0800025d   Thumb Code     0  rtexit2.o(.ARM.Collect$$rtexit$$00000002)
    __rt_exit_exit                           0x08000261   Thumb Code     0  rtexit2.o(.ARM.Collect$$rtexit$$00000004)
    SVC_Handler                              0x08000269   Thumb Code    28  port.o(.emb_text)
    __asm___6_port_c_39a90d8d__prvStartFirstTask 0x08000289   Thumb Code    36  port.o(.emb_text)
    __asm___6_port_c_39a90d8d__prvEnableVFP  0x080002b1   Thumb Code    16  port.o(.emb_text)
    PendSV_Handler                           0x080002c5   Thumb Code    88  port.o(.emb_text)
    vPortGetIPSR                             0x08000321   Thumb Code     6  port.o(.emb_text)
    Reset_Handler                            0x08000329   Thumb Code     8  startup_stm32f407xx.o(.text)
    ADC_IRQHandler                           0x08000343   Thumb Code     0  startup_stm32f407xx.o(.text)
    CAN1_RX1_IRQHandler                      0x08000343   Thumb Code     0  startup_stm32f407xx.o(.text)
    CAN1_SCE_IRQHandler                      0x08000343   Thumb Code     0  startup_stm32f407xx.o(.text)
    CAN1_TX_IRQHandler                       0x08000343   Thumb Code     0  startup_stm32f407xx.o(.text)
    CAN2_RX1_IRQHandler                      0x08000343   Thumb Code     0  startup_stm32f407xx.o(.text)
    CAN2_SCE_IRQHandler                      0x08000343   Thumb Code     0  startup_stm32f407xx.o(.text)
    CAN2_TX_IRQHandler                       0x08000343   Thumb Code     0  startup_stm32f407xx.o(.text)
    DCMI_IRQHandler                          0x08000343   Thumb Code     0  startup_stm32f407xx.o(.text)
    DMA1_Stream0_IRQHandler                  0x08000343   Thumb Code     0  startup_stm32f407xx.o(.text)
    DMA1_Stream1_IRQHandler                  0x08000343   Thumb Code     0  startup_stm32f407xx.o(.text)
    DMA1_Stream2_IRQHandler                  0x08000343   Thumb Code     0  startup_stm32f407xx.o(.text)
    DMA1_Stream3_IRQHandler                  0x08000343   Thumb Code     0  startup_stm32f407xx.o(.text)
    DMA1_Stream4_IRQHandler                  0x08000343   Thumb Code     0  startup_stm32f407xx.o(.text)
    DMA1_Stream5_IRQHandler                  0x08000343   Thumb Code     0  startup_stm32f407xx.o(.text)
    DMA1_Stream6_IRQHandler                  0x08000343   Thumb Code     0  startup_stm32f407xx.o(.text)
    DMA1_Stream7_IRQHandler                  0x08000343   Thumb Code     0  startup_stm32f407xx.o(.text)
    DMA2_Stream0_IRQHandler                  0x08000343   Thumb Code     0  startup_stm32f407xx.o(.text)
    DMA2_Stream3_IRQHandler                  0x08000343   Thumb Code     0  startup_stm32f407xx.o(.text)
    DMA2_Stream4_IRQHandler                  0x08000343   Thumb Code     0  startup_stm32f407xx.o(.text)
    DMA2_Stream5_IRQHandler                  0x08000343   Thumb Code     0  startup_stm32f407xx.o(.text)
    ETH_IRQHandler                           0x08000343   Thumb Code     0  startup_stm32f407xx.o(.text)
    ETH_WKUP_IRQHandler                      0x08000343   Thumb Code     0  startup_stm32f407xx.o(.text)
    EXTI0_IRQHandler                         0x08000343   Thumb Code     0  startup_stm32f407xx.o(.text)
    EXTI15_10_IRQHandler                     0x08000343   Thumb Code     0  startup_stm32f407xx.o(.text)
    EXTI1_IRQHandler                         0x08000343   Thumb Code     0  startup_stm32f407xx.o(.text)
    EXTI2_IRQHandler                         0x08000343   Thumb Code     0  startup_stm32f407xx.o(.text)
    EXTI3_IRQHandler                         0x08000343   Thumb Code     0  startup_stm32f407xx.o(.text)
    EXTI4_IRQHandler                         0x08000343   Thumb Code     0  startup_stm32f407xx.o(.text)
    EXTI9_5_IRQHandler                       0x08000343   Thumb Code     0  startup_stm32f407xx.o(.text)
    FLASH_IRQHandler                         0x08000343   Thumb Code     0  startup_stm32f407xx.o(.text)
    FMC_IRQHandler                           0x08000343   Thumb Code     0  startup_stm32f407xx.o(.text)
    FPU_IRQHandler                           0x08000343   Thumb Code     0  startup_stm32f407xx.o(.text)
    HASH_RNG_IRQHandler                      0x08000343   Thumb Code     0  startup_stm32f407xx.o(.text)
    I2C1_ER_IRQHandler                       0x08000343   Thumb Code     0  startup_stm32f407xx.o(.text)
    I2C1_EV_IRQHandler                       0x08000343   Thumb Code     0  startup_stm32f407xx.o(.text)
    I2C2_ER_IRQHandler                       0x08000343   Thumb Code     0  startup_stm32f407xx.o(.text)
    I2C2_EV_IRQHandler                       0x08000343   Thumb Code     0  startup_stm32f407xx.o(.text)
    I2C3_ER_IRQHandler                       0x08000343   Thumb Code     0  startup_stm32f407xx.o(.text)
    I2C3_EV_IRQHandler                       0x08000343   Thumb Code     0  startup_stm32f407xx.o(.text)
    OTG_FS_IRQHandler                        0x08000343   Thumb Code     0  startup_stm32f407xx.o(.text)
    OTG_FS_WKUP_IRQHandler                   0x08000343   Thumb Code     0  startup_stm32f407xx.o(.text)
    OTG_HS_EP1_IN_IRQHandler                 0x08000343   Thumb Code     0  startup_stm32f407xx.o(.text)
    OTG_HS_EP1_OUT_IRQHandler                0x08000343   Thumb Code     0  startup_stm32f407xx.o(.text)
    OTG_HS_IRQHandler                        0x08000343   Thumb Code     0  startup_stm32f407xx.o(.text)
    OTG_HS_WKUP_IRQHandler                   0x08000343   Thumb Code     0  startup_stm32f407xx.o(.text)
    PVD_IRQHandler                           0x08000343   Thumb Code     0  startup_stm32f407xx.o(.text)
    RCC_IRQHandler                           0x08000343   Thumb Code     0  startup_stm32f407xx.o(.text)
    RTC_Alarm_IRQHandler                     0x08000343   Thumb Code     0  startup_stm32f407xx.o(.text)
    RTC_WKUP_IRQHandler                      0x08000343   Thumb Code     0  startup_stm32f407xx.o(.text)
    SDIO_IRQHandler                          0x08000343   Thumb Code     0  startup_stm32f407xx.o(.text)
    SPI1_IRQHandler                          0x08000343   Thumb Code     0  startup_stm32f407xx.o(.text)
    SPI3_IRQHandler                          0x08000343   Thumb Code     0  startup_stm32f407xx.o(.text)
    TAMP_STAMP_IRQHandler                    0x08000343   Thumb Code     0  startup_stm32f407xx.o(.text)
    TIM1_BRK_TIM9_IRQHandler                 0x08000343   Thumb Code     0  startup_stm32f407xx.o(.text)
    TIM1_CC_IRQHandler                       0x08000343   Thumb Code     0  startup_stm32f407xx.o(.text)
    TIM1_TRG_COM_TIM11_IRQHandler            0x08000343   Thumb Code     0  startup_stm32f407xx.o(.text)
    TIM1_UP_TIM10_IRQHandler                 0x08000343   Thumb Code     0  startup_stm32f407xx.o(.text)
    TIM2_IRQHandler                          0x08000343   Thumb Code     0  startup_stm32f407xx.o(.text)
    TIM3_IRQHandler                          0x08000343   Thumb Code     0  startup_stm32f407xx.o(.text)
    TIM6_DAC_IRQHandler                      0x08000343   Thumb Code     0  startup_stm32f407xx.o(.text)
    TIM7_IRQHandler                          0x08000343   Thumb Code     0  startup_stm32f407xx.o(.text)
    TIM8_BRK_TIM12_IRQHandler                0x08000343   Thumb Code     0  startup_stm32f407xx.o(.text)
    TIM8_CC_IRQHandler                       0x08000343   Thumb Code     0  startup_stm32f407xx.o(.text)
    TIM8_TRG_COM_TIM14_IRQHandler            0x08000343   Thumb Code     0  startup_stm32f407xx.o(.text)
    TIM8_UP_TIM13_IRQHandler                 0x08000343   Thumb Code     0  startup_stm32f407xx.o(.text)
    UART4_IRQHandler                         0x08000343   Thumb Code     0  startup_stm32f407xx.o(.text)
    UART5_IRQHandler                         0x08000343   Thumb Code     0  startup_stm32f407xx.o(.text)
    USART2_IRQHandler                        0x08000343   Thumb Code     0  startup_stm32f407xx.o(.text)
    USART3_IRQHandler                        0x08000343   Thumb Code     0  startup_stm32f407xx.o(.text)
    WWDG_IRQHandler                          0x08000343   Thumb Code     0  startup_stm32f407xx.o(.text)
    __user_initial_stackheap                 0x08000345   Thumb Code     0  startup_stm32f407xx.o(.text)
    __aeabi_uldivmod                         0x08000369   Thumb Code     0  lludivv7m.o(.text)
    _ll_udiv                                 0x08000369   Thumb Code   238  lludivv7m.o(.text)
    __aeabi_memcpy                           0x08000457   Thumb Code     0  rt_memcpy_v6.o(.text)
    __rt_memcpy                              0x08000457   Thumb Code   138  rt_memcpy_v6.o(.text)
    _memcpy_lastbytes                        0x080004bd   Thumb Code     0  rt_memcpy_v6.o(.text)
    __aeabi_memcpy4                          0x080004e1   Thumb Code     0  rt_memcpy_w.o(.text)
    __aeabi_memcpy8                          0x080004e1   Thumb Code     0  rt_memcpy_w.o(.text)
    __rt_memcpy_w                            0x080004e1   Thumb Code   100  rt_memcpy_w.o(.text)
    _memcpy_lastbytes_aligned                0x08000529   Thumb Code     0  rt_memcpy_w.o(.text)
    __aeabi_memset                           0x08000545   Thumb Code    16  aeabi_memset.o(.text)
    __aeabi_memclr4                          0x08000555   Thumb Code     0  rt_memclr_w.o(.text)
    __aeabi_memclr8                          0x08000555   Thumb Code     0  rt_memclr_w.o(.text)
    __rt_memclr_w                            0x08000555   Thumb Code    78  rt_memclr_w.o(.text)
    _memset_w                                0x08000559   Thumb Code     0  rt_memclr_w.o(.text)
    __use_two_region_memory                  0x080005a3   Thumb Code     2  heapauxi.o(.text)
    __rt_heap_escrow$2region                 0x080005a5   Thumb Code     2  heapauxi.o(.text)
    __rt_heap_expand$2region                 0x080005a7   Thumb Code     2  heapauxi.o(.text)
    __read_errno                             0x080005a9   Thumb Code    10  _rserrno.o(.text)
    __set_errno                              0x080005b3   Thumb Code    12  _rserrno.o(.text)
    __aeabi_memclr                           0x080005bf   Thumb Code     0  rt_memclr.o(.text)
    __rt_memclr                              0x080005bf   Thumb Code    68  rt_memclr.o(.text)
    _memset                                  0x080005c3   Thumb Code     0  rt_memclr.o(.text)
    __aeabi_errno_addr                       0x08000605   Thumb Code     8  rt_errno_addr_intlibspace.o(.text)
    __errno$intlibspace                      0x08000605   Thumb Code     0  rt_errno_addr_intlibspace.o(.text)
    __rt_errno_addr$intlibspace              0x08000605   Thumb Code     0  rt_errno_addr_intlibspace.o(.text)
    __user_libspace                          0x0800060d   Thumb Code     8  libspace.o(.text)
    __user_perproc_libspace                  0x0800060d   Thumb Code     0  libspace.o(.text)
    __user_perthread_libspace                0x0800060d   Thumb Code     0  libspace.o(.text)
    __user_setup_stackheap                   0x08000615   Thumb Code    74  sys_stackheap_outer.o(.text)
    exit                                     0x0800065f   Thumb Code    18  exit.o(.text)
    _sys_exit                                0x08000671   Thumb Code     8  sys_exit.o(.text)
    __I$use$semihosting                      0x0800067d   Thumb Code     0  use_no_semi.o(.text)
    __use_no_semihosting_swi                 0x0800067d   Thumb Code     2  use_no_semi.o(.text)
    BusFault_Handler                         0x0800067f   Thumb Code     2  stm32f4xx_it.o(i.BusFault_Handler)
    __semihosting_library_function           0x0800067f   Thumb Code     0  indicate_semi.o(.text)
    CAN1_FILTER_CONFIG                       0x08000681   Thumb Code    60  bsp_can.o(i.CAN1_FILTER_CONFIG)
    CAN1_RX0_IRQHandler                      0x080006c1   Thumb Code     6  stm32f4xx_it.o(i.CAN1_RX0_IRQHandler)
    CAN2_FILTER_CONFIG                       0x080006cd   Thumb Code    62  bsp_can.o(i.CAN2_FILTER_CONFIG)
    CAN2_RX0_IRQHandler                      0x08000711   Thumb Code     6  stm32f4xx_it.o(i.CAN2_RX0_IRQHandler)
    CAN_SendCurrent                          0x0800071d   Thumb Code    58  bsp_can.o(i.CAN_SendCurrent)
    CAN_Transmit                             0x08000757   Thumb Code   202  air_operated.o(i.CAN_Transmit)
    CANx_SendStdData                         0x08000821   Thumb Code    66  bsp_can.o(i.CANx_SendStdData)
    CalTD                                    0x08000869   Thumb Code   278  pid.o(i.CalTD)
    ClipFloat                                0x0800097f   Thumb Code    32  math_algorithm.o(i.ClipFloat)
    Communication_Task                       0x080009a1   Thumb Code    14  freertos.o(i.Communication_Task)
    DMA2_Stream1_IRQHandler                  0x080009b5   Thumb Code     6  stm32f4xx_it.o(i.DMA2_Stream1_IRQHandler)
    DMA2_Stream2_IRQHandler                  0x080009c1   Thumb Code     6  stm32f4xx_it.o(i.DMA2_Stream2_IRQHandler)
    DMA2_Stream6_IRQHandler                  0x080009cd   Thumb Code     6  stm32f4xx_it.o(i.DMA2_Stream6_IRQHandler)
    DMA2_Stream7_IRQHandler                  0x080009d9   Thumb Code     6  stm32f4xx_it.o(i.DMA2_Stream7_IRQHandler)
    DebugMon_Handler                         0x08000a89   Thumb Code     2  stm32f4xx_it.o(i.DebugMon_Handler)
    Dunk                                     0x08000a8d   Thumb Code   550  dunk.o(i.Dunk)
    Error_Handler                            0x08000d01   Thumb Code     4  main.o(i.Error_Handler)
    Fun_Task                                 0x08000d05   Thumb Code    70  freertos.o(i.Fun_Task)
    HAL_CAN_ActivateNotification             0x08000d5d   Thumb Code    36  stm32f4xx_hal_can.o(i.HAL_CAN_ActivateNotification)
    HAL_CAN_AddTxMessage                     0x08000d81   Thumb Code   208  stm32f4xx_hal_can.o(i.HAL_CAN_AddTxMessage)
    HAL_CAN_ConfigFilter                     0x08000e51   Thumb Code   262  stm32f4xx_hal_can.o(i.HAL_CAN_ConfigFilter)
    HAL_CAN_ErrorCallback                    0x08000f5d   Thumb Code     2  stm32f4xx_hal_can.o(i.HAL_CAN_ErrorCallback)
    HAL_CAN_GetRxMessage                     0x08000f5f   Thumb Code   244  stm32f4xx_hal_can.o(i.HAL_CAN_GetRxMessage)
    HAL_CAN_IRQHandler                       0x08001053   Thumb Code   508  stm32f4xx_hal_can.o(i.HAL_CAN_IRQHandler)
    HAL_CAN_Init                             0x0800124f   Thumb Code   282  stm32f4xx_hal_can.o(i.HAL_CAN_Init)
    HAL_CAN_MspInit                          0x08001369   Thumb Code   238  can.o(i.HAL_CAN_MspInit)
    HAL_CAN_RxFifo0FullCallback              0x0800146d   Thumb Code     2  stm32f4xx_hal_can.o(i.HAL_CAN_RxFifo0FullCallback)
    HAL_CAN_RxFifo0MsgPendingCallback        0x08001471   Thumb Code   638  bsp_can.o(i.HAL_CAN_RxFifo0MsgPendingCallback)
    HAL_CAN_RxFifo1FullCallback              0x08001735   Thumb Code     2  stm32f4xx_hal_can.o(i.HAL_CAN_RxFifo1FullCallback)
    HAL_CAN_RxFifo1MsgPendingCallback        0x08001737   Thumb Code     2  stm32f4xx_hal_can.o(i.HAL_CAN_RxFifo1MsgPendingCallback)
    HAL_CAN_SleepCallback                    0x08001739   Thumb Code     2  stm32f4xx_hal_can.o(i.HAL_CAN_SleepCallback)
    HAL_CAN_Start                            0x0800173d   Thumb Code    88  stm32f4xx_hal_can.o(i.HAL_CAN_Start)
    HAL_CAN_TxMailbox0AbortCallback          0x08001795   Thumb Code     2  stm32f4xx_hal_can.o(i.HAL_CAN_TxMailbox0AbortCallback)
    HAL_CAN_TxMailbox0CompleteCallback       0x08001797   Thumb Code     2  stm32f4xx_hal_can.o(i.HAL_CAN_TxMailbox0CompleteCallback)
    HAL_CAN_TxMailbox1AbortCallback          0x08001799   Thumb Code     2  stm32f4xx_hal_can.o(i.HAL_CAN_TxMailbox1AbortCallback)
    HAL_CAN_TxMailbox1CompleteCallback       0x0800179b   Thumb Code     2  stm32f4xx_hal_can.o(i.HAL_CAN_TxMailbox1CompleteCallback)
    HAL_CAN_TxMailbox2AbortCallback          0x0800179d   Thumb Code     2  stm32f4xx_hal_can.o(i.HAL_CAN_TxMailbox2AbortCallback)
    HAL_CAN_TxMailbox2CompleteCallback       0x0800179f   Thumb Code     2  stm32f4xx_hal_can.o(i.HAL_CAN_TxMailbox2CompleteCallback)
    HAL_CAN_WakeUpFromRxMsgCallback          0x080017a1   Thumb Code     2  stm32f4xx_hal_can.o(i.HAL_CAN_WakeUpFromRxMsgCallback)
    HAL_DMA_Abort                            0x080017a3   Thumb Code   146  stm32f4xx_hal_dma.o(i.HAL_DMA_Abort)
    HAL_DMA_Abort_IT                         0x08001835   Thumb Code    36  stm32f4xx_hal_dma.o(i.HAL_DMA_Abort_IT)
    HAL_DMA_IRQHandler                       0x08001859   Thumb Code   412  stm32f4xx_hal_dma.o(i.HAL_DMA_IRQHandler)
    HAL_DMA_Init                             0x080019f9   Thumb Code   206  stm32f4xx_hal_dma.o(i.HAL_DMA_Init)
    HAL_DMA_Start_IT                         0x08001acd   Thumb Code   110  stm32f4xx_hal_dma.o(i.HAL_DMA_Start_IT)
    HAL_GPIO_Init                            0x08001b3d   Thumb Code   450  stm32f4xx_hal_gpio.o(i.HAL_GPIO_Init)
    HAL_GPIO_WritePin                        0x08001d2d   Thumb Code    10  stm32f4xx_hal_gpio.o(i.HAL_GPIO_WritePin)
    HAL_GetTick                              0x08001d39   Thumb Code     6  stm32f4xx_hal.o(i.HAL_GetTick)
    HAL_IncTick                              0x08001d45   Thumb Code    12  stm32f4xx_hal.o(i.HAL_IncTick)
    HAL_Init                                 0x08001d55   Thumb Code    48  stm32f4xx_hal.o(i.HAL_Init)
    HAL_InitTick                             0x08001d89   Thumb Code   132  stm32f4xx_hal_timebase_tim.o(i.HAL_InitTick)
    HAL_MspInit                              0x08001e21   Thumb Code    52  stm32f4xx_hal_msp.o(i.HAL_MspInit)
    HAL_NVIC_EnableIRQ                       0x08001e59   Thumb Code    26  stm32f4xx_hal_cortex.o(i.HAL_NVIC_EnableIRQ)
    HAL_NVIC_SetPriority                     0x08001e75   Thumb Code    60  stm32f4xx_hal_cortex.o(i.HAL_NVIC_SetPriority)
    HAL_NVIC_SetPriorityGrouping             0x08001eb5   Thumb Code    26  stm32f4xx_hal_cortex.o(i.HAL_NVIC_SetPriorityGrouping)
    HAL_RCC_ClockConfig                      0x08001ed9   Thumb Code   288  stm32f4xx_hal_rcc.o(i.HAL_RCC_ClockConfig)
    HAL_RCC_GetClockConfig                   0x0800200d   Thumb Code    54  stm32f4xx_hal_rcc.o(i.HAL_RCC_GetClockConfig)
    HAL_RCC_GetPCLK1Freq                     0x0800204d   Thumb Code    20  stm32f4xx_hal_rcc.o(i.HAL_RCC_GetPCLK1Freq)
    HAL_RCC_GetPCLK2Freq                     0x0800206d   Thumb Code    20  stm32f4xx_hal_rcc.o(i.HAL_RCC_GetPCLK2Freq)
    HAL_RCC_GetSysClockFreq                  0x0800208d   Thumb Code    88  stm32f4xx_hal_rcc.o(i.HAL_RCC_GetSysClockFreq)
    HAL_RCC_OscConfig                        0x080020ed   Thumb Code   856  stm32f4xx_hal_rcc.o(i.HAL_RCC_OscConfig)
    HAL_SPI_ErrorCallback                    0x08002459   Thumb Code     2  stm32f4xx_hal_spi.o(i.HAL_SPI_ErrorCallback)
    HAL_SPI_IRQHandler                       0x0800245d   Thumb Code   246  stm32f4xx_hal_spi.o(i.HAL_SPI_IRQHandler)
    HAL_SPI_Init                             0x08002559   Thumb Code   188  stm32f4xx_hal_spi.o(i.HAL_SPI_Init)
    HAL_SPI_MspInit                          0x08002615   Thumb Code   110  spi.o(i.HAL_SPI_MspInit)
    HAL_TIMEx_BreakCallback                  0x08002691   Thumb Code     2  stm32f4xx_hal_tim_ex.o(i.HAL_TIMEx_BreakCallback)
    HAL_TIMEx_CommutCallback                 0x08002693   Thumb Code     2  stm32f4xx_hal_tim_ex.o(i.HAL_TIMEx_CommutCallback)
    HAL_TIMEx_MasterConfigSynchronization    0x08002695   Thumb Code   116  stm32f4xx_hal_tim_ex.o(i.HAL_TIMEx_MasterConfigSynchronization)
    HAL_TIM_Base_Init                        0x08002725   Thumb Code    90  stm32f4xx_hal_tim.o(i.HAL_TIM_Base_Init)
    HAL_TIM_Base_MspInit                     0x08002781   Thumb Code    50  tim.o(i.HAL_TIM_Base_MspInit)
    HAL_TIM_Base_Start_IT                    0x080027bd   Thumb Code   100  stm32f4xx_hal_tim.o(i.HAL_TIM_Base_Start_IT)
    HAL_TIM_ConfigClockSource                0x0800283d   Thumb Code   220  stm32f4xx_hal_tim.o(i.HAL_TIM_ConfigClockSource)
    HAL_TIM_IC_CaptureCallback               0x08002919   Thumb Code     2  stm32f4xx_hal_tim.o(i.HAL_TIM_IC_CaptureCallback)
    HAL_TIM_IRQHandler                       0x0800291b   Thumb Code   304  stm32f4xx_hal_tim.o(i.HAL_TIM_IRQHandler)
    HAL_TIM_OC_DelayElapsedCallback          0x08002a4b   Thumb Code     2  stm32f4xx_hal_tim.o(i.HAL_TIM_OC_DelayElapsedCallback)
    HAL_TIM_PWM_PulseFinishedCallback        0x08002a4d   Thumb Code     2  stm32f4xx_hal_tim.o(i.HAL_TIM_PWM_PulseFinishedCallback)
    HAL_TIM_PeriodElapsedCallback            0x08002a51   Thumb Code    14  main.o(i.HAL_TIM_PeriodElapsedCallback)
    HAL_TIM_TriggerCallback                  0x08002a65   Thumb Code     2  stm32f4xx_hal_tim.o(i.HAL_TIM_TriggerCallback)
    HAL_UARTEx_RxEventCallback               0x08002a67   Thumb Code     2  stm32f4xx_hal_uart.o(i.HAL_UARTEx_RxEventCallback)
    HAL_UART_DMAResume                       0x08002a69   Thumb Code   114  stm32f4xx_hal_uart.o(i.HAL_UART_DMAResume)
    HAL_UART_DMAStop                         0x08002adb   Thumb Code   112  stm32f4xx_hal_uart.o(i.HAL_UART_DMAStop)
    HAL_UART_ErrorCallback                   0x08002b4b   Thumb Code     2  stm32f4xx_hal_uart.o(i.HAL_UART_ErrorCallback)
    HAL_UART_IRQHandler                      0x08002b4d   Thumb Code   636  stm32f4xx_hal_uart.o(i.HAL_UART_IRQHandler)
    HAL_UART_Init                            0x08002dcd   Thumb Code   100  stm32f4xx_hal_uart.o(i.HAL_UART_Init)
    HAL_UART_MspInit                         0x08002e31   Thumb Code   374  usart.o(i.HAL_UART_MspInit)
    HAL_UART_Receive_DMA                     0x08002fc9   Thumb Code    28  stm32f4xx_hal_uart.o(i.HAL_UART_Receive_DMA)
    HAL_UART_RxCpltCallback                  0x08002fe5   Thumb Code     2  stm32f4xx_hal_uart.o(i.HAL_UART_RxCpltCallback)
    HAL_UART_RxHalfCpltCallback              0x08002fe7   Thumb Code     2  stm32f4xx_hal_uart.o(i.HAL_UART_RxHalfCpltCallback)
    HAL_UART_Transmit_DMA                    0x08002fe9   Thumb Code   120  stm32f4xx_hal_uart.o(i.HAL_UART_Transmit_DMA)
    HAL_UART_TxCpltCallback                  0x0800306d   Thumb Code     2  stm32f4xx_hal_uart.o(i.HAL_UART_TxCpltCallback)
    HAL_UART_TxHalfCpltCallback              0x0800306f   Thumb Code     2  stm32f4xx_hal_uart.o(i.HAL_UART_TxHalfCpltCallback)
    HardFault_Handler                        0x08003071   Thumb Code     2  stm32f4xx_it.o(i.HardFault_Handler)
    LESO_Order1                              0x08003073   Thumb Code   122  algorithm.o(i.LESO_Order1)
    Location_Task                            0x080030ed   Thumb Code     8  freertos.o(i.Location_Task)
    LpFilter                                 0x080030f5   Thumb Code    54  algorithm.o(i.LpFilter)
    Lwip_Task                                0x0800312b   Thumb Code     8  freertos.o(i.Lwip_Task)
    MX_CAN1_Init                             0x08003135   Thumb Code    58  can.o(i.MX_CAN1_Init)
    MX_CAN2_Init                             0x08003179   Thumb Code    58  can.o(i.MX_CAN2_Init)
    MX_DMA_Init                              0x080031bd   Thumb Code    88  dma.o(i.MX_DMA_Init)
    MX_FREERTOS_Init                         0x08003219   Thumb Code   116  freertos.o(i.MX_FREERTOS_Init)
    MX_GPIO_Init                             0x080032b5   Thumb Code   186  gpio.o(i.MX_GPIO_Init)
    MX_SPI2_Init                             0x0800337d   Thumb Code    62  spi.o(i.MX_SPI2_Init)
    MX_TIM4_Init                             0x080033c5   Thumb Code    96  tim.o(i.MX_TIM4_Init)
    MX_USART1_UART_Init                      0x0800342d   Thumb Code    48  usart.o(i.MX_USART1_UART_Init)
    MX_USART6_UART_Init                      0x08003465   Thumb Code    50  usart.o(i.MX_USART6_UART_Init)
    MemManage_Handler                        0x080034a5   Thumb Code     2  stm32f4xx_it.o(i.MemManage_Handler)
    Motor_Control                            0x080034a9   Thumb Code   340  freertos.o(i.Motor_Control)
    NMI_Handler                              0x08003629   Thumb Code     2  stm32f4xx_it.o(i.NMI_Handler)
    Navigation_Task                          0x0800362b   Thumb Code     8  freertos.o(i.Navigation_Task)
    PID_Calc                                 0x08003635   Thumb Code   216  pid.o(i.PID_Calc)
    PID_Calc_NEW                             0x08003711   Thumb Code   216  pid.o(i.PID_Calc_NEW)
    Remote_Control                           0x080037ed   Thumb Code     8  freertos.o(i.Remote_Control)
    SPI2_IRQHandler                          0x080037f5   Thumb Code     6  stm32f4xx_it.o(i.SPI2_IRQHandler)
    SendAirMsgByCan1                         0x08003811   Thumb Code    14  air_operated.o(i.SendAirMsgByCan1)
    Sgn                                      0x08003829   Thumb Code    34  pid.o(i.Sgn)
    SysTick_Handler                          0x0800384b   Thumb Code    26  cmsis_os2.o(i.SysTick_Handler)
    SystemClock_Config                       0x08003865   Thumb Code   138  main.o(i.SystemClock_Config)
    SystemInit                               0x080038f9   Thumb Code    12  system_stm32f4xx.o(i.SystemInit)
    System_Monitor                           0x08003909   Thumb Code    76  freertos.o(i.System_Monitor)
    TIM4_IRQHandler                          0x08003959   Thumb Code     6  stm32f4xx_it.o(i.TIM4_IRQHandler)
    TIM5_IRQHandler                          0x08003965   Thumb Code     6  stm32f4xx_it.o(i.TIM5_IRQHandler)
    TIM_Base_SetConfig                       0x08003971   Thumb Code   164  stm32f4xx_hal_tim.o(i.TIM_Base_SetConfig)
    TIM_ETR_SetConfig                        0x08003a41   Thumb Code    20  stm32f4xx_hal_tim.o(i.TIM_ETR_SetConfig)
    UART_Start_Receive_DMA                   0x08003e2d   Thumb Code   146  stm32f4xx_hal_uart.o(i.UART_Start_Receive_DMA)
    USART1_IRQHandler                        0x08003ecd   Thumb Code     6  stm32f4xx_it.o(i.USART1_IRQHandler)
    USART6_IRQHandler                        0x08003ed9   Thumb Code    76  stm32f4xx_it.o(i.USART6_IRQHandler)
    UsageFault_Handler                       0x08003f39   Thumb Code     2  stm32f4xx_it.o(i.UsageFault_Handler)
    __hardfp_sqrt                            0x08003f5b   Thumb Code   122  sqrt.o(i.__hardfp_sqrt)
    arm_motor_control                        0x08003fd5   Thumb Code    90  motor_control.o(i.arm_motor_control)
    can1_start                               0x0800404d   Thumb Code    26  bsp_can.o(i.can1_start)
    can2_start                               0x0800406d   Thumb Code    26  bsp_can.o(i.can2_start)
    crc32_core                               0x0800408d   Thumb Code    56  unitree_motor.o(i.crc32_core)
    extract                                  0x080040c9   Thumb Code   420  unitree_motor.o(i.extract)
    jump_motor_control                       0x080042a5   Thumb Code   126  motor_control.o(i.jump_motor_control)
    jump_motor_damp_mode                     0x08004329   Thumb Code    64  motor_control.o(i.jump_motor_damp_mode)
    jump_motor_pos_ctrl                      0x0800437d   Thumb Code    36  motor_control.o(i.jump_motor_pos_ctrl)
    jump_motor_pos_mode                      0x080043b5   Thumb Code   118  motor_control.o(i.jump_motor_pos_mode)
    main                                     0x08004441   Thumb Code    90  main.o(i.main)
    modify                                   0x080044a9   Thumb Code   368  unitree_motor.o(i.modify)
    motor_A1_cmd                             0x08004631   Thumb Code    64  unitree_motor.o(i.motor_A1_cmd)
    osDelay                                  0x0800467d   Thumb Code    26  cmsis_os2.o(i.osDelay)
    osKernelInitialize                       0x08004699   Thumb Code    32  cmsis_os2.o(i.osKernelInitialize)
    osKernelStart                            0x080046bd   Thumb Code    48  cmsis_os2.o(i.osKernelStart)
    osThreadNew                              0x080046f5   Thumb Code   138  cmsis_os2.o(i.osThreadNew)
    pvPortMalloc                             0x08004f15   Thumb Code   216  heap_4.o(i.pvPortMalloc)
    pxPortInitialiseStack                    0x08004ff1   Thumb Code    40  port.o(i.pxPortInitialiseStack)
    receive_motor_feedback                   0x0800501d   Thumb Code    98  unitree_motor.o(i.receive_motor_feedback)
    uxListRemove                             0x0800508d   Thumb Code    38  list.o(i.uxListRemove)
    vApplicationGetIdleTaskMemory            0x080050b5   Thumb Code    16  cmsis_os2.o(i.vApplicationGetIdleTaskMemory)
    vApplicationGetTimerTaskMemory           0x080050c9   Thumb Code    18  cmsis_os2.o(i.vApplicationGetTimerTaskMemory)
    vListInitialise                          0x080050e1   Thumb Code    22  list.o(i.vListInitialise)
    vListInitialiseItem                      0x080050f7   Thumb Code     6  list.o(i.vListInitialiseItem)
    vListInsert                              0x080050fd   Thumb Code    48  list.o(i.vListInsert)
    vListInsertEnd                           0x0800512d   Thumb Code    24  list.o(i.vListInsertEnd)
    vPortEnterCritical                       0x08005145   Thumb Code    54  port.o(i.vPortEnterCritical)
    vPortExitCritical                        0x08005185   Thumb Code    34  port.o(i.vPortExitCritical)
    vPortFree                                0x080051ad   Thumb Code    94  heap_4.o(i.vPortFree)
    vPortSetupTimerInterrupt                 0x08005211   Thumb Code    32  port.o(i.vPortSetupTimerInterrupt)
    vPortValidateInterruptPriority           0x08005235   Thumb Code    74  port.o(i.vPortValidateInterruptPriority)
    vQueueAddToRegistry                      0x08005289   Thumb Code    34  queue.o(i.vQueueAddToRegistry)
    vQueueWaitForMessageRestricted           0x080052b1   Thumb Code    68  queue.o(i.vQueueWaitForMessageRestricted)
    vTaskDelay                               0x080052f5   Thumb Code    66  tasks.o(i.vTaskDelay)
    vTaskInternalSetTimeOutState             0x08005341   Thumb Code    12  tasks.o(i.vTaskInternalSetTimeOutState)
    vTaskMissedYield                         0x08005351   Thumb Code     8  tasks.o(i.vTaskMissedYield)
    vTaskPlaceOnEventList                    0x0800535d   Thumb Code    44  tasks.o(i.vTaskPlaceOnEventList)
    vTaskPlaceOnEventListRestricted          0x0800538d   Thumb Code    52  tasks.o(i.vTaskPlaceOnEventListRestricted)
    vTaskStartScheduler                      0x080053c5   Thumb Code   118  tasks.o(i.vTaskStartScheduler)
    vTaskSuspendAll                          0x0800544d   Thumb Code    10  tasks.o(i.vTaskSuspendAll)
    vTaskSwitchContext                       0x0800545d   Thumb Code    90  tasks.o(i.vTaskSwitchContext)
    xPortStartScheduler                      0x080054c1   Thumb Code   222  port.o(i.xPortStartScheduler)
    xPortSysTickHandler                      0x080055b5   Thumb Code    38  port.o(i.xPortSysTickHandler)
    xQueueGenericCreateStatic                0x080055e1   Thumb Code   102  queue.o(i.xQueueGenericCreateStatic)
    xQueueGenericReset                       0x08005649   Thumb Code   132  queue.o(i.xQueueGenericReset)
    xQueueGenericSend                        0x080056d1   Thumb Code   346  queue.o(i.xQueueGenericSend)
    xQueueGenericSendFromISR                 0x08005831   Thumb Code   190  queue.o(i.xQueueGenericSendFromISR)
    xQueueReceive                            0x080058f1   Thumb Code   308  queue.o(i.xQueueReceive)
    xTaskCheckForTimeOut                     0x08005a29   Thumb Code   112  tasks.o(i.xTaskCheckForTimeOut)
    xTaskCreate                              0x08005a9d   Thumb Code    90  tasks.o(i.xTaskCreate)
    xTaskCreateStatic                        0x08005af7   Thumb Code    86  tasks.o(i.xTaskCreateStatic)
    xTaskGetSchedulerState                   0x08005b4d   Thumb Code    22  tasks.o(i.xTaskGetSchedulerState)
    xTaskGetTickCount                        0x08005b69   Thumb Code     6  tasks.o(i.xTaskGetTickCount)
    xTaskIncrementTick                       0x08005b75   Thumb Code   192  tasks.o(i.xTaskIncrementTick)
    xTaskPriorityDisinherit                  0x08005c3d   Thumb Code   118  tasks.o(i.xTaskPriorityDisinherit)
    xTaskRemoveFromEventList                 0x08005cbd   Thumb Code    98  tasks.o(i.xTaskRemoveFromEventList)
    xTaskResumeAll                           0x08005d2d   Thumb Code   182  tasks.o(i.xTaskResumeAll)
    xTimerCreateTimerTask                    0x08005df1   Thumb Code    78  timers.o(i.xTimerCreateTimerTask)
    xTimerGenericCommand                     0x08005e51   Thumb Code    98  timers.o(i.xTimerGenericCommand)
    __aeabi_d2f                              0x08005eb9   Thumb Code     0  d2f.o(x$fpl$d2f)
    _d2f                                     0x08005eb9   Thumb Code    98  d2f.o(x$fpl$d2f)
    __aeabi_dadd                             0x08005f1d   Thumb Code     0  daddsub_clz.o(x$fpl$dadd)
    _dadd                                    0x08005f1d   Thumb Code   332  daddsub_clz.o(x$fpl$dadd)
    __aeabi_i2d                              0x0800606d   Thumb Code     0  dflt_clz.o(x$fpl$dflt)
    _dflt                                    0x0800606d   Thumb Code    46  dflt_clz.o(x$fpl$dflt)
    __aeabi_dmul                             0x0800609d   Thumb Code     0  dmul.o(x$fpl$dmul)
    _dmul                                    0x0800609d   Thumb Code   332  dmul.o(x$fpl$dmul)
    __fpl_dnaninf                            0x080061f1   Thumb Code   156  dnaninf.o(x$fpl$dnaninf)
    __fpl_dretinf                            0x0800628d   Thumb Code    12  dretinf.o(x$fpl$dretinf)
    _dsqrt                                   0x08006299   Thumb Code   404  dsqrt_umaal.o(x$fpl$dsqrt)
    __aeabi_dsub                             0x08006431   Thumb Code     0  daddsub_clz.o(x$fpl$dsub)
    _dsub                                    0x08006431   Thumb Code   464  daddsub_clz.o(x$fpl$dsub)
    __aeabi_f2d                              0x08006605   Thumb Code     0  f2d.o(x$fpl$f2d)
    _f2d                                     0x08006605   Thumb Code    86  f2d.o(x$fpl$f2d)
    __fpl_fnaninf                            0x0800665b   Thumb Code   140  fnaninf.o(x$fpl$fnaninf)
    _fp_init                                 0x080066e7   Thumb Code    10  fpinit.o(x$fpl$fpinit)
    __fplib_config_fpu_vfp                   0x080066ef   Thumb Code     0  fpinit.o(x$fpl$fpinit)
    __fplib_config_pureend_doubles           0x080066ef   Thumb Code     0  fpinit.o(x$fpl$fpinit)
    __fpl_fretinf                            0x080066f1   Thumb Code    10  fretinf.o(x$fpl$fretinf)
    __I$use$fp                               0x080066fa   Number         0  usenofp.o(x$fpl$usenofp)
    LWIP_TASK_attributes                     0x080066fc   Data          36  freertos.o(.constdata)
    SYSTEM_attributes                        0x08006720   Data          36  freertos.o(.constdata)
    LOCATION_attributes                      0x08006744   Data          36  freertos.o(.constdata)
    NAVIGATION_attributes                    0x08006768   Data          36  freertos.o(.constdata)
    MOTOR_CONTROL_attributes                 0x0800678c   Data          36  freertos.o(.constdata)
    REMOTE_CONTROL_attributes                0x080067b0   Data          36  freertos.o(.constdata)
    FUN_TASK_attributes                      0x080067d4   Data          36  freertos.o(.constdata)
    COMMUNICATION_attributes                 0x080067f8   Data          36  freertos.o(.constdata)
    AHBPrescTable                            0x08006824   Data          16  system_stm32f4xx.o(.constdata)
    APBPrescTable                            0x08006834   Data           8  system_stm32f4xx.o(.constdata)
    Region$$Table$$Base                      0x080068a4   Number         0  anon$$obj.o(Region$$Table)
    Region$$Table$$Limit                     0x080068c4   Number         0  anon$$obj.o(Region$$Table)
    LWIP_TASKHandle                          0x20000000   Data           4  freertos.o(.data)
    SYSTEMHandle                             0x20000004   Data           4  freertos.o(.data)
    LOCATIONHandle                           0x20000008   Data           4  freertos.o(.data)
    NAVIGATIONHandle                         0x2000000c   Data           4  freertos.o(.data)
    MOTOR_CONTROLHandle                      0x20000010   Data           4  freertos.o(.data)
    REMOTE_CONTROLHandle                     0x20000014   Data           4  freertos.o(.data)
    FUN_TASKHandle                           0x20000018   Data           4  freertos.o(.data)
    COMMUNICATIONHandle                      0x2000001c   Data           4  freertos.o(.data)
    uart6_temp                               0x20000024   Data           4  stm32f4xx_it.o(.data)
    uwTickFreq                               0x20000028   Data           1  stm32f4xx_hal.o(.data)
    uwTickPrio                               0x2000002c   Data           4  stm32f4xx_hal.o(.data)
    uwTick                                   0x20000030   Data           4  stm32f4xx_hal.o(.data)
    SystemCoreClock                          0x20000034   Data           4  system_stm32f4xx.o(.data)
    pxCurrentTCB                             0x20000038   Data           4  tasks.o(.data)
    RxMsg_CAN1                               0x200000b8   Data           8  bsp_can.o(.data)
    RxMsg_CAN2                               0x200000c0   Data           8  bsp_can.o(.data)
    g_uiAirValve                             0x200000c8   Data           4  air_operated.o(.data)
    degreeA                                  0x20000140   Data           4  robot.o(.data)
    degreeB                                  0x20000144   Data           4  robot.o(.data)
    chassis_run                              0x20000148   Data         308  robot.o(.data)
    nav                                      0x2000027c   Data         284  robot.o(.data)
    wheel_encoder_velt_filter                0x20000398   Data          80  robot.o(.data)
    Motor_A1                                 0x200003e8   Data         100  robot.o(.data)
    A1_TD                                    0x2000044c   Data          28  robot.o(.data)
    left_xc5000_motor                        0x20000468   Data         308  robot.o(.data)
    right_xc5000_motor                       0x2000059c   Data         308  robot.o(.data)
    left_4219_motor                          0x200006d0   Data         308  robot.o(.data)
    right_4219_motor                         0x20000804   Data         308  robot.o(.data)
    A1_target_pos                            0x20000938   Data           4  robot.o(.data)
    jump_con_delta_pos                       0x2000093c   Data           4  robot.o(.data)
    Dunk_State                               0x20000940   Data           1  robot.o(.data)
    Suction_State                            0x20000941   Data           1  robot.o(.data)
    dunk_flag                                0x20000942   Data           1  robot.o(.data)
    pos_mode_flag                            0x20000943   Data           1  robot.o(.data)
    damp_mode_flag                           0x20000944   Data           1  robot.o(.data)
    start_from_dunk                          0x20000948   Data           1  dunk.o(.data)
    start_from_dunk_LAND                     0x20000949   Data           1  dunk.o(.data)
    Time_dunk                                0x2000094c   Data           4  dunk.o(.data)
    Time_dunk_LAND                           0x20000950   Data           4  dunk.o(.data)
    hcan1                                    0x20000954   Data          40  can.o(.bss)
    hcan2                                    0x2000097c   Data          40  can.o(.bss)
    hspi2                                    0x200009a4   Data          88  spi.o(.bss)
    htim4                                    0x200009fc   Data          72  tim.o(.bss)
    huart1                                   0x20000a44   Data          72  usart.o(.bss)
    huart6                                   0x20000a8c   Data          72  usart.o(.bss)
    hdma_usart1_rx                           0x20000ad4   Data          96  usart.o(.bss)
    hdma_usart1_tx                           0x20000b34   Data          96  usart.o(.bss)
    hdma_usart6_rx                           0x20000b94   Data          96  usart.o(.bss)
    hdma_usart6_tx                           0x20000bf4   Data          96  usart.o(.bss)
    htim5                                    0x20000c54   Data          72  stm32f4xx_hal_timebase_tim.o(.bss)
    xQueueRegistry                           0x20000c9c   Data          64  queue.o(.bss)
    system_monitor                           0x20009988   Data          88  robot.o(.bss)
    leftup_motor                             0x200099e0   Data          72  robot.o(.bss)
    leftdown_motor                           0x20009a28   Data          72  robot.o(.bss)
    rightup_motor                            0x20009a70   Data          72  robot.o(.bss)
    rightdown_motor                          0x20009ab8   Data          72  robot.o(.bss)
    uart6_test                               0x20009b00   Data         200  robot.o(.bss)
    expect_robot_local_Velt                  0x20009bc8   Data          24  chassis.o(.bss)
    straight_des                             0x20009be0   Data          16  chassis.o(.bss)
    rotation_des                             0x20009bf0   Data          16  chassis.o(.bss)
    friction_compensation_current            0x20009c00   Data          16  chassis.o(.bss)
    feed_forward_current                     0x20009c10   Data          16  chassis.o(.bss)
    pre_straight_speed_fpDes                 0x20009c20   Data          16  chassis.o(.bss)
    now_straight_speed_fpDes                 0x20009c30   Data          16  chassis.o(.bss)
    __libspace_start                         0x20009c40   Data          96  libspace.o(.bss)
    __temporary_stack_top$libspace           0x20009ca0   Data           0  libspace.o(.bss)



==============================================================================

Memory Map of the image

  Image Entry point : 0x08000189

  Load Region LR_IROM1 (Base: 0x08000000, Size: 0x00007218, Max: 0x00100000, ABSOLUTE, COMPRESSED[0x00006a68])

    Execution Region ER_IROM1 (Exec base: 0x08000000, Load base: 0x08000000, Size: 0x000068c4, Max: 0x00100000, ABSOLUTE)

    Exec Addr    Load Addr    Size         Type   Attr      Idx    E Section Name        Object

    0x08000000   0x08000000   0x00000188   Data   RO            3    RESET               startup_stm32f407xx.o
    0x08000188   0x08000188   0x00000008   Code   RO         6817  * !!!main             c_w.l(__main.o)
    0x08000190   0x08000190   0x00000034   Code   RO         7260    !!!scatter          c_w.l(__scatter.o)
    0x080001c4   0x080001c4   0x0000005a   Code   RO         7258    !!dczerorl2         c_w.l(__dczerorl2.o)
    0x0800021e   0x0800021e   0x00000002   PAD
    0x08000220   0x08000220   0x0000001c   Code   RO         7262    !!handler_zi        c_w.l(__scatter_zi.o)
    0x0800023c   0x0800023c   0x00000002   Code   RO         7125    .ARM.Collect$$libinit$$00000000  c_w.l(libinit.o)
    0x0800023e   0x0800023e   0x00000004   Code   RO         7136    .ARM.Collect$$libinit$$00000001  c_w.l(libinit2.o)
    0x08000242   0x08000242   0x00000000   Code   RO         7139    .ARM.Collect$$libinit$$00000004  c_w.l(libinit2.o)
    0x08000242   0x08000242   0x00000000   Code   RO         7142    .ARM.Collect$$libinit$$0000000A  c_w.l(libinit2.o)
    0x08000242   0x08000242   0x00000000   Code   RO         7144    .ARM.Collect$$libinit$$0000000C  c_w.l(libinit2.o)
    0x08000242   0x08000242   0x00000000   Code   RO         7146    .ARM.Collect$$libinit$$0000000E  c_w.l(libinit2.o)
    0x08000242   0x08000242   0x00000000   Code   RO         7149    .ARM.Collect$$libinit$$00000011  c_w.l(libinit2.o)
    0x08000242   0x08000242   0x00000000   Code   RO         7151    .ARM.Collect$$libinit$$00000013  c_w.l(libinit2.o)
    0x08000242   0x08000242   0x00000000   Code   RO         7153    .ARM.Collect$$libinit$$00000015  c_w.l(libinit2.o)
    0x08000242   0x08000242   0x00000000   Code   RO         7155    .ARM.Collect$$libinit$$00000017  c_w.l(libinit2.o)
    0x08000242   0x08000242   0x00000000   Code   RO         7157    .ARM.Collect$$libinit$$00000019  c_w.l(libinit2.o)
    0x08000242   0x08000242   0x00000000   Code   RO         7159    .ARM.Collect$$libinit$$0000001B  c_w.l(libinit2.o)
    0x08000242   0x08000242   0x00000000   Code   RO         7161    .ARM.Collect$$libinit$$0000001D  c_w.l(libinit2.o)
    0x08000242   0x08000242   0x00000000   Code   RO         7163    .ARM.Collect$$libinit$$0000001F  c_w.l(libinit2.o)
    0x08000242   0x08000242   0x00000000   Code   RO         7165    .ARM.Collect$$libinit$$00000021  c_w.l(libinit2.o)
    0x08000242   0x08000242   0x00000000   Code   RO         7167    .ARM.Collect$$libinit$$00000023  c_w.l(libinit2.o)
    0x08000242   0x08000242   0x00000000   Code   RO         7169    .ARM.Collect$$libinit$$00000025  c_w.l(libinit2.o)
    0x08000242   0x08000242   0x00000000   Code   RO         7173    .ARM.Collect$$libinit$$0000002C  c_w.l(libinit2.o)
    0x08000242   0x08000242   0x00000000   Code   RO         7175    .ARM.Collect$$libinit$$0000002E  c_w.l(libinit2.o)
    0x08000242   0x08000242   0x00000000   Code   RO         7177    .ARM.Collect$$libinit$$00000030  c_w.l(libinit2.o)
    0x08000242   0x08000242   0x00000000   Code   RO         7179    .ARM.Collect$$libinit$$00000032  c_w.l(libinit2.o)
    0x08000242   0x08000242   0x00000002   Code   RO         7180    .ARM.Collect$$libinit$$00000033  c_w.l(libinit2.o)
    0x08000244   0x08000244   0x00000002   Code   RO         7213    .ARM.Collect$$libshutdown$$00000000  c_w.l(libshutdown.o)
    0x08000246   0x08000246   0x00000000   Code   RO         7239    .ARM.Collect$$libshutdown$$00000002  c_w.l(libshutdown2.o)
    0x08000246   0x08000246   0x00000000   Code   RO         7241    .ARM.Collect$$libshutdown$$00000004  c_w.l(libshutdown2.o)
    0x08000246   0x08000246   0x00000000   Code   RO         7243    .ARM.Collect$$libshutdown$$00000006  c_w.l(libshutdown2.o)
    0x08000246   0x08000246   0x00000000   Code   RO         7246    .ARM.Collect$$libshutdown$$00000009  c_w.l(libshutdown2.o)
    0x08000246   0x08000246   0x00000000   Code   RO         7249    .ARM.Collect$$libshutdown$$0000000C  c_w.l(libshutdown2.o)
    0x08000246   0x08000246   0x00000000   Code   RO         7251    .ARM.Collect$$libshutdown$$0000000E  c_w.l(libshutdown2.o)
    0x08000246   0x08000246   0x00000000   Code   RO         7254    .ARM.Collect$$libshutdown$$00000011  c_w.l(libshutdown2.o)
    0x08000246   0x08000246   0x00000002   Code   RO         7255    .ARM.Collect$$libshutdown$$00000012  c_w.l(libshutdown2.o)
    0x08000248   0x08000248   0x00000000   Code   RO         6989    .ARM.Collect$$rtentry$$00000000  c_w.l(__rtentry.o)
    0x08000248   0x08000248   0x00000000   Code   RO         7082    .ARM.Collect$$rtentry$$00000002  c_w.l(__rtentry2.o)
    0x08000248   0x08000248   0x00000006   Code   RO         7094    .ARM.Collect$$rtentry$$00000004  c_w.l(__rtentry4.o)
    0x0800024e   0x0800024e   0x00000000   Code   RO         7084    .ARM.Collect$$rtentry$$00000009  c_w.l(__rtentry2.o)
    0x0800024e   0x0800024e   0x00000004   Code   RO         7085    .ARM.Collect$$rtentry$$0000000A  c_w.l(__rtentry2.o)
    0x08000252   0x08000252   0x00000000   Code   RO         7087    .ARM.Collect$$rtentry$$0000000C  c_w.l(__rtentry2.o)
    0x08000252   0x08000252   0x00000008   Code   RO         7088    .ARM.Collect$$rtentry$$0000000D  c_w.l(__rtentry2.o)
    0x0800025a   0x0800025a   0x00000002   Code   RO         7128    .ARM.Collect$$rtexit$$00000000  c_w.l(rtexit.o)
    0x0800025c   0x0800025c   0x00000000   Code   RO         7186    .ARM.Collect$$rtexit$$00000002  c_w.l(rtexit2.o)
    0x0800025c   0x0800025c   0x00000004   Code   RO         7187    .ARM.Collect$$rtexit$$00000003  c_w.l(rtexit2.o)
    0x08000260   0x08000260   0x00000006   Code   RO         7188    .ARM.Collect$$rtexit$$00000004  c_w.l(rtexit2.o)
    0x08000266   0x08000266   0x00000002   PAD
    0x08000268   0x08000268   0x000000be   Code   RO         5536    .emb_text           port.o
    0x08000326   0x08000326   0x00000002   PAD
    0x08000328   0x08000328   0x00000040   Code   RO            4    .text               startup_stm32f407xx.o
    0x08000368   0x08000368   0x000000ee   Code   RO         6803    .text               c_w.l(lludivv7m.o)
    0x08000456   0x08000456   0x0000008a   Code   RO         6805    .text               c_w.l(rt_memcpy_v6.o)
    0x080004e0   0x080004e0   0x00000064   Code   RO         6807    .text               c_w.l(rt_memcpy_w.o)
    0x08000544   0x08000544   0x00000010   Code   RO         6811    .text               c_w.l(aeabi_memset.o)
    0x08000554   0x08000554   0x0000004e   Code   RO         6813    .text               c_w.l(rt_memclr_w.o)
    0x080005a2   0x080005a2   0x00000006   Code   RO         6815    .text               c_w.l(heapauxi.o)
    0x080005a8   0x080005a8   0x00000016   Code   RO         6994    .text               c_w.l(_rserrno.o)
    0x080005be   0x080005be   0x00000044   Code   RO         6996    .text               c_w.l(rt_memclr.o)
    0x08000602   0x08000602   0x00000002   PAD
    0x08000604   0x08000604   0x00000008   Code   RO         7101    .text               c_w.l(rt_errno_addr_intlibspace.o)
    0x0800060c   0x0800060c   0x00000008   Code   RO         7109    .text               c_w.l(libspace.o)
    0x08000614   0x08000614   0x0000004a   Code   RO         7112    .text               c_w.l(sys_stackheap_outer.o)
    0x0800065e   0x0800065e   0x00000012   Code   RO         7114    .text               c_w.l(exit.o)
    0x08000670   0x08000670   0x0000000c   Code   RO         7183    .text               c_w.l(sys_exit.o)
    0x0800067c   0x0800067c   0x00000002   Code   RO         7202    .text               c_w.l(use_no_semi.o)
    0x0800067e   0x0800067e   0x00000000   Code   RO         7204    .text               c_w.l(indicate_semi.o)
    0x0800067e   0x0800067e   0x00000002   Code   RO          588    i.BusFault_Handler  stm32f4xx_it.o
    0x08000680   0x08000680   0x00000040   Code   RO         5617    i.CAN1_FILTER_CONFIG  bsp_can.o
    0x080006c0   0x080006c0   0x0000000c   Code   RO          589    i.CAN1_RX0_IRQHandler  stm32f4xx_it.o
    0x080006cc   0x080006cc   0x00000044   Code   RO         5618    i.CAN2_FILTER_CONFIG  bsp_can.o
    0x08000710   0x08000710   0x0000000c   Code   RO          590    i.CAN2_RX0_IRQHandler  stm32f4xx_it.o
    0x0800071c   0x0800071c   0x0000003a   Code   RO         5619    i.CAN_SendCurrent   bsp_can.o
    0x08000756   0x08000756   0x000000ca   Code   RO         5850    i.CAN_Transmit      air_operated.o
    0x08000820   0x08000820   0x00000048   Code   RO         5620    i.CANx_SendStdData  bsp_can.o
    0x08000868   0x08000868   0x00000116   Code   RO         6345    i.CalTD             pid.o
    0x0800097e   0x0800097e   0x00000020   Code   RO         6405    i.ClipFloat         math_algorithm.o
    0x0800099e   0x0800099e   0x00000002   PAD
    0x080009a0   0x080009a0   0x00000014   Code   RO          261    i.Communication_Task  freertos.o
    0x080009b4   0x080009b4   0x0000000c   Code   RO          591    i.DMA2_Stream1_IRQHandler  stm32f4xx_it.o
    0x080009c0   0x080009c0   0x0000000c   Code   RO          592    i.DMA2_Stream2_IRQHandler  stm32f4xx_it.o
    0x080009cc   0x080009cc   0x0000000c   Code   RO          593    i.DMA2_Stream6_IRQHandler  stm32f4xx_it.o
    0x080009d8   0x080009d8   0x0000000c   Code   RO          594    i.DMA2_Stream7_IRQHandler  stm32f4xx_it.o
    0x080009e4   0x080009e4   0x00000028   Code   RO         2444    i.DMA_CalcBaseAndBitshift  stm32f4xx_hal_dma.o
    0x08000a0c   0x08000a0c   0x00000054   Code   RO         2445    i.DMA_CheckFifoParam  stm32f4xx_hal_dma.o
    0x08000a60   0x08000a60   0x00000028   Code   RO         2446    i.DMA_SetConfig     stm32f4xx_hal_dma.o
    0x08000a88   0x08000a88   0x00000002   Code   RO          595    i.DebugMon_Handler  stm32f4xx_it.o
    0x08000a8a   0x08000a8a   0x00000002   PAD
    0x08000a8c   0x08000a8c   0x00000274   Code   RO         6774    i.Dunk              dunk.o
    0x08000d00   0x08000d00   0x00000004   Code   RO           13    i.Error_Handler     main.o
    0x08000d04   0x08000d04   0x00000058   Code   RO          262    i.Fun_Task          freertos.o
    0x08000d5c   0x08000d5c   0x00000024   Code   RO         1752    i.HAL_CAN_ActivateNotification  stm32f4xx_hal_can.o
    0x08000d80   0x08000d80   0x000000d0   Code   RO         1753    i.HAL_CAN_AddTxMessage  stm32f4xx_hal_can.o
    0x08000e50   0x08000e50   0x0000010c   Code   RO         1754    i.HAL_CAN_ConfigFilter  stm32f4xx_hal_can.o
    0x08000f5c   0x08000f5c   0x00000002   Code   RO         1757    i.HAL_CAN_ErrorCallback  stm32f4xx_hal_can.o
    0x08000f5e   0x08000f5e   0x000000f4   Code   RO         1760    i.HAL_CAN_GetRxMessage  stm32f4xx_hal_can.o
    0x08001052   0x08001052   0x000001fc   Code   RO         1764    i.HAL_CAN_IRQHandler  stm32f4xx_hal_can.o
    0x0800124e   0x0800124e   0x0000011a   Code   RO         1765    i.HAL_CAN_Init      stm32f4xx_hal_can.o
    0x08001368   0x08001368   0x00000104   Code   RO          384    i.HAL_CAN_MspInit   can.o
    0x0800146c   0x0800146c   0x00000002   Code   RO         1772    i.HAL_CAN_RxFifo0FullCallback  stm32f4xx_hal_can.o
    0x0800146e   0x0800146e   0x00000002   PAD
    0x08001470   0x08001470   0x000002c4   Code   RO         5627    i.HAL_CAN_RxFifo0MsgPendingCallback  bsp_can.o
    0x08001734   0x08001734   0x00000002   Code   RO         1774    i.HAL_CAN_RxFifo1FullCallback  stm32f4xx_hal_can.o
    0x08001736   0x08001736   0x00000002   Code   RO         1775    i.HAL_CAN_RxFifo1MsgPendingCallback  stm32f4xx_hal_can.o
    0x08001738   0x08001738   0x00000002   Code   RO         1776    i.HAL_CAN_SleepCallback  stm32f4xx_hal_can.o
    0x0800173a   0x0800173a   0x00000002   PAD
    0x0800173c   0x0800173c   0x00000058   Code   RO         1777    i.HAL_CAN_Start     stm32f4xx_hal_can.o
    0x08001794   0x08001794   0x00000002   Code   RO         1779    i.HAL_CAN_TxMailbox0AbortCallback  stm32f4xx_hal_can.o
    0x08001796   0x08001796   0x00000002   Code   RO         1780    i.HAL_CAN_TxMailbox0CompleteCallback  stm32f4xx_hal_can.o
    0x08001798   0x08001798   0x00000002   Code   RO         1781    i.HAL_CAN_TxMailbox1AbortCallback  stm32f4xx_hal_can.o
    0x0800179a   0x0800179a   0x00000002   Code   RO         1782    i.HAL_CAN_TxMailbox1CompleteCallback  stm32f4xx_hal_can.o
    0x0800179c   0x0800179c   0x00000002   Code   RO         1783    i.HAL_CAN_TxMailbox2AbortCallback  stm32f4xx_hal_can.o
    0x0800179e   0x0800179e   0x00000002   Code   RO         1784    i.HAL_CAN_TxMailbox2CompleteCallback  stm32f4xx_hal_can.o
    0x080017a0   0x080017a0   0x00000002   Code   RO         1786    i.HAL_CAN_WakeUpFromRxMsgCallback  stm32f4xx_hal_can.o
    0x080017a2   0x080017a2   0x00000092   Code   RO         2447    i.HAL_DMA_Abort     stm32f4xx_hal_dma.o
    0x08001834   0x08001834   0x00000024   Code   RO         2448    i.HAL_DMA_Abort_IT  stm32f4xx_hal_dma.o
    0x08001858   0x08001858   0x000001a0   Code   RO         2452    i.HAL_DMA_IRQHandler  stm32f4xx_hal_dma.o
    0x080019f8   0x080019f8   0x000000d4   Code   RO         2453    i.HAL_DMA_Init      stm32f4xx_hal_dma.o
    0x08001acc   0x08001acc   0x0000006e   Code   RO         2457    i.HAL_DMA_Start_IT  stm32f4xx_hal_dma.o
    0x08001b3a   0x08001b3a   0x00000002   PAD
    0x08001b3c   0x08001b3c   0x000001f0   Code   RO         2340    i.HAL_GPIO_Init     stm32f4xx_hal_gpio.o
    0x08001d2c   0x08001d2c   0x0000000a   Code   RO         2344    i.HAL_GPIO_WritePin  stm32f4xx_hal_gpio.o
    0x08001d36   0x08001d36   0x00000002   PAD
    0x08001d38   0x08001d38   0x0000000c   Code   RO         2890    i.HAL_GetTick       stm32f4xx_hal.o
    0x08001d44   0x08001d44   0x00000010   Code   RO         2896    i.HAL_IncTick       stm32f4xx_hal.o
    0x08001d54   0x08001d54   0x00000034   Code   RO         2897    i.HAL_Init          stm32f4xx_hal.o
    0x08001d88   0x08001d88   0x00000098   Code   RO          739    i.HAL_InitTick      stm32f4xx_hal_timebase_tim.o
    0x08001e20   0x08001e20   0x00000038   Code   RO          715    i.HAL_MspInit       stm32f4xx_hal_msp.o
    0x08001e58   0x08001e58   0x0000001a   Code   RO         2732    i.HAL_NVIC_EnableIRQ  stm32f4xx_hal_cortex.o
    0x08001e72   0x08001e72   0x00000002   PAD
    0x08001e74   0x08001e74   0x00000040   Code   RO         2738    i.HAL_NVIC_SetPriority  stm32f4xx_hal_cortex.o
    0x08001eb4   0x08001eb4   0x00000024   Code   RO         2739    i.HAL_NVIC_SetPriorityGrouping  stm32f4xx_hal_cortex.o
    0x08001ed8   0x08001ed8   0x00000134   Code   RO         1986    i.HAL_RCC_ClockConfig  stm32f4xx_hal_rcc.o
    0x0800200c   0x0800200c   0x00000040   Code   RO         1990    i.HAL_RCC_GetClockConfig  stm32f4xx_hal_rcc.o
    0x0800204c   0x0800204c   0x00000020   Code   RO         1993    i.HAL_RCC_GetPCLK1Freq  stm32f4xx_hal_rcc.o
    0x0800206c   0x0800206c   0x00000020   Code   RO         1994    i.HAL_RCC_GetPCLK2Freq  stm32f4xx_hal_rcc.o
    0x0800208c   0x0800208c   0x00000060   Code   RO         1995    i.HAL_RCC_GetSysClockFreq  stm32f4xx_hal_rcc.o
    0x080020ec   0x080020ec   0x0000036c   Code   RO         1998    i.HAL_RCC_OscConfig  stm32f4xx_hal_rcc.o
    0x08002458   0x08002458   0x00000002   Code   RO         3142    i.HAL_SPI_ErrorCallback  stm32f4xx_hal_spi.o
    0x0800245a   0x0800245a   0x00000002   PAD
    0x0800245c   0x0800245c   0x000000fc   Code   RO         3145    i.HAL_SPI_IRQHandler  stm32f4xx_hal_spi.o
    0x08002558   0x08002558   0x000000bc   Code   RO         3146    i.HAL_SPI_Init      stm32f4xx_hal_spi.o
    0x08002614   0x08002614   0x0000007c   Code   RO          457    i.HAL_SPI_MspInit   spi.o
    0x08002690   0x08002690   0x00000002   Code   RO         1484    i.HAL_TIMEx_BreakCallback  stm32f4xx_hal_tim_ex.o
    0x08002692   0x08002692   0x00000002   Code   RO         1485    i.HAL_TIMEx_CommutCallback  stm32f4xx_hal_tim_ex.o
    0x08002694   0x08002694   0x00000090   Code   RO         1503    i.HAL_TIMEx_MasterConfigSynchronization  stm32f4xx_hal_tim_ex.o
    0x08002724   0x08002724   0x0000005a   Code   RO          780    i.HAL_TIM_Base_Init  stm32f4xx_hal_tim.o
    0x0800277e   0x0800277e   0x00000002   PAD
    0x08002780   0x08002780   0x0000003c   Code   RO          499    i.HAL_TIM_Base_MspInit  tim.o
    0x080027bc   0x080027bc   0x00000080   Code   RO          785    i.HAL_TIM_Base_Start_IT  stm32f4xx_hal_tim.o
    0x0800283c   0x0800283c   0x000000dc   Code   RO          789    i.HAL_TIM_ConfigClockSource  stm32f4xx_hal_tim.o
    0x08002918   0x08002918   0x00000002   Code   RO          814    i.HAL_TIM_IC_CaptureCallback  stm32f4xx_hal_tim.o
    0x0800291a   0x0800291a   0x00000130   Code   RO          828    i.HAL_TIM_IRQHandler  stm32f4xx_hal_tim.o
    0x08002a4a   0x08002a4a   0x00000002   Code   RO          831    i.HAL_TIM_OC_DelayElapsedCallback  stm32f4xx_hal_tim.o
    0x08002a4c   0x08002a4c   0x00000002   Code   RO          858    i.HAL_TIM_PWM_PulseFinishedCallback  stm32f4xx_hal_tim.o
    0x08002a4e   0x08002a4e   0x00000002   PAD
    0x08002a50   0x08002a50   0x00000014   Code   RO           14    i.HAL_TIM_PeriodElapsedCallback  main.o
    0x08002a64   0x08002a64   0x00000002   Code   RO          871    i.HAL_TIM_TriggerCallback  stm32f4xx_hal_tim.o
    0x08002a66   0x08002a66   0x00000002   Code   RO         3469    i.HAL_UARTEx_RxEventCallback  stm32f4xx_hal_uart.o
    0x08002a68   0x08002a68   0x00000072   Code   RO         3480    i.HAL_UART_DMAResume  stm32f4xx_hal_uart.o
    0x08002ada   0x08002ada   0x00000070   Code   RO         3481    i.HAL_UART_DMAStop  stm32f4xx_hal_uart.o
    0x08002b4a   0x08002b4a   0x00000002   Code   RO         3483    i.HAL_UART_ErrorCallback  stm32f4xx_hal_uart.o
    0x08002b4c   0x08002b4c   0x00000280   Code   RO         3486    i.HAL_UART_IRQHandler  stm32f4xx_hal_uart.o
    0x08002dcc   0x08002dcc   0x00000064   Code   RO         3487    i.HAL_UART_Init     stm32f4xx_hal_uart.o
    0x08002e30   0x08002e30   0x00000198   Code   RO          541    i.HAL_UART_MspInit  usart.o
    0x08002fc8   0x08002fc8   0x0000001c   Code   RO         3491    i.HAL_UART_Receive_DMA  stm32f4xx_hal_uart.o
    0x08002fe4   0x08002fe4   0x00000002   Code   RO         3493    i.HAL_UART_RxCpltCallback  stm32f4xx_hal_uart.o
    0x08002fe6   0x08002fe6   0x00000002   Code   RO         3494    i.HAL_UART_RxHalfCpltCallback  stm32f4xx_hal_uart.o
    0x08002fe8   0x08002fe8   0x00000084   Code   RO         3496    i.HAL_UART_Transmit_DMA  stm32f4xx_hal_uart.o
    0x0800306c   0x0800306c   0x00000002   Code   RO         3498    i.HAL_UART_TxCpltCallback  stm32f4xx_hal_uart.o
    0x0800306e   0x0800306e   0x00000002   Code   RO         3499    i.HAL_UART_TxHalfCpltCallback  stm32f4xx_hal_uart.o
    0x08003070   0x08003070   0x00000002   Code   RO          596    i.HardFault_Handler  stm32f4xx_it.o
    0x08003072   0x08003072   0x0000007a   Code   RO         6621    i.LESO_Order1       algorithm.o
    0x080030ec   0x080030ec   0x00000008   Code   RO          263    i.Location_Task     freertos.o
    0x080030f4   0x080030f4   0x00000036   Code   RO         6623    i.LpFilter          algorithm.o
    0x0800312a   0x0800312a   0x00000008   Code   RO          264    i.Lwip_Task         freertos.o
    0x08003132   0x08003132   0x00000002   PAD
    0x08003134   0x08003134   0x00000044   Code   RO          385    i.MX_CAN1_Init      can.o
    0x08003178   0x08003178   0x00000044   Code   RO          386    i.MX_CAN2_Init      can.o
    0x080031bc   0x080031bc   0x0000005c   Code   RO          432    i.MX_DMA_Init       dma.o
    0x08003218   0x08003218   0x0000009c   Code   RO          265    i.MX_FREERTOS_Init  freertos.o
    0x080032b4   0x080032b4   0x000000c8   Code   RO          237    i.MX_GPIO_Init      gpio.o
    0x0800337c   0x0800337c   0x00000048   Code   RO          458    i.MX_SPI2_Init      spi.o
    0x080033c4   0x080033c4   0x00000068   Code   RO          500    i.MX_TIM4_Init      tim.o
    0x0800342c   0x0800342c   0x00000038   Code   RO          542    i.MX_USART1_UART_Init  usart.o
    0x08003464   0x08003464   0x00000040   Code   RO          543    i.MX_USART6_UART_Init  usart.o
    0x080034a4   0x080034a4   0x00000002   Code   RO          597    i.MemManage_Handler  stm32f4xx_it.o
    0x080034a6   0x080034a6   0x00000002   PAD
    0x080034a8   0x080034a8   0x00000180   Code   RO          266    i.Motor_Control     freertos.o
    0x08003628   0x08003628   0x00000002   Code   RO          598    i.NMI_Handler       stm32f4xx_it.o
    0x0800362a   0x0800362a   0x00000008   Code   RO          267    i.Navigation_Task   freertos.o
    0x08003632   0x08003632   0x00000002   PAD
    0x08003634   0x08003634   0x000000dc   Code   RO         6346    i.PID_Calc          pid.o
    0x08003710   0x08003710   0x000000dc   Code   RO         6347    i.PID_Calc_NEW      pid.o
    0x080037ec   0x080037ec   0x00000008   Code   RO          268    i.Remote_Control    freertos.o
    0x080037f4   0x080037f4   0x0000000c   Code   RO          599    i.SPI2_IRQHandler   stm32f4xx_it.o
    0x08003800   0x08003800   0x00000010   Code   RO         3173    i.SPI_DMAAbortOnError  stm32f4xx_hal_spi.o
    0x08003810   0x08003810   0x00000018   Code   RO         5851    i.SendAirMsgByCan1  air_operated.o
    0x08003828   0x08003828   0x00000022   Code   RO         6349    i.Sgn               pid.o
    0x0800384a   0x0800384a   0x0000001a   Code   RO         4968    i.SysTick_Handler   cmsis_os2.o
    0x08003864   0x08003864   0x00000094   Code   RO           15    i.SystemClock_Config  main.o
    0x080038f8   0x080038f8   0x00000010   Code   RO         3821    i.SystemInit        system_stm32f4xx.o
    0x08003908   0x08003908   0x00000050   Code   RO          269    i.System_Monitor    freertos.o
    0x08003958   0x08003958   0x0000000c   Code   RO          600    i.TIM4_IRQHandler   stm32f4xx_it.o
    0x08003964   0x08003964   0x0000000c   Code   RO          601    i.TIM5_IRQHandler   stm32f4xx_it.o
    0x08003970   0x08003970   0x000000d0   Code   RO          873    i.TIM_Base_SetConfig  stm32f4xx_hal_tim.o
    0x08003a40   0x08003a40   0x00000014   Code   RO          884    i.TIM_ETR_SetConfig  stm32f4xx_hal_tim.o
    0x08003a54   0x08003a54   0x00000010   Code   RO          885    i.TIM_ITRx_SetConfig  stm32f4xx_hal_tim.o
    0x08003a64   0x08003a64   0x00000022   Code   RO          891    i.TIM_TI1_ConfigInputStage  stm32f4xx_hal_tim.o
    0x08003a86   0x08003a86   0x00000024   Code   RO          893    i.TIM_TI2_ConfigInputStage  stm32f4xx_hal_tim.o
    0x08003aaa   0x08003aaa   0x0000000e   Code   RO         3500    i.UART_DMAAbortOnError  stm32f4xx_hal_uart.o
    0x08003ab8   0x08003ab8   0x0000004a   Code   RO         3501    i.UART_DMAError     stm32f4xx_hal_uart.o
    0x08003b02   0x08003b02   0x00000086   Code   RO         3502    i.UART_DMAReceiveCplt  stm32f4xx_hal_uart.o
    0x08003b88   0x08003b88   0x0000001e   Code   RO         3504    i.UART_DMARxHalfCplt  stm32f4xx_hal_uart.o
    0x08003ba6   0x08003ba6   0x00000042   Code   RO         3506    i.UART_DMATransmitCplt  stm32f4xx_hal_uart.o
    0x08003be8   0x08003be8   0x0000000a   Code   RO         3508    i.UART_DMATxHalfCplt  stm32f4xx_hal_uart.o
    0x08003bf2   0x08003bf2   0x0000004e   Code   RO         3510    i.UART_EndRxTransfer  stm32f4xx_hal_uart.o
    0x08003c40   0x08003c40   0x0000001c   Code   RO         3511    i.UART_EndTxTransfer  stm32f4xx_hal_uart.o
    0x08003c5c   0x08003c5c   0x000000c2   Code   RO         3512    i.UART_Receive_IT   stm32f4xx_hal_uart.o
    0x08003d1e   0x08003d1e   0x00000002   PAD
    0x08003d20   0x08003d20   0x0000010c   Code   RO         3513    i.UART_SetConfig    stm32f4xx_hal_uart.o
    0x08003e2c   0x08003e2c   0x000000a0   Code   RO         3514    i.UART_Start_Receive_DMA  stm32f4xx_hal_uart.o
    0x08003ecc   0x08003ecc   0x0000000c   Code   RO          602    i.USART1_IRQHandler  stm32f4xx_it.o
    0x08003ed8   0x08003ed8   0x00000060   Code   RO          603    i.USART6_IRQHandler  stm32f4xx_it.o
    0x08003f38   0x08003f38   0x00000002   Code   RO          604    i.UsageFault_Handler  stm32f4xx_it.o
    0x08003f3a   0x08003f3a   0x00000020   Code   RO         2745    i.__NVIC_SetPriority  stm32f4xx_hal_cortex.o
    0x08003f5a   0x08003f5a   0x0000007a   Code   RO         6965    i.__hardfp_sqrt     m_wm.l(sqrt.o)
    0x08003fd4   0x08003fd4   0x00000078   Code   RO         6725    i.arm_motor_control  motor_control.o
    0x0800404c   0x0800404c   0x00000020   Code   RO         5630    i.can1_start        bsp_can.o
    0x0800406c   0x0800406c   0x00000020   Code   RO         5631    i.can2_start        bsp_can.o
    0x0800408c   0x0800408c   0x0000003c   Code   RO         5923    i.crc32_core        unitree_motor.o
    0x080040c8   0x080040c8   0x000001dc   Code   RO         5924    i.extract           unitree_motor.o
    0x080042a4   0x080042a4   0x00000084   Code   RO         6726    i.jump_motor_control  motor_control.o
    0x08004328   0x08004328   0x00000054   Code   RO         6727    i.jump_motor_damp_mode  motor_control.o
    0x0800437c   0x0800437c   0x00000038   Code   RO         6728    i.jump_motor_pos_ctrl  motor_control.o
    0x080043b4   0x080043b4   0x0000008c   Code   RO         6729    i.jump_motor_pos_mode  motor_control.o
    0x08004440   0x08004440   0x00000068   Code   RO           16    i.main              main.o
    0x080044a8   0x080044a8   0x00000188   Code   RO         5925    i.modify            unitree_motor.o
    0x08004630   0x08004630   0x0000004c   Code   RO         5926    i.motor_A1_cmd      unitree_motor.o
    0x0800467c   0x0800467c   0x0000001a   Code   RO         4970    i.osDelay           cmsis_os2.o
    0x08004696   0x08004696   0x00000002   PAD
    0x08004698   0x08004698   0x00000024   Code   RO         4984    i.osKernelInitialize  cmsis_os2.o
    0x080046bc   0x080046bc   0x00000038   Code   RO         4987    i.osKernelStart     cmsis_os2.o
    0x080046f4   0x080046f4   0x0000008a   Code   RO         5029    i.osThreadNew       cmsis_os2.o
    0x0800477e   0x0800477e   0x00000002   PAD
    0x08004780   0x08004780   0x0000005c   Code   RO         4429    i.prvAddCurrentTaskToDelayedList  tasks.o
    0x080047dc   0x080047dc   0x000000d0   Code   RO         4430    i.prvAddNewTaskToReadyList  tasks.o
    0x080048ac   0x080048ac   0x00000058   Code   RO         4794    i.prvCheckForValidListAndQueue  timers.o
    0x08004904   0x08004904   0x00000026   Code   RO         4026    i.prvCopyDataFromQueue  queue.o
    0x0800492a   0x0800492a   0x0000006c   Code   RO         4027    i.prvCopyDataToQueue  queue.o
    0x08004996   0x08004996   0x00000034   Code   RO         4431    i.prvDeleteTCB      tasks.o
    0x080049ca   0x080049ca   0x00000002   PAD
    0x080049cc   0x080049cc   0x0000004c   Code   RO         5481    i.prvHeapInit       heap_4.o
    0x08004a18   0x08004a18   0x00000060   Code   RO         4432    i.prvIdleTask       tasks.o
    0x08004a78   0x08004a78   0x00000022   Code   RO         4029    i.prvInitialiseNewQueue  queue.o
    0x08004a9a   0x08004a9a   0x00000002   PAD
    0x08004a9c   0x08004a9c   0x000000b0   Code   RO         4433    i.prvInitialiseNewTask  tasks.o
    0x08004b4c   0x08004b4c   0x0000004c   Code   RO         5482    i.prvInsertBlockIntoFreeList  heap_4.o
    0x08004b98   0x08004b98   0x00000038   Code   RO         4796    i.prvInsertTimerInActiveList  timers.o
    0x08004bd0   0x08004bd0   0x0000001c   Code   RO         4030    i.prvIsQueueEmpty   queue.o
    0x08004bec   0x08004bec   0x000000fc   Code   RO         4797    i.prvProcessReceivedCommands  timers.o
    0x08004ce8   0x08004ce8   0x000000c0   Code   RO         4798    i.prvProcessTimerOrBlockTask  timers.o
    0x08004da8   0x08004da8   0x00000020   Code   RO         4435    i.prvResetNextTaskUnblockTime  tasks.o
    0x08004dc8   0x08004dc8   0x00000028   Code   RO         4799    i.prvSampleTimeNow  timers.o
    0x08004df0   0x08004df0   0x0000006c   Code   RO         4800    i.prvSwitchTimerLists  timers.o
    0x08004e5c   0x08004e5c   0x00000028   Code   RO         5537    i.prvTaskExitError  port.o
    0x08004e84   0x08004e84   0x00000024   Code   RO         4801    i.prvTimerTask      timers.o
    0x08004ea8   0x08004ea8   0x0000006a   Code   RO         4031    i.prvUnlockQueue    queue.o
    0x08004f12   0x08004f12   0x00000002   PAD
    0x08004f14   0x08004f14   0x000000dc   Code   RO         5483    i.pvPortMalloc      heap_4.o
    0x08004ff0   0x08004ff0   0x0000002c   Code   RO         5538    i.pxPortInitialiseStack  port.o
    0x0800501c   0x0800501c   0x00000070   Code   RO         5927    i.receive_motor_feedback  unitree_motor.o
    0x0800508c   0x0800508c   0x00000026   Code   RO         3986    i.uxListRemove      list.o
    0x080050b2   0x080050b2   0x00000002   PAD
    0x080050b4   0x080050b4   0x00000014   Code   RO         5041    i.vApplicationGetIdleTaskMemory  cmsis_os2.o
    0x080050c8   0x080050c8   0x00000018   Code   RO         5042    i.vApplicationGetTimerTaskMemory  cmsis_os2.o
    0x080050e0   0x080050e0   0x00000016   Code   RO         3987    i.vListInitialise   list.o
    0x080050f6   0x080050f6   0x00000006   Code   RO         3988    i.vListInitialiseItem  list.o
    0x080050fc   0x080050fc   0x00000030   Code   RO         3989    i.vListInsert       list.o
    0x0800512c   0x0800512c   0x00000018   Code   RO         3990    i.vListInsertEnd    list.o
    0x08005144   0x08005144   0x00000040   Code   RO         5540    i.vPortEnterCritical  port.o
    0x08005184   0x08005184   0x00000028   Code   RO         5541    i.vPortExitCritical  port.o
    0x080051ac   0x080051ac   0x00000064   Code   RO         5484    i.vPortFree         heap_4.o
    0x08005210   0x08005210   0x00000024   Code   RO         5542    i.vPortSetupTimerInterrupt  port.o
    0x08005234   0x08005234   0x00000054   Code   RO         5543    i.vPortValidateInterruptPriority  port.o
    0x08005288   0x08005288   0x00000028   Code   RO         4037    i.vQueueAddToRegistry  queue.o
    0x080052b0   0x080052b0   0x00000044   Code   RO         4041    i.vQueueWaitForMessageRestricted  queue.o
    0x080052f4   0x080052f4   0x0000004c   Code   RO         4448    i.vTaskDelay        tasks.o
    0x08005340   0x08005340   0x00000010   Code   RO         4453    i.vTaskInternalSetTimeOutState  tasks.o
    0x08005350   0x08005350   0x0000000c   Code   RO         4454    i.vTaskMissedYield  tasks.o
    0x0800535c   0x0800535c   0x00000030   Code   RO         4456    i.vTaskPlaceOnEventList  tasks.o
    0x0800538c   0x0800538c   0x00000038   Code   RO         4457    i.vTaskPlaceOnEventListRestricted  tasks.o
    0x080053c4   0x080053c4   0x00000088   Code   RO         4465    i.vTaskStartScheduler  tasks.o
    0x0800544c   0x0800544c   0x00000010   Code   RO         4467    i.vTaskSuspendAll   tasks.o
    0x0800545c   0x0800545c   0x00000064   Code   RO         4468    i.vTaskSwitchContext  tasks.o
    0x080054c0   0x080054c0   0x000000f4   Code   RO         5544    i.xPortStartScheduler  port.o
    0x080055b4   0x080055b4   0x0000002c   Code   RO         5545    i.xPortSysTickHandler  port.o
    0x080055e0   0x080055e0   0x00000066   Code   RO         4047    i.xQueueGenericCreateStatic  queue.o
    0x08005646   0x08005646   0x00000002   PAD
    0x08005648   0x08005648   0x00000088   Code   RO         4048    i.xQueueGenericReset  queue.o
    0x080056d0   0x080056d0   0x00000160   Code   RO         4049    i.xQueueGenericSend  queue.o
    0x08005830   0x08005830   0x000000be   Code   RO         4050    i.xQueueGenericSendFromISR  queue.o
    0x080058ee   0x080058ee   0x00000002   PAD
    0x080058f0   0x080058f0   0x00000138   Code   RO         4059    i.xQueueReceive     queue.o
    0x08005a28   0x08005a28   0x00000074   Code   RO         4470    i.xTaskCheckForTimeOut  tasks.o
    0x08005a9c   0x08005a9c   0x0000005a   Code   RO         4471    i.xTaskCreate       tasks.o
    0x08005af6   0x08005af6   0x00000056   Code   RO         4472    i.xTaskCreateStatic  tasks.o
    0x08005b4c   0x08005b4c   0x0000001c   Code   RO         4476    i.xTaskGetSchedulerState  tasks.o
    0x08005b68   0x08005b68   0x0000000c   Code   RO         4477    i.xTaskGetTickCount  tasks.o
    0x08005b74   0x08005b74   0x000000c8   Code   RO         4479    i.xTaskIncrementTick  tasks.o
    0x08005c3c   0x08005c3c   0x00000080   Code   RO         4482    i.xTaskPriorityDisinherit  tasks.o
    0x08005cbc   0x08005cbc   0x00000070   Code   RO         4484    i.xTaskRemoveFromEventList  tasks.o
    0x08005d2c   0x08005d2c   0x000000c4   Code   RO         4485    i.xTaskResumeAll    tasks.o
    0x08005df0   0x08005df0   0x00000060   Code   RO         4810    i.xTimerCreateTimerTask  timers.o
    0x08005e50   0x08005e50   0x00000068   Code   RO         4811    i.xTimerGenericCommand  timers.o
    0x08005eb8   0x08005eb8   0x00000062   Code   RO         6821    x$fpl$d2f           fz_wm.l(d2f.o)
    0x08005f1a   0x08005f1a   0x00000002   PAD
    0x08005f1c   0x08005f1c   0x00000150   Code   RO         6823    x$fpl$dadd          fz_wm.l(daddsub_clz.o)
    0x0800606c   0x0800606c   0x0000002e   Code   RO         6834    x$fpl$dflt          fz_wm.l(dflt_clz.o)
    0x0800609a   0x0800609a   0x00000002   PAD
    0x0800609c   0x0800609c   0x00000154   Code   RO         6841    x$fpl$dmul          fz_wm.l(dmul.o)
    0x080061f0   0x080061f0   0x0000009c   Code   RO         7002    x$fpl$dnaninf       fz_wm.l(dnaninf.o)
    0x0800628c   0x0800628c   0x0000000c   Code   RO         7004    x$fpl$dretinf       fz_wm.l(dretinf.o)
    0x08006298   0x08006298   0x00000198   Code   RO         7006    x$fpl$dsqrt         fz_wm.l(dsqrt_umaal.o)
    0x08006430   0x08006430   0x000001d4   Code   RO         6825    x$fpl$dsub          fz_wm.l(daddsub_clz.o)
    0x08006604   0x08006604   0x00000056   Code   RO         6845    x$fpl$f2d           fz_wm.l(f2d.o)
    0x0800665a   0x0800665a   0x0000008c   Code   RO         7008    x$fpl$fnaninf       fz_wm.l(fnaninf.o)
    0x080066e6   0x080066e6   0x0000000a   Code   RO         7198    x$fpl$fpinit        fz_wm.l(fpinit.o)
    0x080066f0   0x080066f0   0x0000000a   Code   RO         7010    x$fpl$fretinf       fz_wm.l(fretinf.o)
    0x080066fa   0x080066fa   0x00000000   Code   RO         7014    x$fpl$usenofp       fz_wm.l(usenofp.o)
    0x080066fa   0x080066fa   0x00000002   PAD
    0x080066fc   0x080066fc   0x00000120   Data   RO          270    .constdata          freertos.o
    0x0800681c   0x0800681c   0x00000008   Data   RO         2459    .constdata          stm32f4xx_hal_dma.o
    0x08006824   0x08006824   0x00000010   Data   RO         3822    .constdata          system_stm32f4xx.o
    0x08006834   0x08006834   0x00000008   Data   RO         3823    .constdata          system_stm32f4xx.o
    0x0800683c   0x0800683c   0x00000067   Data   RO          271    .conststring        freertos.o
    0x080068a3   0x080068a3   0x00000001   PAD
    0x080068a4   0x080068a4   0x00000020   Data   RO         7256    Region$$Table       anon$$obj.o


    Execution Region RW_IRAM1 (Exec base: 0x20000000, Load base: 0x080068c4, Size: 0x0000a2a0, Max: 0x0001c000, ABSOLUTE, COMPRESSED[0x000001a4])

    Exec Addr    Load Addr    Size         Type   Attr      Idx    E Section Name        Object

    0x20000000   COMPRESSED   0x00000020   Data   RW          272    .data               freertos.o
    0x20000020   COMPRESSED   0x00000004   Data   RW          388    .data               can.o
    0x20000024   COMPRESSED   0x00000004   Data   RW          605    .data               stm32f4xx_it.o
    0x20000028   COMPRESSED   0x0000000c   Data   RW         2904    .data               stm32f4xx_hal.o
    0x20000034   COMPRESSED   0x00000004   Data   RW         3824    .data               system_stm32f4xx.o
    0x20000038   COMPRESSED   0x0000003c   Data   RW         4488    .data               tasks.o
    0x20000074   COMPRESSED   0x00000014   Data   RW         4819    .data               timers.o
    0x20000088   COMPRESSED   0x00000004   Data   RW         5044    .data               cmsis_os2.o
    0x2000008c   COMPRESSED   0x00000020   Data   RW         5490    .data               heap_4.o
    0x200000ac   COMPRESSED   0x0000000c   Data   RW         5546    .data               port.o
    0x200000b8   COMPRESSED   0x00000010   Data   RW         5634    .data               bsp_can.o
    0x200000c8   COMPRESSED   0x00000004   Data   RW         5857    .data               air_operated.o
    0x200000cc   COMPRESSED   0x00000074   Data   RW         5864    .data               air_operated.o
    0x20000140   COMPRESSED   0x00000004   Data   RW         5989    .data               robot.o
    0x20000144   COMPRESSED   0x00000004   Data   RW         5990    .data               robot.o
    0x20000148   COMPRESSED   0x00000134   Data   RW         6002    .data               robot.o
    0x2000027c   COMPRESSED   0x0000011c   Data   RW         6003    .data               robot.o
    0x20000398   COMPRESSED   0x00000050   Data   RW         6014    .data               robot.o
    0x200003e8   COMPRESSED   0x00000064   Data   RW         6015    .data               robot.o
    0x2000044c   COMPRESSED   0x0000001c   Data   RW         6016    .data               robot.o
    0x20000468   COMPRESSED   0x00000134   Data   RW         6017    .data               robot.o
    0x2000059c   COMPRESSED   0x00000134   Data   RW         6018    .data               robot.o
    0x200006d0   COMPRESSED   0x00000134   Data   RW         6019    .data               robot.o
    0x20000804   COMPRESSED   0x00000134   Data   RW         6020    .data               robot.o
    0x20000938   COMPRESSED   0x00000004   Data   RW         6051    .data               robot.o
    0x2000093c   COMPRESSED   0x00000004   Data   RW         6052    .data               robot.o
    0x20000940   COMPRESSED   0x00000001   Data   RW         6053    .data               robot.o
    0x20000941   COMPRESSED   0x00000001   Data   RW         6054    .data               robot.o
    0x20000942   COMPRESSED   0x00000001   Data   RW         6055    .data               robot.o
    0x20000943   COMPRESSED   0x00000001   Data   RW         6056    .data               robot.o
    0x20000944   COMPRESSED   0x00000001   Data   RW         6057    .data               robot.o
    0x20000945   COMPRESSED   0x00000002   Data   RW         6730    .data               motor_control.o
    0x20000947   COMPRESSED   0x00000001   PAD
    0x20000948   COMPRESSED   0x0000000c   Data   RW         6775    .data               dunk.o
    0x20000954        -       0x00000050   Zero   RW          387    .bss                can.o
    0x200009a4        -       0x00000058   Zero   RW          459    .bss                spi.o
    0x200009fc        -       0x00000048   Zero   RW          501    .bss                tim.o
    0x20000a44        -       0x00000210   Zero   RW          544    .bss                usart.o
    0x20000c54        -       0x00000048   Zero   RW          742    .bss                stm32f4xx_hal_timebase_tim.o
    0x20000c9c        -       0x00000040   Zero   RW         4063    .bss                queue.o
    0x20000cdc        -       0x000004c4   Zero   RW         4487    .bss                tasks.o
    0x200011a0        -       0x00000118   Zero   RW         4818    .bss                timers.o
    0x200012b8        -       0x000006b8   Zero   RW         5043    .bss                cmsis_os2.o
    0x20001970        -       0x00008000   Zero   RW         5489    .bss                heap_4.o
    0x20009970        -       0x00000018   Zero   RW         5633    .bss                bsp_can.o
    0x20009988        -       0x00000058   Zero   RW         5973    .bss                robot.o
    0x200099e0        -       0x00000048   Zero   RW         5975    .bss                robot.o
    0x20009a28        -       0x00000048   Zero   RW         5976    .bss                robot.o
    0x20009a70        -       0x00000048   Zero   RW         5977    .bss                robot.o
    0x20009ab8        -       0x00000048   Zero   RW         5978    .bss                robot.o
    0x20009b00        -       0x000000c8   Zero   RW         5988    .bss                robot.o
    0x20009bc8        -       0x00000078   Zero   RW         6087    .bss                chassis.o
    0x20009c40        -       0x00000060   Zero   RW         7110    .bss                c_w.l(libspace.o)
    0x20009ca0        -       0x00000200   Zero   RW            2    HEAP                startup_stm32f407xx.o
    0x20009ea0        -       0x00000400   Zero   RW            1    STACK               startup_stm32f407xx.o


    Execution Region RW_IRAM2 (Exec base: 0x2001c000, Load base: 0x08006a68, Size: 0x00000000, Max: 0x00004000, ABSOLUTE)

    **** No section assigned to this execution region ****


==============================================================================

Image component sizes


      Code (inc. data)   RO Data    RW Data    ZI Data      Debug   Object Name

       226         10          0        120          0       7734   air_operated.o
       176          0          0          0          0       1585   algorithm.o
      1034         98          0         16         24       6747   bsp_can.o
       396         42          0          4         80       2638   can.o
         0          0          0          0        120       1577   chassis.o
       326         22          0          4       1720      65335   cmsis_os2.o
        92          4          0          0          0        930   dma.o
       628         84          0         12          0       1259   dunk.o
         0          0          0          0          0      19428   event_groups.o
       760        112        391         32          0       6680   freertos.o
       200         14          0          0          0       1151   gpio.o
       472         24          0         32      32768       5011   heap_4.o
       138          0          0          0          0       3694   list.o
       276         30          0          0          0     735828   main.o
        32          0          0          0          0        684   math_algorithm.o
       532         98          0          2          0       3472   motor_control.o
       752          8          0          0          0       3116   pid.o
       786         82          0         12          0      11673   port.o
      1514         20          0          0         64      17608   queue.o
         0          0          0       2053        576      15170   robot.o
       196         24          0          0         88       1833   spi.o
        64         26        392          0       1536        848   startup_stm32f407xx.o
        80         14          0         12          0       8238   stm32f4xx_hal.o
      1658          6          0          0          0      14535   stm32f4xx_hal_can.o
       158         14          0          0          0      33054   stm32f4xx_hal_cortex.o
      1084         16          8          0          0       7518   stm32f4xx_hal_dma.o
       506         46          0          0          0       2328   stm32f4xx_hal_gpio.o
        56          4          0          0          0       1002   stm32f4xx_hal_msp.o
      1408         82          0          0          0       6073   stm32f4xx_hal_rcc.o
       458          6          0          0          0       3596   stm32f4xx_hal_spi.o
      1064         72          0          0          0      10501   stm32f4xx_hal_tim.o
       148         28          0          0          0       2629   stm32f4xx_hal_tim_ex.o
       152         20          0          0         72       1619   stm32f4xx_hal_timebase_tim.o
      2194         40          0          0          0      17652   stm32f4xx_hal_uart.o
       228         80          0          4          0       9192   stm32f4xx_it.o
         0          0          0          0          0        392   stream_buffer.o
        16          4         24          4          0       1263   system_stm32f4xx.o
      2084        168          0         60       1220      27156   tasks.o
       164         18          0          0         72       1842   tim.o
       972         80          0         20        280      32331   timers.o
      1116        110          0          0          0       4104   unitree_motor.o
       528         56          0          0        528       2931   usart.o

    ----------------------------------------------------------------------
     22720       1562        848       2388      39148    1101957   Object Totals
         0          0         32          0          0          0   (incl. Generated)
        46          0          1          1          0          0   (incl. Padding)

    ----------------------------------------------------------------------

      Code (inc. data)   RO Data    RW Data    ZI Data      Debug   Library Member Name

        90          0          0          0          0          0   __dczerorl2.o
         8          0          0          0          0         68   __main.o
         0          0          0          0          0          0   __rtentry.o
        12          0          0          0          0          0   __rtentry2.o
         6          0          0          0          0          0   __rtentry4.o
        52          8          0          0          0          0   __scatter.o
        28          0          0          0          0          0   __scatter_zi.o
        22          0          0          0          0        100   _rserrno.o
        16          0          0          0          0         68   aeabi_memset.o
        18          0          0          0          0         80   exit.o
         6          0          0          0          0        152   heapauxi.o
         0          0          0          0          0          0   indicate_semi.o
         2          0          0          0          0          0   libinit.o
         6          0          0          0          0          0   libinit2.o
         2          0          0          0          0          0   libshutdown.o
         2          0          0          0          0          0   libshutdown2.o
         8          4          0          0         96         68   libspace.o
       238          0          0          0          0        100   lludivv7m.o
         8          4          0          0          0         68   rt_errno_addr_intlibspace.o
        68          0          0          0          0         68   rt_memclr.o
        78          0          0          0          0         80   rt_memclr_w.o
       138          0          0          0          0         68   rt_memcpy_v6.o
       100          0          0          0          0         80   rt_memcpy_w.o
         2          0          0          0          0          0   rtexit.o
        10          0          0          0          0          0   rtexit2.o
        12          4          0          0          0         68   sys_exit.o
        74          0          0          0          0         80   sys_stackheap_outer.o
         2          0          0          0          0         68   use_no_semi.o
        98          4          0          0          0        140   d2f.o
       804         16          0          0          0        368   daddsub_clz.o
        46          0          0          0          0        116   dflt_clz.o
       340         12          0          0          0        152   dmul.o
       156          4          0          0          0        140   dnaninf.o
        12          0          0          0          0        116   dretinf.o
       408         56          0          0          0        168   dsqrt_umaal.o
        86          4          0          0          0        132   f2d.o
       140          4          0          0          0        132   fnaninf.o
        10          0          0          0          0        116   fpinit.o
        10          0          0          0          0        116   fretinf.o
         0          0          0          0          0          0   usenofp.o
       122          0          0          0          0        148   sqrt.o

    ----------------------------------------------------------------------
      3252        120          0          0         96       3060   Library Totals
        12          0          0          0          0          0   (incl. Padding)

    ----------------------------------------------------------------------

      Code (inc. data)   RO Data    RW Data    ZI Data      Debug   Library Name

      1008         20          0          0         96       1216   c_w.l
      2110        100          0          0          0       1696   fz_wm.l
       122          0          0          0          0        148   m_wm.l

    ----------------------------------------------------------------------
      3252        120          0          0         96       3060   Library Totals

    ----------------------------------------------------------------------

==============================================================================


      Code (inc. data)   RO Data    RW Data    ZI Data      Debug   

     25972       1682        848       2388      39244    1081945   Grand Totals
     25972       1682        848        420      39244    1081945   ELF Image Totals (compressed)
     25972       1682        848        420          0          0   ROM Totals

==============================================================================

    Total RO  Size (Code + RO Data)                26820 (  26.19kB)
    Total RW  Size (RW Data + ZI Data)             41632 (  40.66kB)
    Total ROM Size (Code + RO Data + RW Data)      27240 (  26.60kB)

==============================================================================

