Component: ARM Compiler 5.06 update 7 (build 960) Tool: armlink [4d3601]

==============================================================================

Section Cross References

    startup_stm32f407xx.o(STACK) refers (Special) to heapauxi.o(.text) for __use_two_region_memory
    startup_stm32f407xx.o(HEAP) refers (Special) to heapauxi.o(.text) for __use_two_region_memory
    startup_stm32f407xx.o(RESET) refers (Special) to heapauxi.o(.text) for __use_two_region_memory
    startup_stm32f407xx.o(RESET) refers to startup_stm32f407xx.o(STACK) for __initial_sp
    startup_stm32f407xx.o(RESET) refers to startup_stm32f407xx.o(.text) for Reset_Handler
    startup_stm32f407xx.o(RESET) refers to stm32f4xx_it.o(i.NMI_Handler) for NMI_Handler
    startup_stm32f407xx.o(RESET) refers to stm32f4xx_it.o(i.HardFault_Handler) for HardFault_Handler
    startup_stm32f407xx.o(RESET) refers to stm32f4xx_it.o(i.MemManage_Handler) for MemManage_Handler
    startup_stm32f407xx.o(RESET) refers to stm32f4xx_it.o(i.BusFault_Handler) for BusFault_Handler
    startup_stm32f407xx.o(RESET) refers to stm32f4xx_it.o(i.UsageFault_Handler) for UsageFault_Handler
    startup_stm32f407xx.o(RESET) refers to port.o(.emb_text) for SVC_Handler
    startup_stm32f407xx.o(RESET) refers to stm32f4xx_it.o(i.DebugMon_Handler) for DebugMon_Handler
    startup_stm32f407xx.o(RESET) refers to cmsis_os2.o(i.SysTick_Handler) for SysTick_Handler
    startup_stm32f407xx.o(RESET) refers to stm32f4xx_it.o(i.DMA1_Stream0_IRQHandler) for DMA1_Stream0_IRQHandler
    startup_stm32f407xx.o(RESET) refers to stm32f4xx_it.o(i.DMA1_Stream2_IRQHandler) for DMA1_Stream2_IRQHandler
    startup_stm32f407xx.o(RESET) refers to stm32f4xx_it.o(i.DMA1_Stream4_IRQHandler) for DMA1_Stream4_IRQHandler
    startup_stm32f407xx.o(RESET) refers to stm32f4xx_it.o(i.DMA1_Stream5_IRQHandler) for DMA1_Stream5_IRQHandler
    startup_stm32f407xx.o(RESET) refers to stm32f4xx_it.o(i.DMA1_Stream6_IRQHandler) for DMA1_Stream6_IRQHandler
    startup_stm32f407xx.o(RESET) refers to stm32f4xx_it.o(i.CAN1_RX0_IRQHandler) for CAN1_RX0_IRQHandler
    startup_stm32f407xx.o(RESET) refers to stm32f4xx_it.o(i.TIM2_IRQHandler) for TIM2_IRQHandler
    startup_stm32f407xx.o(RESET) refers to stm32f4xx_it.o(i.SPI2_IRQHandler) for SPI2_IRQHandler
    startup_stm32f407xx.o(RESET) refers to stm32f4xx_it.o(i.USART1_IRQHandler) for USART1_IRQHandler
    startup_stm32f407xx.o(RESET) refers to stm32f4xx_it.o(i.USART2_IRQHandler) for USART2_IRQHandler
    startup_stm32f407xx.o(RESET) refers to stm32f4xx_it.o(i.DMA1_Stream7_IRQHandler) for DMA1_Stream7_IRQHandler
    startup_stm32f407xx.o(RESET) refers to stm32f4xx_it.o(i.UART4_IRQHandler) for UART4_IRQHandler
    startup_stm32f407xx.o(RESET) refers to stm32f4xx_it.o(i.UART5_IRQHandler) for UART5_IRQHandler
    startup_stm32f407xx.o(RESET) refers to stm32f4xx_it.o(i.TIM6_DAC_IRQHandler) for TIM6_DAC_IRQHandler
    startup_stm32f407xx.o(RESET) refers to stm32f4xx_it.o(i.DMA2_Stream2_IRQHandler) for DMA2_Stream2_IRQHandler
    startup_stm32f407xx.o(RESET) refers to stm32f4xx_it.o(i.CAN2_RX0_IRQHandler) for CAN2_RX0_IRQHandler
    startup_stm32f407xx.o(RESET) refers to stm32f4xx_it.o(i.DMA2_Stream7_IRQHandler) for DMA2_Stream7_IRQHandler
    startup_stm32f407xx.o(.text) refers (Special) to heapauxi.o(.text) for __use_two_region_memory
    startup_stm32f407xx.o(.text) refers to system_stm32f4xx.o(i.SystemInit) for SystemInit
    startup_stm32f407xx.o(.text) refers to __main.o(!!!main) for __main
    startup_stm32f407xx.o(.text) refers to startup_stm32f407xx.o(HEAP) for Heap_Mem
    startup_stm32f407xx.o(.text) refers to startup_stm32f407xx.o(STACK) for Stack_Mem
    main.o(i.HAL_TIM_PeriodElapsedCallback) refers to stm32f4xx_hal.o(i.HAL_IncTick) for HAL_IncTick
    main.o(i.SystemClock_Config) refers to rt_memclr_w.o(.text) for __aeabi_memclr4
    main.o(i.SystemClock_Config) refers to stm32f4xx_hal_rcc.o(i.HAL_RCC_OscConfig) for HAL_RCC_OscConfig
    main.o(i.SystemClock_Config) refers to main.o(i.Error_Handler) for Error_Handler
    main.o(i.SystemClock_Config) refers to stm32f4xx_hal_rcc.o(i.HAL_RCC_ClockConfig) for HAL_RCC_ClockConfig
    main.o(i.main) refers to stm32f4xx_hal.o(i.HAL_Init) for HAL_Init
    main.o(i.main) refers to main.o(i.SystemClock_Config) for SystemClock_Config
    main.o(i.main) refers to gpio.o(i.MX_GPIO_Init) for MX_GPIO_Init
    main.o(i.main) refers to dma.o(i.MX_DMA_Init) for MX_DMA_Init
    main.o(i.main) refers to spi.o(i.MX_SPI2_Init) for MX_SPI2_Init
    main.o(i.main) refers to usart.o(i.MX_USART1_UART_Init) for MX_USART1_UART_Init
    main.o(i.main) refers to can.o(i.MX_CAN1_Init) for MX_CAN1_Init
    main.o(i.main) refers to can.o(i.MX_CAN2_Init) for MX_CAN2_Init
    main.o(i.main) refers to tim.o(i.MX_TIM2_Init) for MX_TIM2_Init
    main.o(i.main) refers to usart.o(i.MX_UART4_Init) for MX_UART4_Init
    main.o(i.main) refers to usart.o(i.MX_USART2_UART_Init) for MX_USART2_UART_Init
[...]
    TIM2_CNT                                 0x20001098   Data           4  global.declare.o(.data)
    TIM2_CNT_1                               0x2000109c   Data           4  global.declare.o(.data)
    point_cnt                                0x200010a0   Data           4  global.declare.o(.data)
    flag_point_permutation                   0x200010a4   Data           1  global.declare.o(.data)
    flag_permutation_path                    0x200010a5   Data           1  global.declare.o(.data)
    flag_point_to_point                      0x200010a6   Data           1  global.declare.o(.data)
    flag_choose                              0x200010a7   Data           1  global.declare.o(.data)
    flag_zero                                0x200010a8   Data           1  global.declare.o(.data)
    flag_rotation                            0x200010a9   Data           1  global.declare.o(.data)
    flag_point_end                           0x200010aa   Data           1  global.declare.o(.data)
    point_tim                                0x200010ac   Data           4  global.declare.o(.data)
    flag_point_block                         0x200010b0   Data           1  global.declare.o(.data)
    flag_part_2_to_3                         0x200010b1   Data           1  global.declare.o(.data)
    flag_2_begin                             0x200010b2   Data           1  global.declare.o(.data)
    flag_3_to_R1                             0x200010b3   Data           1  global.declare.o(.data)
    flag_part_3_begin                        0x200010b4   Data           1  global.declare.o(.data)
    flag_part_3_begin_2                      0x200010b5   Data           1  global.declare.o(.data)
    flag_part_3_retry                        0x200010b6   Data           1  global.declare.o(.data)
    flag_3_choose                            0x200010b7   Data           1  global.declare.o(.data)
    flag_route_plan                          0x200010b8   Data           1  global.declare.o(.data)
    flag_path_to_zero                        0x200010b9   Data           1  global.declare.o(.data)
    flag_use_vision                          0x200010ba   Data           1  global.declare.o(.data)
    cyt_cnt                                  0x200010bc   Data           4  global.declare.o(.data)
    cyt_flag                                 0x200010c0   Data           4  global.declare.o(.data)
    cyt_vel                                  0x200010c4   Data           4  global.declare.o(.data)
    backfoot_vel                             0x200010c8   Data           4  global.declare.o(.data)
    K_backfoot_vel                           0x200010cc   Data           4  global.declare.o(.data)
    j60_Tx                                   0x200010d0   Data           8  global.declare.o(.data)
    v_x                                      0x200010d8   Data           4  global.declare.o(.data)
    v_y                                      0x200010dc   Data           4  global.declare.o(.data)
    travel_switch                            0x200010e0   Data           1  global.declare.o(.data)
    travel_switch_mode                       0x200010e1   Data           8  global.declare.o(.data)
    up_d_state                               0x200010e9   Data           1  global.declare.o(.data)
    vision_tx                                0x200010ea   Data           3  global.declare.o(.data)
    block_state                              0x200010ed   Data           4  global.declare.o(.data)
    flag_part_3                              0x200010f1   Data           1  global.declare.o(.data)
    pos_x                                    0x200010f4   Data           4  global.declare.o(.data)
    pos_y                                    0x200010f8   Data           4  global.declare.o(.data)
    yaw                                      0x200010fc   Data           4  global.declare.o(.data)
    path_state                               0x20001100   Data           1  global.declare.o(.data)
    g_uart_rx_cnt                            0x20001102   Data           2  gyro.o(.data)
    g_decode_data_pos                        0x20001104   Data           2  gyro.o(.data)
    flag_path                                0x20001144   Data           1  auto_path.o(.data)
    P_Num                                    0x20001145   Data           1  auto_path.o(.data)
    W_Num                                    0x20001146   Data           1  auto_path.o(.data)
    Ts                                       0x20001148   Data           4  auto_path.o(.data)
    t_run                                    0x20001150   Data           4  auto_path.o(.data)
    t_rotation                               0x20001154   Data           4  auto_path.o(.data)
    dis                                      0x20001158   Data           4  auto_path.o(.data)
    delta                                    0x2000115c   Data           4  auto_path.o(.data)
    dis_x                                    0x20001160   Data           4  auto_path.o(.data)
    dis_y                                    0x20001164   Data           4  auto_path.o(.data)
    Lx1                                      0x20001168   Data           4  locate.o(.data)
    Ly1                                      0x2000116c   Data           4  locate.o(.data)
    Lx2                                      0x20001170   Data           4  locate.o(.data)
    Ly2                                      0x20001174   Data           4  locate.o(.data)
    fpQ_rad                                  0x20001178   Data           4  locate.o(.data)
    flag_D_init                              0x2000117c   Data           1  board_communicate.o(.data)
    flag_D_ready_get_head                    0x2000117d   Data           1  board_communicate.o(.data)
    flag_D_get_left                          0x2000117e   Data           1  board_communicate.o(.data)
    flag_D_get_right                         0x2000117f   Data           1  board_communicate.o(.data)
    flag_D_get_block                         0x20001180   Data           1  board_communicate.o(.data)
    flag_D_3_init                            0x20001181   Data           1  board_communicate.o(.data)
    flag_S_init                              0x20001182   Data           1  board_communicate.o(.data)
    flag_S_get_block_down                    0x20001183   Data           1  board_communicate.o(.data)
    flag_S_get_block_up                      0x20001184   Data           1  board_communicate.o(.data)
    flag_S_get_block_top                     0x20001185   Data           1  board_communicate.o(.data)
    flag_S_throw_block_back                  0x20001186   Data           1  board_communicate.o(.data)
    flag_S_throw_block_front                 0x20001187   Data           1  board_communicate.o(.data)
    flag_S_give_D                            0x20001188   Data           1  board_communicate.o(.data)
    flag_S_get_D_block                       0x20001189   Data           1  board_communicate.o(.data)
    flag_S_put_block_middle                  0x2000118a   Data           1  board_communicate.o(.data)
    flag_S_put_block_top                     0x2000118b   Data           1  board_communicate.o(.data)
    CHM                                      0x2000118c   Data           4  board_communicate.o(.data)
    flag_iinit                               0x200011cc   Data           1  action.o(.data)
    up_stairs_flag                           0x200011cd   Data           1  action.o(.data)
    i                                        0x200011d0   Data           4  action.o(.data)
    hcan1                                    0x200011d4   Data          40  can.o(.bss)
    hcan2                                    0x200011fc   Data          40  can.o(.bss)
    hspi2                                    0x20001224   Data          88  spi.o(.bss)
    htim2                                    0x2000127c   Data          72  tim.o(.bss)
    huart4                                   0x200012c4   Data          72  usart.o(.bss)
    huart5                                   0x2000130c   Data          72  usart.o(.bss)
    huart1                                   0x20001354   Data          72  usart.o(.bss)
    huart2                                   0x2000139c   Data          72  usart.o(.bss)
    hdma_uart4_rx                            0x200013e4   Data          96  usart.o(.bss)
    hdma_uart4_tx                            0x20001444   Data          96  usart.o(.bss)
    hdma_uart5_rx                            0x200014a4   Data          96  usart.o(.bss)
    hdma_uart5_tx                            0x20001504   Data          96  usart.o(.bss)
    hdma_usart1_rx                           0x20001564   Data          96  usart.o(.bss)
    hdma_usart1_tx                           0x200015c4   Data          96  usart.o(.bss)
    hdma_usart2_rx                           0x20001624   Data          96  usart.o(.bss)
    hdma_usart2_tx                           0x20001684   Data          96  usart.o(.bss)
    htim6                                    0x200016e4   Data          72  stm32f4xx_hal_timebase_tim.o(.bss)
    xQueueRegistry                           0x2000172c   Data          64  queue.o(.bss)
    steer_prevel                             0x20006030   Data          16  chassis.o(.bss)
    foot_g_feedforward                       0x20006040   Data          12  global.declare.o(.bss)
    vofa                                     0x2000604c   Data          80  global.declare.o(.bss)
    vision_judge                             0x2000609c   Data          12  global.declare.o(.bss)
    j60_motor_data_down                      0x200060a8   Data          36  global.declare.o(.bss)
    go1_recv_left                            0x200060cc   Data          64  global.declare.o(.bss)
    go1_recv_right                           0x2000610c   Data          64  global.declare.o(.bss)
    uart_rx_data                             0x2000614c   Data          16  global.declare.o(.bss)
    stRobot                                  0x2000615c   Data          40  global.declare.o(.bss)
    expect_robot_local_Velt                  0x20006184   Data          24  global.declare.o(.bss)
    steer_velt                               0x2000619c   Data          16  global.declare.o(.bss)
    steer_pos                                0x200061ac   Data          16  global.declare.o(.bss)
    steer_pos_pre                            0x200061bc   Data          16  global.declare.o(.bss)
    friction_feedforward                     0x200061cc   Data          16  global.declare.o(.bss)
    cur_steer_velt                           0x200061dc   Data          16  global.declare.o(.bss)
    dt35_distance                            0x200061ec   Data          10  global.declare.o(.bss)
    dt35_now                                 0x200061f8   Data          68  global.declare.o(.bss)
    monitor                                  0x2000623c   Data         172  global.declare.o(.bss)
    vision_rec                               0x200062e8   Data          62  global.declare.o(.bss)
    vision_data_recieve                      0x20006328   Data          76  global.declare.o(.bss)
    Path_Permuta                             0x20006374   Data        2664  global.declare.o(.bss)
    Path_Point                               0x20006ddc   Data         132  global.declare.o(.bss)
    down_tx                                  0x20006e60   Data          18  global.declare.o(.bss)
    down_rx                                  0x20006e72   Data          18  global.declare.o(.bss)
    step_state                               0x20006e84   Data          17  global.declare.o(.bss)
    route_plan                               0x20006e95   Data          12  global.declare.o(.bss)
    nRF24L01_ack_pay                         0x20006ea1   Data          26  nrf24l01.o(.bss)
    vofa_data                                0x20006ebb   Data          84  vofa.o(.bss)
    gyro_data                                0x20006f0f   Data          24  gyro.o(.bss)
    gyro_data_filtered                       0x20006f27   Data          24  gyro.o(.bss)
    g_decode_data                            0x20006f3f   Data         512  gyro.o(.bss)
    g_uart_rx_buf                            0x2000713f   Data         512  gyro.o(.bss)
    UART2_Rx_Buf                             0x2000733f   Data           9  remote_control.o(.bss)
    __libspace_start                         0x20007348   Data          96  libspace.o(.bss)
    __temporary_stack_top$libspace           0x200073a8   Data           0  libspace.o(.bss)



==============================================================================

Memory Map of the image

  Image Entry point : 0x08000189

  Load Region LR_IROM1 (Base: 0x08000000, Size: 0x00013884, Max: 0x00100000, ABSOLUTE, COMPRESSED[0x000129a8])

    Execution Region ER_IROM1 (Exec base: 0x08000000, Load base: 0x08000000, Size: 0x000126b0, Max: 0x00100000, ABSOLUTE)

    Exec Addr    Load Addr    Size         Type   Attr      Idx    E Section Name        Object

    0x08000000   0x08000000   0x00000188   Data   RO            3    RESET               startup_stm32f407xx.o
    0x08000188   0x08000188   0x00000008   Code   RO         7530  * !!!main             c_w.l(__main.o)
    0x08000190   0x08000190   0x00000034   Code   RO         7973    !!!scatter          c_w.l(__scatter.o)
    0x080001c4   0x080001c4   0x0000005a   Code   RO         7971    !!dczerorl2         c_w.l(__dczerorl2.o)
    0x0800021e   0x0800021e   0x00000002   PAD
    0x08000220   0x08000220   0x0000001c   Code   RO         7975    !!handler_zi        c_w.l(__scatter_zi.o)
    0x0800023c   0x0800023c   0x00000002   Code   RO         7838    .ARM.Collect$$libinit$$00000000  c_w.l(libinit.o)
    0x0800023e   0x0800023e   0x00000004   Code   RO         7849    .ARM.Collect$$libinit$$00000001  c_w.l(libinit2.o)
    0x08000242   0x08000242   0x00000000   Code   RO         7852    .ARM.Collect$$libinit$$00000004  c_w.l(libinit2.o)
    0x08000242   0x08000242   0x00000000   Code   RO         7855    .ARM.Collect$$libinit$$0000000A  c_w.l(libinit2.o)
    0x08000242   0x08000242   0x00000000   Code   RO         7857    .ARM.Collect$$libinit$$0000000C  c_w.l(libinit2.o)
    0x08000242   0x08000242   0x00000000   Code   RO         7859    .ARM.Collect$$libinit$$0000000E  c_w.l(libinit2.o)
    0x08000242   0x08000242   0x00000000   Code   RO         7862    .ARM.Collect$$libinit$$00000011  c_w.l(libinit2.o)
    0x08000242   0x08000242   0x00000000   Code   RO         7864    .ARM.Collect$$libinit$$00000013  c_w.l(libinit2.o)
    0x08000242   0x08000242   0x00000000   Code   RO         7866    .ARM.Collect$$libinit$$00000015  c_w.l(libinit2.o)
    0x08000242   0x08000242   0x00000000   Code   RO         7868    .ARM.Collect$$libinit$$00000017  c_w.l(libinit2.o)
    0x08000242   0x08000242   0x00000000   Code   RO         7870    .ARM.Collect$$libinit$$00000019  c_w.l(libinit2.o)
    0x08000242   0x08000242   0x00000000   Code   RO         7872    .ARM.Collect$$libinit$$0000001B  c_w.l(libinit2.o)
    0x08000242   0x08000242   0x00000000   Code   RO         7874    .ARM.Collect$$libinit$$0000001D  c_w.l(libinit2.o)
    0x08000242   0x08000242   0x00000000   Code   RO         7876    .ARM.Collect$$libinit$$0000001F  c_w.l(libinit2.o)
    0x08000242   0x08000242   0x00000000   Code   RO         7878    .ARM.Collect$$libinit$$00000021  c_w.l(libinit2.o)
    0x08000242   0x08000242   0x00000000   Code   RO         7880    .ARM.Collect$$libinit$$00000023  c_w.l(libinit2.o)
    0x08000242   0x08000242   0x00000000   Code   RO         7882    .ARM.Collect$$libinit$$00000025  c_w.l(libinit2.o)
    0x08000242   0x08000242   0x00000000   Code   RO         7886    .ARM.Collect$$libinit$$0000002C  c_w.l(libinit2.o)
    0x08000242   0x08000242   0x00000000   Code   RO         7888    .ARM.Collect$$libinit$$0000002E  c_w.l(libinit2.o)
    0x08000242   0x08000242   0x00000000   Code   RO         7890    .ARM.Collect$$libinit$$00000030  c_w.l(libinit2.o)
    0x08000242   0x08000242   0x00000000   Code   RO         7892    .ARM.Collect$$libinit$$00000032  c_w.l(libinit2.o)
    0x08000242   0x08000242   0x00000002   Code   RO         7893    .ARM.Collect$$libinit$$00000033  c_w.l(libinit2.o)
    0x08000244   0x08000244   0x00000002   Code   RO         7926    .ARM.Collect$$libshutdown$$00000000  c_w.l(libshutdown.o)
    0x08000246   0x08000246   0x00000000   Code   RO         7952    .ARM.Collect$$libshutdown$$00000002  c_w.l(libshutdown2.o)
    0x08000246   0x08000246   0x00000000   Code   RO         7954    .ARM.Collect$$libshutdown$$00000004  c_w.l(libshutdown2.o)
    0x08000246   0x08000246   0x00000000   Code   RO         7956    .ARM.Collect$$libshutdown$$00000006  c_w.l(libshutdown2.o)
    0x08000246   0x08000246   0x00000000   Code   RO         7959    .ARM.Collect$$libshutdown$$00000009  c_w.l(libshutdown2.o)
    0x08000246   0x08000246   0x00000000   Code   RO         7962    .ARM.Collect$$libshutdown$$0000000C  c_w.l(libshutdown2.o)
    0x08000246   0x08000246   0x00000000   Code   RO         7964    .ARM.Collect$$libshutdown$$0000000E  c_w.l(libshutdown2.o)
    0x08000246   0x08000246   0x00000000   Code   RO         7967    .ARM.Collect$$libshutdown$$00000011  c_w.l(libshutdown2.o)
    0x08000246   0x08000246   0x00000002   Code   RO         7968    .ARM.Collect$$libshutdown$$00000012  c_w.l(libshutdown2.o)
    0x08000248   0x08000248   0x00000000   Code   RO         7696    .ARM.Collect$$rtentry$$00000000  c_w.l(__rtentry.o)
    0x08000248   0x08000248   0x00000000   Code   RO         7795    .ARM.Collect$$rtentry$$00000002  c_w.l(__rtentry2.o)
    0x08000248   0x08000248   0x00000006   Code   RO         7807    .ARM.Collect$$rtentry$$00000004  c_w.l(__rtentry4.o)
    0x0800024e   0x0800024e   0x00000000   Code   RO         7797    .ARM.Collect$$rtentry$$00000009  c_w.l(__rtentry2.o)
    0x0800024e   0x0800024e   0x00000004   Code   RO         7798    .ARM.Collect$$rtentry$$0000000A  c_w.l(__rtentry2.o)
    0x08000252   0x08000252   0x00000000   Code   RO         7800    .ARM.Collect$$rtentry$$0000000C  c_w.l(__rtentry2.o)
    0x08000252   0x08000252   0x00000008   Code   RO         7801    .ARM.Collect$$rtentry$$0000000D  c_w.l(__rtentry2.o)
    0x0800025a   0x0800025a   0x00000002   Code   RO         7841    .ARM.Collect$$rtexit$$00000000  c_w.l(rtexit.o)
    0x0800025c   0x0800025c   0x00000000   Code   RO         7899    .ARM.Collect$$rtexit$$00000002  c_w.l(rtexit2.o)
    0x0800025c   0x0800025c   0x00000004   Code   RO         7900    .ARM.Collect$$rtexit$$00000003  c_w.l(rtexit2.o)
    0x08000260   0x08000260   0x00000006   Code   RO         7901    .ARM.Collect$$rtexit$$00000004  c_w.l(rtexit2.o)
    0x08000266   0x08000266   0x00000002   PAD
    0x08000268   0x08000268   0x000000be   Code   RO         5847    .emb_text           port.o
    0x08000326   0x08000326   0x00000002   PAD
    0x08000328   0x08000328   0x00000040   Code   RO            4    .text               startup_stm32f407xx.o
    0x08000368   0x08000368   0x000000ee   Code   RO         7514    .text               c_w.l(lludivv7m.o)
    0x08000456   0x08000456   0x0000008a   Code   RO         7516    .text               c_w.l(rt_memcpy_v6.o)
    0x080004e0   0x080004e0   0x00000064   Code   RO         7518    .text               c_w.l(rt_memcpy_w.o)
    0x08000544   0x08000544   0x00000010   Code   RO         7522    .text               c_w.l(aeabi_memset.o)
    0x08000554   0x08000554   0x00000044   Code   RO         7524    .text               c_w.l(rt_memclr.o)
    0x08000598   0x08000598   0x0000004e   Code   RO         7526    .text               c_w.l(rt_memclr_w.o)
    0x080005e6   0x080005e6   0x00000006   Code   RO         7528    .text               c_w.l(heapauxi.o)
    0x080005ec   0x080005ec   0x00000016   Code   RO         7701    .text               c_w.l(_rserrno.o)
    0x08000602   0x08000602   0x00000002   PAD
    0x08000604   0x08000604   0x00000008   Code   RO         7814    .text               c_w.l(rt_errno_addr_intlibspace.o)
    0x0800060c   0x0800060c   0x00000008   Code   RO         7822    .text               c_w.l(libspace.o)
    0x08000614   0x08000614   0x0000004a   Code   RO         7825    .text               c_w.l(sys_stackheap_outer.o)
    0x0800065e   0x0800065e   0x00000012   Code   RO         7827    .text               c_w.l(exit.o)
    0x08000670   0x08000670   0x0000000c   Code   RO         7896    .text               c_w.l(sys_exit.o)
    0x0800067c   0x0800067c   0x00000002   Code   RO         7915    .text               c_w.l(use_no_semi.o)
    0x0800067e   0x0800067e   0x00000000   Code   RO         7917    .text               c_w.l(indicate_semi.o)
    0x0800067e   0x0800067e   0x0000004c   Code   RO         6531    i.Abs_Encoder_Process_DJI  motor_dji_sdk.o
    0x080006ca   0x080006ca   0x00000002   PAD
    0x080006cc   0x080006cc   0x00000060   Code   RO         7332    i.Action_choose     action.o
    0x0800072c   0x0800072c   0x00000170   Code   RO         7458    i.Block_Plan        route_plan.o
    0x0800089c   0x0800089c   0x00000002   Code   RO          728    i.BusFault_Handler  stm32f4xx_it.o
    0x0800089e   0x0800089e   0x00000002   PAD
    0x080008a0   0x080008a0   0x00000040   Code   RO         6171    i.CAN1_FILTER_CONFIG  can_bsp.o
    0x080008e0   0x080008e0   0x0000000c   Code   RO          729    i.CAN1_RX0_IRQHandler  stm32f4xx_it.o
    0x080008ec   0x080008ec   0x00000044   Code   RO         6172    i.CAN2_FILTER_CONFIG  can_bsp.o
    0x08000930   0x08000930   0x0000000c   Code   RO          730    i.CAN2_RX0_IRQHandler  stm32f4xx_it.o
    0x0800093c   0x0800093c   0x0000003a   Code   RO         6173    i.CAN_SendCurrent   can_bsp.o
    0x08000976   0x08000976   0x00000002   PAD
    0x08000978   0x08000978   0x0000018c   Code   RO         6174    i.CAN_SendData_J60  can_bsp.o
    0x08000b04   0x08000b04   0x00000048   Code   RO         6175    i.CANx_SendStdData  can_bsp.o
    0x08000b4c   0x08000b4c   0x0000002c   Code   RO         6263    i.CS_Change         chassis.o
    0x08000b78   0x08000b78   0x00000018   Code   RO         6264    i.CS_Run            chassis.o
    0x08000b90   0x08000b90   0x000000c0   Code   RO         6265    i.CS_highspeed_Enter  chassis.o
    0x08000c50   0x08000c50   0x00000580   Code   RO         6266    i.CS_highspeed_Execute  chassis.o
    0x080011d0   0x080011d0   0x000000c0   Code   RO         6267    i.CS_lowspeed_Enter  chassis.o
    0x08001290   0x08001290   0x00000574   Code   RO         6268    i.CS_lowspeed_Execute  chassis.o
    0x08001804   0x08001804   0x000000c0   Code   RO         6269    i.CS_position_Enter  chassis.o
    0x080018c4   0x080018c4   0x00000038   Code   RO         6270    i.CS_position_Execute  chassis.o
    0x080018fc   0x080018fc   0x00000156   Code   RO         5927    i.CalTD             algorithm.o
    0x08001a52   0x08001a52   0x00000002   PAD
    0x08001a54   0x08001a54   0x00000034   Code   RO         5928    i.Cal_Angle_Error   algorithm.o
    0x08001a88   0x08001a88   0x00000258   Code   RO         7281    i.CalculateVelocities  remote_control.o
    0x08001ce0   0x08001ce0   0x00000158   Code   RO         6954    i.CheckPathEnd      auto_path.o
    0x08001e38   0x08001e38   0x00000020   Code   RO         5931    i.ClipFloat         algorithm.o
    0x08001e58   0x08001e58   0x000000dc   Code   RO         5934    i.Convert_velt      algorithm.o
    0x08001f34   0x08001f34   0x000000f4   Code   RO         5935    i.Covert_coordinate  algorithm.o
    0x08002028   0x08002028   0x000000b8   Code   RO         6532    i.DJI_ControlLoop   motor_dji_sdk.o
    0x080020e0   0x080020e0   0x0000000c   Code   RO          731    i.DMA1_Stream0_IRQHandler  stm32f4xx_it.o
    0x080020ec   0x080020ec   0x0000000c   Code   RO          732    i.DMA1_Stream2_IRQHandler  stm32f4xx_it.o
    0x080020f8   0x080020f8   0x0000000c   Code   RO          733    i.DMA1_Stream4_IRQHandler  stm32f4xx_it.o
    0x08002104   0x08002104   0x0000000c   Code   RO          734    i.DMA1_Stream5_IRQHandler  stm32f4xx_it.o
    0x08002110   0x08002110   0x0000000c   Code   RO          735    i.DMA1_Stream6_IRQHandler  stm32f4xx_it.o
    0x0800211c   0x0800211c   0x0000000c   Code   RO          736    i.DMA1_Stream7_IRQHandler  stm32f4xx_it.o
    0x08002128   0x08002128   0x0000000c   Code   RO          737    i.DMA2_Stream2_IRQHandler  stm32f4xx_it.o
    0x08002134   0x08002134   0x0000000c   Code   RO          738    i.DMA2_Stream7_IRQHandler  stm32f4xx_it.o
    0x08002140   0x08002140   0x0000002c   Code   RO         2667    i.DMA_CalcBaseAndBitshift  stm32f4xx_hal_dma.o
    0x0800216c   0x0800216c   0x00000078   Code   RO         2668    i.DMA_CheckFifoParam  stm32f4xx_hal_dma.o
    0x080021e4   0x080021e4   0x0000002a   Code   RO         2669    i.DMA_SetConfig     stm32f4xx_hal_dma.o
    0x0800220e   0x0800220e   0x00000002   Code   RO          739    i.DebugMon_Handler  stm32f4xx_it.o
    0x08002210   0x08002210   0x00000234   Code   RO         6271    i.Drive_Chassis     chassis.o
    0x08002444   0x08002444   0x00000004   Code   RO           13    i.Error_Handler     main.o
    0x08002448   0x08002448   0x0000003c   Code   RO         7248    i.Foot_DT35_distance_check  foot.o
    0x08002484   0x08002484   0x000013d4   Code   RO         7249    i.Foot_WorkLoop     foot.o
    0x08003858   0x08003858   0x00000058   Code   RO         6765    i.GO1_Tx            go1_sdk.o
    0x080038b0   0x080038b0   0x0000007c   Code   RO         5936    i.Geometric_mean    algorithm.o
    0x0800392c   0x0800392c   0x00000016   Code   RO         6534    i.GetEncoderNumber_DJI  motor_dji_sdk.o
    0x08003942   0x08003942   0x00000002   PAD
    0x08003944   0x08003944   0x00000024   Code   RO         6535    i.GetSpeed_DJI      motor_dji_sdk.o
    0x08003968   0x08003968   0x00000024   Code   RO         1930    i.HAL_CAN_ActivateNotification  stm32f4xx_hal_can.o
    0x0800398c   0x0800398c   0x000000e2   Code   RO         1931    i.HAL_CAN_AddTxMessage  stm32f4xx_hal_can.o
    0x08003a6e   0x08003a6e   0x00000002   PAD
    0x08003a70   0x08003a70   0x00000110   Code   RO         1932    i.HAL_CAN_ConfigFilter  stm32f4xx_hal_can.o
    0x08003b80   0x08003b80   0x00000002   Code   RO         1935    i.HAL_CAN_ErrorCallback  stm32f4xx_hal_can.o
    0x08003b82   0x08003b82   0x00000112   Code   RO         1938    i.HAL_CAN_GetRxMessage  stm32f4xx_hal_can.o
    0x08003c94   0x08003c94   0x000001fc   Code   RO         1942    i.HAL_CAN_IRQHandler  stm32f4xx_hal_can.o
    0x08003e90   0x08003e90   0x00000152   Code   RO         1943    i.HAL_CAN_Init      stm32f4xx_hal_can.o
    0x08003fe2   0x08003fe2   0x00000002   PAD
    0x08003fe4   0x08003fe4   0x00000104   Code   RO          485    i.HAL_CAN_MspInit   can.o
    0x080040e8   0x080040e8   0x00000002   Code   RO         1950    i.HAL_CAN_RxFifo0FullCallback  stm32f4xx_hal_can.o
    0x080040ea   0x080040ea   0x00000002   PAD
    0x080040ec   0x080040ec   0x00000470   Code   RO         6176    i.HAL_CAN_RxFifo0MsgPendingCallback  can_bsp.o
    0x0800455c   0x0800455c   0x00000002   Code   RO         1952    i.HAL_CAN_RxFifo1FullCallback  stm32f4xx_hal_can.o
    0x0800455e   0x0800455e   0x00000002   Code   RO         1953    i.HAL_CAN_RxFifo1MsgPendingCallback  stm32f4xx_hal_can.o
    0x08004560   0x08004560   0x00000002   Code   RO         1954    i.HAL_CAN_SleepCallback  stm32f4xx_hal_can.o
    0x08004562   0x08004562   0x00000058   Code   RO         1955    i.HAL_CAN_Start     stm32f4xx_hal_can.o
    0x080045ba   0x080045ba   0x00000002   Code   RO         1957    i.HAL_CAN_TxMailbox0AbortCallback  stm32f4xx_hal_can.o
    0x080045bc   0x080045bc   0x00000002   Code   RO         1958    i.HAL_CAN_TxMailbox0CompleteCallback  stm32f4xx_hal_can.o
    0x080045be   0x080045be   0x00000002   Code   RO         1959    i.HAL_CAN_TxMailbox1AbortCallback  stm32f4xx_hal_can.o
    0x080045c0   0x080045c0   0x00000002   Code   RO         1960    i.HAL_CAN_TxMailbox1CompleteCallback  stm32f4xx_hal_can.o
    0x080045c2   0x080045c2   0x00000002   Code   RO         1961    i.HAL_CAN_TxMailbox2AbortCallback  stm32f4xx_hal_can.o
    0x080045c4   0x080045c4   0x00000002   Code   RO         1962    i.HAL_CAN_TxMailbox2CompleteCallback  stm32f4xx_hal_can.o
    0x080045c6   0x080045c6   0x00000002   Code   RO         1964    i.HAL_CAN_WakeUpFromRxMsgCallback  stm32f4xx_hal_can.o
    0x080045c8   0x080045c8   0x0000008e   Code   RO         2670    i.HAL_DMA_Abort     stm32f4xx_hal_dma.o
    0x08004656   0x08004656   0x00000024   Code   RO         2671    i.HAL_DMA_Abort_IT  stm32f4xx_hal_dma.o
    0x0800467a   0x0800467a   0x00000002   PAD
    0x0800467c   0x0800467c   0x000001d0   Code   RO         2675    i.HAL_DMA_IRQHandler  stm32f4xx_hal_dma.o
    0x0800484c   0x0800484c   0x000000d4   Code   RO         2676    i.HAL_DMA_Init      stm32f4xx_hal_dma.o
    0x08004920   0x08004920   0x0000006e   Code   RO         2680    i.HAL_DMA_Start_IT  stm32f4xx_hal_dma.o
    0x0800498e   0x0800498e   0x00000002   PAD
    0x08004990   0x08004990   0x000001d0   Code   RO         2563    i.HAL_GPIO_Init     stm32f4xx_hal_gpio.o
    0x08004b60   0x08004b60   0x0000000e   Code   RO         2567    i.HAL_GPIO_WritePin  stm32f4xx_hal_gpio.o
    0x08004b6e   0x08004b6e   0x00000002   PAD
    0x08004b70   0x08004b70   0x0000000c   Code   RO         3113    i.HAL_GetTick       stm32f4xx_hal.o
    0x08004b7c   0x08004b7c   0x00000010   Code   RO         3119    i.HAL_IncTick       stm32f4xx_hal.o
    0x08004b8c   0x08004b8c   0x00000034   Code   RO         3120    i.HAL_Init          stm32f4xx_hal.o
    0x08004bc0   0x08004bc0   0x00000098   Code   RO          906    i.HAL_InitTick      stm32f4xx_hal_timebase_tim.o
    0x08004c58   0x08004c58   0x00000038   Code   RO          704    i.HAL_MspInit       stm32f4xx_hal_msp.o
    0x08004c90   0x08004c90   0x0000001a   Code   RO         2955    i.HAL_NVIC_EnableIRQ  stm32f4xx_hal_cortex.o
    0x08004caa   0x08004caa   0x00000002   PAD
    0x08004cac   0x08004cac   0x00000040   Code   RO         2961    i.HAL_NVIC_SetPriority  stm32f4xx_hal_cortex.o
    0x08004cec   0x08004cec   0x00000024   Code   RO         2962    i.HAL_NVIC_SetPriorityGrouping  stm32f4xx_hal_cortex.o
    0x08004d10   0x08004d10   0x0000014c   Code   RO         2164    i.HAL_RCC_ClockConfig  stm32f4xx_hal_rcc.o
    0x08004e5c   0x08004e5c   0x0000003c   Code   RO         2168    i.HAL_RCC_GetClockConfig  stm32f4xx_hal_rcc.o
    0x08004e98   0x08004e98   0x0000000c   Code   RO         2169    i.HAL_RCC_GetHCLKFreq  stm32f4xx_hal_rcc.o
    0x08004ea4   0x08004ea4   0x00000020   Code   RO         2171    i.HAL_RCC_GetPCLK1Freq  stm32f4xx_hal_rcc.o
    0x08004ec4   0x08004ec4   0x00000020   Code   RO         2172    i.HAL_RCC_GetPCLK2Freq  stm32f4xx_hal_rcc.o
    0x08004ee4   0x08004ee4   0x00000068   Code   RO         2173    i.HAL_RCC_GetSysClockFreq  stm32f4xx_hal_rcc.o
    0x08004f4c   0x08004f4c   0x000003c0   Code   RO         2176    i.HAL_RCC_OscConfig  stm32f4xx_hal_rcc.o
    0x0800530c   0x0800530c   0x00000002   Code   RO         3365    i.HAL_SPI_ErrorCallback  stm32f4xx_hal_spi.o
    0x0800530e   0x0800530e   0x00000002   PAD
    0x08005310   0x08005310   0x00000104   Code   RO         3368    i.HAL_SPI_IRQHandler  stm32f4xx_hal_spi.o
    0x08005414   0x08005414   0x000000be   Code   RO         3369    i.HAL_SPI_Init      stm32f4xx_hal_spi.o
    0x080054d2   0x080054d2   0x00000002   PAD
    0x080054d4   0x080054d4   0x0000007c   Code   RO          561    i.HAL_SPI_MspInit   spi.o
    0x08005550   0x08005550   0x00000002   Code   RO         1662    i.HAL_TIMEx_BreakCallback  stm32f4xx_hal_tim_ex.o
    0x08005552   0x08005552   0x00000002   Code   RO         1663    i.HAL_TIMEx_CommutCallback  stm32f4xx_hal_tim_ex.o
    0x08005554   0x08005554   0x00000090   Code   RO         1681    i.HAL_TIMEx_MasterConfigSynchronization  stm32f4xx_hal_tim_ex.o
    0x080055e4   0x080055e4   0x0000004a   Code   RO          947    i.HAL_TIM_Base_Init  stm32f4xx_hal_tim.o
    0x0800562e   0x0800562e   0x00000002   PAD
    0x08005630   0x08005630   0x00000038   Code   RO          603    i.HAL_TIM_Base_MspInit  tim.o
    0x08005668   0x08005668   0x0000008c   Code   RO          952    i.HAL_TIM_Base_Start_IT  stm32f4xx_hal_tim.o
    0x080056f4   0x080056f4   0x000000e8   Code   RO          956    i.HAL_TIM_ConfigClockSource  stm32f4xx_hal_tim.o
    0x080057dc   0x080057dc   0x00000002   Code   RO          981    i.HAL_TIM_IC_CaptureCallback  stm32f4xx_hal_tim.o
    0x080057de   0x080057de   0x00000138   Code   RO          995    i.HAL_TIM_IRQHandler  stm32f4xx_hal_tim.o
    0x08005916   0x08005916   0x00000002   Code   RO          998    i.HAL_TIM_OC_DelayElapsedCallback  stm32f4xx_hal_tim.o
    0x08005918   0x08005918   0x00000002   Code   RO         1025    i.HAL_TIM_PWM_PulseFinishedCallback  stm32f4xx_hal_tim.o
    0x0800591a   0x0800591a   0x00000002   PAD
    0x0800591c   0x0800591c   0x00000014   Code   RO           14    i.HAL_TIM_PeriodElapsedCallback  main.o
    0x08005930   0x08005930   0x00000002   Code   RO         1038    i.HAL_TIM_TriggerCallback  stm32f4xx_hal_tim.o
    0x08005932   0x08005932   0x00000002   Code   RO         3692    i.HAL_UARTEx_RxEventCallback  stm32f4xx_hal_uart.o
    0x08005934   0x08005934   0x00000072   Code   RO         3703    i.HAL_UART_DMAResume  stm32f4xx_hal_uart.o
    0x080059a6   0x080059a6   0x00000070   Code   RO         3704    i.HAL_UART_DMAStop  stm32f4xx_hal_uart.o
    0x08005a16   0x08005a16   0x00000002   PAD
    0x08005a18   0x08005a18   0x0000003c   Code   RO          740    i.HAL_UART_ErrorCallback  stm32f4xx_it.o
    0x08005a54   0x08005a54   0x00000248   Code   RO         3709    i.HAL_UART_IRQHandler  stm32f4xx_hal_uart.o
    0x08005c9c   0x08005c9c   0x00000066   Code   RO         3710    i.HAL_UART_Init     stm32f4xx_hal_uart.o
    0x08005d02   0x08005d02   0x00000002   PAD
    0x08005d04   0x08005d04   0x0000043c   Code   RO          645    i.HAL_UART_MspInit  usart.o
    0x08006140   0x08006140   0x0000001c   Code   RO         3714    i.HAL_UART_Receive_DMA  stm32f4xx_hal_uart.o
    0x0800615c   0x0800615c   0x000000c0   Code   RO          741    i.HAL_UART_RxCpltCallback  stm32f4xx_it.o
    0x0800621c   0x0800621c   0x00000002   Code   RO         3717    i.HAL_UART_RxHalfCpltCallback  stm32f4xx_hal_uart.o
    0x0800621e   0x0800621e   0x00000002   PAD
    0x08006220   0x08006220   0x0000008c   Code   RO         3719    i.HAL_UART_Transmit_DMA  stm32f4xx_hal_uart.o
    0x080062ac   0x080062ac   0x0000005c   Code   RO          742    i.HAL_UART_TxCpltCallback  stm32f4xx_it.o
    0x08006308   0x08006308   0x00000002   Code   RO         3722    i.HAL_UART_TxHalfCpltCallback  stm32f4xx_hal_uart.o
    0x0800630a   0x0800630a   0x00000002   Code   RO          743    i.HardFault_Handler  stm32f4xx_it.o
    0x0800630c   0x0800630c   0x00000006   Code   RO         6695    i.J60_FormCanId     j60_sdk.o
    0x08006312   0x08006312   0x00000002   PAD
    0x08006314   0x08006314   0x000000b4   Code   RO         6696    i.J60_LOOP_CONTROL  j60_sdk.o
    0x080063c8   0x080063c8   0x00000008   Code   RO         6698    i.J60_MOTOR_ENABLE  j60_sdk.o
    0x080063d0   0x080063d0   0x00000114   Code   RO         6701    i.J60_Unpack_Feedback  j60_sdk.o
    0x080064e4   0x080064e4   0x00000284   Code   RO         7130    i.LocationFilter    locate.o
    0x08006768   0x08006768   0x00000036   Code   RO         5937    i.LpFilter          algorithm.o
    0x0800679e   0x0800679e   0x00000002   PAD
    0x080067a0   0x080067a0   0x00000048   Code   RO          486    i.MX_CAN1_Init      can.o
    0x080067e8   0x080067e8   0x00000048   Code   RO          487    i.MX_CAN2_Init      can.o
    0x08006830   0x08006830   0x000000ac   Code   RO          533    i.MX_DMA_Init       dma.o
    0x080068dc   0x080068dc   0x00000078   Code   RO          370    i.MX_FREERTOS_Init  freertos.o
    0x08006954   0x08006954   0x000000ec   Code   RO          247    i.MX_GPIO_Init      gpio.o
    0x08006a40   0x08006a40   0x00000048   Code   RO          562    i.MX_SPI2_Init      spi.o
    0x08006a88   0x08006a88   0x00000068   Code   RO          604    i.MX_TIM2_Init      tim.o
    0x08006af0   0x08006af0   0x00000040   Code   RO          646    i.MX_UART4_Init     usart.o
    0x08006b30   0x08006b30   0x00000038   Code   RO          647    i.MX_UART5_Init     usart.o
    0x08006b68   0x08006b68   0x00000038   Code   RO          648    i.MX_USART1_UART_Init  usart.o
    0x08006ba0   0x08006ba0   0x0000003c   Code   RO          649    i.MX_USART2_UART_Init  usart.o
    0x08006bdc   0x08006bdc   0x00000002   Code   RO          744    i.MemManage_Handler  stm32f4xx_it.o
    0x08006bde   0x08006bde   0x00000002   Code   RO          745    i.NMI_Handler       stm32f4xx_it.o
    0x08006be0   0x08006be0   0x000003fc   Code   RO         6955    i.NavPosition       auto_path.o
    0x08006fdc   0x08006fdc   0x00000170   Code   RO         6956    i.NavRotation       auto_path.o
    0x0800714c   0x0800714c   0x000005c0   Code   RO         7171    i.Navigate_Task     navigate.o
    0x0800770c   0x0800770c   0x00000104   Code   RO         5938    i.PID_Calc          algorithm.o
    0x08007810   0x08007810   0x00000148   Code   RO         5939    i.PID_Calc_Angle    algorithm.o
    0x08007958   0x08007958   0x00000148   Code   RO         5940    i.PID_Calc_Pos      algorithm.o
    0x08007aa0   0x08007aa0   0x00000088   Code   RO         7333    i.Part0_INIT        action.o
    0x08007b28   0x08007b28   0x000000d8   Code   RO         7334    i.Part1_action      action.o
    0x08007c00   0x08007c00   0x000001c8   Code   RO         7335    i.Part2_123_action  action.o
    0x08007dc8   0x08007dc8   0x0000059c   Code   RO         7336    i.Part2_action      action.o
    0x08008364   0x08008364   0x00000068   Code   RO         7337    i.Part2_begin       action.o
    0x080083cc   0x080083cc   0x0000008c   Code   RO         7338    i.Part2_to_3        action.o
    0x08008458   0x08008458   0x0000013c   Code   RO         7339    i.Part3_action      action.o
    0x08008594   0x08008594   0x00000050   Code   RO         7340    i.Part3_begin       action.o
    0x080085e4   0x080085e4   0x00000054   Code   RO         7341    i.Part3_begin_2     action.o
    0x08008638   0x08008638   0x000000fc   Code   RO         7342    i.Part_3_Retry      action.o
    0x08008734   0x08008734   0x00000034   Code   RO         7343    i.Part_3_to_R1      action.o
    0x08008768   0x08008768   0x000003dc   Code   RO         6957    i.Path_Permutation  auto_path.o
    0x08008b44   0x08008b44   0x000000c8   Code   RO         6958    i.Path_Permutation_Set_1_0  auto_path.o
    0x08008c0c   0x08008c0c   0x000000a0   Code   RO         6959    i.Path_Permutation_Set_1_1  auto_path.o
    0x08008cac   0x08008cac   0x000000c8   Code   RO         6960    i.Path_Permutation_Set_1_2  auto_path.o
    0x08008d74   0x08008d74   0x000000a4   Code   RO         6961    i.Path_Permutation_Set_1_3  auto_path.o
    0x08008e18   0x08008e18   0x000000a4   Code   RO         6962    i.Path_Permutation_Set_1to2  auto_path.o
    0x08008ebc   0x08008ebc   0x00000164   Code   RO         6963    i.Path_Permutation_Set_3_10  auto_path.o
    0x08009020   0x08009020   0x00000150   Code   RO         6964    i.Path_Permutation_Set_3_12  auto_path.o
    0x08009170   0x08009170   0x000000a4   Code   RO         6966    i.Path_Permutation_Set_3to2  auto_path.o
    0x08009214   0x08009214   0x000003c0   Code   RO         6968    i.Point_to_Point    auto_path.o
    0x080095d4   0x080095d4   0x0000011c   Code   RO         6969    i.Rotation_Permutation  auto_path.o
    0x080096f0   0x080096f0   0x00000074   Code   RO         6970    i.Rotation_Permutation_Set_1  auto_path.o
    0x08009764   0x08009764   0x00000074   Code   RO         6971    i.Rotation_Permutation_Set_2  auto_path.o
    0x080097d8   0x080097d8   0x00000078   Code   RO         6972    i.Rotation_Permutation_Set_3  auto_path.o
    0x08009850   0x08009850   0x000001dc   Code   RO         7459    i.Route_Plan_1      route_plan.o
    0x08009a2c   0x08009a2c   0x0000011c   Code   RO         7460    i.Route_Plan_2      route_plan.o
    0x08009b48   0x08009b48   0x00000024   Code   RO         7461    i.Route_Plan_choose  route_plan.o
    0x08009b6c   0x08009b6c   0x00000088   Code   RO         7462    i.Route_Update      route_plan.o
    0x08009bf4   0x08009bf4   0x00000088   Code   RO         6973    i.SET_NAV_PATH_PERMUTATION  auto_path.o
    0x08009c7c   0x08009c7c   0x0000000c   Code   RO          746    i.SPI2_IRQHandler   stm32f4xx_it.o
    0x08009c88   0x08009c88   0x00000010   Code   RO         3396    i.SPI_DMAAbortOnError  stm32f4xx_hal_spi.o
    0x08009c98   0x08009c98   0x00000174   Code   RO         7283    i.Send_To_RemoteControl  remote_control.o
    0x08009e0c   0x08009e0c   0x0000002c   Code   RO         5941    i.Sgn               algorithm.o
    0x08009e38   0x08009e38   0x000004d8   Code   RO         6272    i.SpeedDistribute_Four_SteeringWheel  chassis.o
    0x0800a310   0x0800a310   0x000000a4   Code   RO         7463    i.Step_State        route_plan.o
    0x0800a3b4   0x0800a3b4   0x0000001a   Code   RO         5263    i.SysTick_Handler   cmsis_os2.o
    0x0800a3ce   0x0800a3ce   0x00000002   PAD
    0x0800a3d0   0x0800a3d0   0x00000094   Code   RO           15    i.SystemClock_Config  main.o
    0x0800a464   0x0800a464   0x00000010   Code   RO         4054    i.SystemInit        system_stm32f4xx.o
    0x0800a474   0x0800a474   0x00000104   Code   RO          371    i.TASK1             freertos.o
    0x0800a578   0x0800a578   0x0000007c   Code   RO          372    i.TASK2             freertos.o
    0x0800a5f4   0x0800a5f4   0x0000001c   Code   RO          373    i.TASK3             freertos.o
    0x0800a610   0x0800a610   0x00000030   Code   RO          374    i.TASK4             freertos.o
    0x0800a640   0x0800a640   0x00000018   Code   RO          375    i.TASK5             freertos.o
    0x0800a658   0x0800a658   0x0000005c   Code   RO          376    i.TASK6             freertos.o
    0x0800a6b4   0x0800a6b4   0x00000284   Code   RO          747    i.TIM2_IRQHandler   stm32f4xx_it.o
    0x0800a938   0x0800a938   0x0000000c   Code   RO          748    i.TIM6_DAC_IRQHandler  stm32f4xx_it.o
    0x0800a944   0x0800a944   0x000000d4   Code   RO         1040    i.TIM_Base_SetConfig  stm32f4xx_hal_tim.o
    0x0800aa18   0x0800aa18   0x00000014   Code   RO         1051    i.TIM_ETR_SetConfig  stm32f4xx_hal_tim.o
    0x0800aa2c   0x0800aa2c   0x00000010   Code   RO         1052    i.TIM_ITRx_SetConfig  stm32f4xx_hal_tim.o
    0x0800aa3c   0x0800aa3c   0x00000022   Code   RO         1058    i.TIM_TI1_ConfigInputStage  stm32f4xx_hal_tim.o
    0x0800aa5e   0x0800aa5e   0x00000024   Code   RO         1060    i.TIM_TI2_ConfigInputStage  stm32f4xx_hal_tim.o
    0x0800aa82   0x0800aa82   0x0000001a   Code   RO         6177    i.TravelSwitchDataDeal  can_bsp.o
    0x0800aa9c   0x0800aa9c   0x0000000c   Code   RO          749    i.UART4_IRQHandler  stm32f4xx_it.o
    0x0800aaa8   0x0800aaa8   0x00000068   Code   RO          750    i.UART5_IRQHandler  stm32f4xx_it.o
    0x0800ab10   0x0800ab10   0x0000000e   Code   RO         3723    i.UART_DMAAbortOnError  stm32f4xx_hal_uart.o
    0x0800ab1e   0x0800ab1e   0x0000004a   Code   RO         3724    i.UART_DMAError     stm32f4xx_hal_uart.o
    0x0800ab68   0x0800ab68   0x00000086   Code   RO         3725    i.UART_DMAReceiveCplt  stm32f4xx_hal_uart.o
    0x0800abee   0x0800abee   0x0000001e   Code   RO         3727    i.UART_DMARxHalfCplt  stm32f4xx_hal_uart.o
    0x0800ac0c   0x0800ac0c   0x00000042   Code   RO         3729    i.UART_DMATransmitCplt  stm32f4xx_hal_uart.o
    0x0800ac4e   0x0800ac4e   0x0000000a   Code   RO         3731    i.UART_DMATxHalfCplt  stm32f4xx_hal_uart.o
    0x0800ac58   0x0800ac58   0x0000004e   Code   RO         3733    i.UART_EndRxTransfer  stm32f4xx_hal_uart.o
    0x0800aca6   0x0800aca6   0x0000001a   Code   RO         3734    i.UART_EndTransmit_IT  stm32f4xx_hal_uart.o
    0x0800acc0   0x0800acc0   0x0000001c   Code   RO         3735    i.UART_EndTxTransfer  stm32f4xx_hal_uart.o
    0x0800acdc   0x0800acdc   0x000000c8   Code   RO         3736    i.UART_Receive_IT   stm32f4xx_hal_uart.o
    0x0800ada4   0x0800ada4   0x00000114   Code   RO         3737    i.UART_SetConfig    stm32f4xx_hal_uart.o
    0x0800aeb8   0x0800aeb8   0x000000a4   Code   RO         3738    i.UART_Start_Receive_DMA  stm32f4xx_hal_uart.o
    0x0800af5c   0x0800af5c   0x0000005e   Code   RO         3740    i.UART_Transmit_IT  stm32f4xx_hal_uart.o
    0x0800afba   0x0800afba   0x00000002   PAD
    0x0800afbc   0x0800afbc   0x00000138   Code   RO         6974    i.UP_DOWN_Velt_Set  auto_path.o
    0x0800b0f4   0x0800b0f4   0x00000060   Code   RO          751    i.USART1_IRQHandler  stm32f4xx_it.o
    0x0800b154   0x0800b154   0x0000005c   Code   RO          752    i.USART2_IRQHandler  stm32f4xx_it.o
    0x0800b1b0   0x0800b1b0   0x00000064   Code   RO         7195    i.Upper_Data_Recieve_Deal  board_communicate.o
    0x0800b214   0x0800b214   0x00000028   Code   RO         7196    i.Upper_Lower_Communication  board_communicate.o
    0x0800b23c   0x0800b23c   0x00000002   Code   RO          753    i.UsageFault_Handler  stm32f4xx_it.o
    0x0800b23e   0x0800b23e   0x00000002   PAD
    0x0800b240   0x0800b240   0x00000070   Code   RO         6817    i.VOFA_pack_data    vofa.o
    0x0800b2b0   0x0800b2b0   0x00000040   Code   RO         6818    i.VOFA_transmit_data  vofa.o
    0x0800b2f0   0x0800b2f0   0x0000008c   Code   RO         7428    i.Vision_Data_Deal  vision.o
    0x0800b37c   0x0800b37c   0x00000028   Code   RO         7429    i.Vision_Transmit   vision.o
    0x0800b3a4   0x0800b3a4   0x00000418   Code   RO         7131    i.Vision_location   locate.o
    0x0800b7bc   0x0800b7bc   0x00000030   Code   RO         7759    i.__ARM_fpclassify  m_wm.l(fpclassify.o)
    0x0800b7ec   0x0800b7ec   0x00000026   Code   RO         7761    i.__ARM_fpclassifyf  m_wm.l(fpclassifyf.o)
    0x0800b812   0x0800b812   0x00000020   Code   RO         2968    i.__NVIC_SetPriority  stm32f4xx_hal_cortex.o
    0x0800b832   0x0800b832   0x00000006   PAD
    0x0800b838   0x0800b838   0x000002d8   Code   RO         7728    i.__hardfp_atan     m_wm.l(atan.o)
    0x0800bb10   0x0800bb10   0x00000200   Code   RO         7562    i.__hardfp_atan2    m_wm.l(atan2.o)
    0x0800bd10   0x0800bd10   0x000002ac   Code   RO         7574    i.__hardfp_atan2f   m_wm.l(atan2f.o)
    0x0800bfbc   0x0800bfbc   0x00000004   PAD
    0x0800bfc0   0x0800bfc0   0x000000c8   Code   RO         7586    i.__hardfp_cos      m_wm.l(cos.o)
    0x0800c088   0x0800c088   0x00000150   Code   RO         7598    i.__hardfp_cosf     m_wm.l(cosf.o)
    0x0800c1d8   0x0800c1d8   0x00000014   Code   RO         7610    i.__hardfp_fabs     m_wm.l(fabs.o)
    0x0800c1ec   0x0800c1ec   0x00000074   Code   RO         7616    i.__hardfp_fmax     m_wm.l(fmax.o)
    0x0800c260   0x0800c260   0x000000b0   Code   RO         7620    i.__hardfp_fmodf    m_wm.l(fmodf.o)
    0x0800c310   0x0800c310   0x00000c50   Code   RO         7632    i.__hardfp_pow      m_wm.l(pow.o)
    0x0800cf60   0x0800cf60   0x00000664   Code   RO         7646    i.__hardfp_powf     m_wm.l(powf.o)
    0x0800d5c4   0x0800d5c4   0x00000190   Code   RO         7660    i.__hardfp_sinf     m_wm.l(sinf.o)
    0x0800d754   0x0800d754   0x0000007a   Code   RO         7672    i.__hardfp_sqrt     m_wm.l(sqrt.o)
    0x0800d7ce   0x0800d7ce   0x0000003a   Code   RO         7684    i.__hardfp_sqrtf    m_wm.l(sqrtf.o)
    0x0800d808   0x0800d808   0x00000438   Code   RO         7780    i.__ieee754_rem_pio2  m_wm.l(rred.o)
    0x0800dc40   0x0800dc40   0x00000170   Code   RO         7742    i.__kernel_cos      m_wm.l(cos_i.o)
    0x0800ddb0   0x0800ddb0   0x000000f8   Code   RO         7777    i.__kernel_poly     m_wm.l(poly.o)
    0x0800dea8   0x0800dea8   0x00000130   Code   RO         7788    i.__kernel_sin      m_wm.l(sin_i.o)
    0x0800dfd8   0x0800dfd8   0x00000030   Code   RO         7745    i.__mathlib_dbl_divzero  m_wm.l(dunder.o)
    0x0800e008   0x0800e008   0x00000014   Code   RO         7746    i.__mathlib_dbl_infnan  m_wm.l(dunder.o)
    0x0800e01c   0x0800e01c   0x00000014   Code   RO         7747    i.__mathlib_dbl_infnan2  m_wm.l(dunder.o)
    0x0800e030   0x0800e030   0x00000020   Code   RO         7748    i.__mathlib_dbl_invalid  m_wm.l(dunder.o)
    0x0800e050   0x0800e050   0x00000020   Code   RO         7749    i.__mathlib_dbl_overflow  m_wm.l(dunder.o)
    0x0800e070   0x0800e070   0x00000020   Code   RO         7751    i.__mathlib_dbl_underflow  m_wm.l(dunder.o)
    0x0800e090   0x0800e090   0x00000014   Code   RO         7763    i.__mathlib_flt_divzero  m_wm.l(funder.o)
    0x0800e0a4   0x0800e0a4   0x00000006   Code   RO         7764    i.__mathlib_flt_infnan  m_wm.l(funder.o)
    0x0800e0aa   0x0800e0aa   0x00000006   Code   RO         7765    i.__mathlib_flt_infnan2  m_wm.l(funder.o)
    0x0800e0b0   0x0800e0b0   0x00000010   Code   RO         7766    i.__mathlib_flt_invalid  m_wm.l(funder.o)
    0x0800e0c0   0x0800e0c0   0x00000010   Code   RO         7767    i.__mathlib_flt_overflow  m_wm.l(funder.o)
    0x0800e0d0   0x0800e0d0   0x00000010   Code   RO         7769    i.__mathlib_flt_underflow  m_wm.l(funder.o)
    0x0800e0e0   0x0800e0e0   0x00000154   Code   RO         7785    i.__mathlib_rredf2  m_wm.l(rredf.o)
    0x0800e234   0x0800e234   0x000000d8   Code   RO         6891    i.analysis_data     gyro.o
    0x0800e30c   0x0800e30c   0x0000004c   Code   RO         6273    i.angle_nearest_to  chassis.o
    0x0800e358   0x0800e358   0x00000010   Code   RO         7730    i.atan              m_wm.l(atan.o)
    0x0800e368   0x0800e368   0x00000034   Code   RO         6892    i.calc_checksum     gyro.o
    0x0800e39c   0x0800e39c   0x00000020   Code   RO         6178    i.can1_start        can_bsp.o
    0x0800e3bc   0x0800e3bc   0x00000020   Code   RO         6179    i.can2_start        can_bsp.o
    0x0800e3dc   0x0800e3dc   0x000000cc   Code   RO         6893    i.check_data_len_by_id  gyro.o
    0x0800e4a8   0x0800e4a8   0x00000040   Code   RO         6894    i.clear_data        gyro.o
    0x0800e4e8   0x0800e4e8   0x00000018   Code   RO         6766    i.crc_ccitt         go1_sdk.o
    0x0800e500   0x0800e500   0x00000014   Code   RO         6767    i.crc_ccitt_byte    go1_sdk.o
    0x0800e514   0x0800e514   0x000000dc   Code   RO         6768    i.extract_data      go1_sdk.o
    0x0800e5f0   0x0800e5f0   0x00000018   Code   RO         7612    i.fabs              m_wm.l(fabs.o)
    0x0800e608   0x0800e608   0x00000030   Code   RO         5942    i.feedforward_G_tor  algorithm.o
    0x0800e638   0x0800e638   0x00000028   Code   RO         5945    i.float_to_uint     algorithm.o
    0x0800e660   0x0800e660   0x0000011c   Code   RO         6274    i.friction_compensation  chassis.o
    0x0800e77c   0x0800e77c   0x00000018   Code   RO         6896    i.get_signed_int    gyro.o
    0x0800e794   0x0800e794   0x000000d0   Code   RO           16    i.main              main.o
    0x0800e864   0x0800e864   0x000001b0   Code   RO         6769    i.modify_data       go1_sdk.o
    0x0800ea14   0x0800ea14   0x0000001c   Code   RO         5265    i.osDelay           cmsis_os2.o
    0x0800ea30   0x0800ea30   0x00000028   Code   RO         5279    i.osKernelInitialize  cmsis_os2.o
    0x0800ea58   0x0800ea58   0x00000038   Code   RO         5282    i.osKernelStart     cmsis_os2.o
    0x0800ea90   0x0800ea90   0x000000ba   Code   RO         5324    i.osThreadNew       cmsis_os2.o
    0x0800eb4a   0x0800eb4a   0x00000002   PAD
    0x0800eb4c   0x0800eb4c   0x00000044   Code   RO         7284    i.parseDataPacket   remote_control.o
    0x0800eb90   0x0800eb90   0x000004ac   Code   RO         6975    i.path_get_block    auto_path.o
    0x0800f03c   0x0800f03c   0x000000b8   Code   RO         6976    i.path_permutation_choose  auto_path.o
    0x0800f0f4   0x0800f0f4   0x00000464   Code   RO         6977    i.path_point_choose  auto_path.o
    0x0800f558   0x0800f558   0x00000060   Code   RO         4700    i.prvAddCurrentTaskToDelayedList  tasks.o
    0x0800f5b8   0x0800f5b8   0x00000088   Code   RO         4701    i.prvAddNewTaskToReadyList  tasks.o
    0x0800f640   0x0800f640   0x00000058   Code   RO         5076    i.prvCheckForValidListAndQueue  timers.o
    0x0800f698   0x0800f698   0x0000003c   Code   RO         4702    i.prvCheckTasksWaitingTermination  tasks.o
    0x0800f6d4   0x0800f6d4   0x00000028   Code   RO         4287    i.prvCopyDataFromQueue  queue.o
    0x0800f6fc   0x0800f6fc   0x0000006e   Code   RO         4288    i.prvCopyDataToQueue  queue.o
    0x0800f76a   0x0800f76a   0x00000040   Code   RO         4703    i.prvDeleteTCB      tasks.o
    0x0800f7aa   0x0800f7aa   0x00000002   PAD
    0x0800f7ac   0x0800f7ac   0x00000024   Code   RO         5077    i.prvGetNextExpireTime  timers.o
    0x0800f7d0   0x0800f7d0   0x0000004c   Code   RO         5792    i.prvHeapInit       heap_4.o
    0x0800f81c   0x0800f81c   0x00000028   Code   RO         4704    i.prvIdleTask       tasks.o
    0x0800f844   0x0800f844   0x00000022   Code   RO         4291    i.prvInitialiseNewQueue  queue.o
    0x0800f866   0x0800f866   0x000000a8   Code   RO         4705    i.prvInitialiseNewTask  tasks.o
    0x0800f90e   0x0800f90e   0x00000002   PAD
    0x0800f910   0x0800f910   0x00000058   Code   RO         4706    i.prvInitialiseTaskLists  tasks.o
    0x0800f968   0x0800f968   0x00000054   Code   RO         5793    i.prvInsertBlockIntoFreeList  heap_4.o
    0x0800f9bc   0x0800f9bc   0x00000040   Code   RO         5079    i.prvInsertTimerInActiveList  timers.o
    0x0800f9fc   0x0800f9fc   0x0000001a   Code   RO         4292    i.prvIsQueueEmpty   queue.o
    0x0800fa16   0x0800fa16   0x0000001e   Code   RO         4293    i.prvIsQueueFull    queue.o
    0x0800fa34   0x0800fa34   0x00000068   Code   RO         5080    i.prvProcessExpiredTimer  timers.o
    0x0800fa9c   0x0800fa9c   0x000000fc   Code   RO         5081    i.prvProcessReceivedCommands  timers.o
    0x0800fb98   0x0800fb98   0x0000006c   Code   RO         5082    i.prvProcessTimerOrBlockTask  timers.o
    0x0800fc04   0x0800fc04   0x00000024   Code   RO         4708    i.prvResetNextTaskUnblockTime  tasks.o
    0x0800fc28   0x0800fc28   0x0000002c   Code   RO         5083    i.prvSampleTimeNow  timers.o
    0x0800fc54   0x0800fc54   0x00000070   Code   RO         5084    i.prvSwitchTimerLists  timers.o
    0x0800fcc4   0x0800fcc4   0x0000002c   Code   RO         5848    i.prvTaskExitError  port.o
    0x0800fcf0   0x0800fcf0   0x00000014   Code   RO         5085    i.prvTimerTask      timers.o
    0x0800fd04   0x0800fd04   0x0000006a   Code   RO         4294    i.prvUnlockQueue    queue.o
    0x0800fd6e   0x0800fd6e   0x00000002   PAD
    0x0800fd70   0x0800fd70   0x000000dc   Code   RO         5794    i.pvPortMalloc      heap_4.o
    0x0800fe4c   0x0800fe4c   0x00000024   Code   RO         5849    i.pxPortInitialiseStack  port.o
    0x0800fe70   0x0800fe70   0x00000066   Code   RO         5946    i.ramp_signal       algorithm.o
    0x0800fed6   0x0800fed6   0x0000006e   Code   RO         7674    i.sqrt              m_wm.l(sqrt.o)
    0x0800ff44   0x0800ff44   0x00000060   Code   RO         6275    i.swerve_optimize   chassis.o
    0x0800ffa4   0x0800ffa4   0x00000028   Code   RO         5947    i.uint_to_float     algorithm.o
    0x0800ffcc   0x0800ffcc   0x000000c0   Code   RO         7198    i.updateTxData      board_communicate.o
    0x0801008c   0x0801008c   0x00000026   Code   RO         4247    i.uxListRemove      list.o
    0x080100b2   0x080100b2   0x00000002   PAD
    0x080100b4   0x080100b4   0x00000014   Code   RO         5336    i.vApplicationGetIdleTaskMemory  cmsis_os2.o
    0x080100c8   0x080100c8   0x00000018   Code   RO         5337    i.vApplicationGetTimerTaskMemory  cmsis_os2.o
    0x080100e0   0x080100e0   0x00000016   Code   RO         4248    i.vListInitialise   list.o
    0x080100f6   0x080100f6   0x00000006   Code   RO         4249    i.vListInitialiseItem  list.o
    0x080100fc   0x080100fc   0x00000030   Code   RO         4250    i.vListInsert       list.o
    0x0801012c   0x0801012c   0x00000018   Code   RO         4251    i.vListInsertEnd    list.o
    0x08010144   0x08010144   0x00000040   Code   RO         5851    i.vPortEnterCritical  port.o
    0x08010184   0x08010184   0x0000002c   Code   RO         5852    i.vPortExitCritical  port.o
    0x080101b0   0x080101b0   0x00000064   Code   RO         5795    i.vPortFree         heap_4.o
    0x08010214   0x08010214   0x00000024   Code   RO         5853    i.vPortSetupTimerInterrupt  port.o
    0x08010238   0x08010238   0x00000054   Code   RO         5854    i.vPortValidateInterruptPriority  port.o
    0x0801028c   0x0801028c   0x00000024   Code   RO         4300    i.vQueueAddToRegistry  queue.o
    0x080102b0   0x080102b0   0x00000046   Code   RO         4304    i.vQueueWaitForMessageRestricted  queue.o
    0x080102f6   0x080102f6   0x00000002   PAD
    0x080102f8   0x080102f8   0x00000050   Code   RO         4721    i.vTaskDelay        tasks.o
    0x08010348   0x08010348   0x00000010   Code   RO         4726    i.vTaskInternalSetTimeOutState  tasks.o
    0x08010358   0x08010358   0x0000000c   Code   RO         4727    i.vTaskMissedYield  tasks.o
    0x08010364   0x08010364   0x00000034   Code   RO         4729    i.vTaskPlaceOnEventList  tasks.o
    0x08010398   0x08010398   0x0000003c   Code   RO         4730    i.vTaskPlaceOnEventListRestricted  tasks.o
    0x080103d4   0x080103d4   0x00000090   Code   RO         4738    i.vTaskStartScheduler  tasks.o
    0x08010464   0x08010464   0x00000010   Code   RO         4740    i.vTaskSuspendAll   tasks.o
    0x08010474   0x08010474   0x00000068   Code   RO         4741    i.vTaskSwitchContext  tasks.o
    0x080104dc   0x080104dc   0x000000f4   Code   RO         5855    i.xPortStartScheduler  port.o
    0x080105d0   0x080105d0   0x0000002c   Code   RO         5856    i.xPortSysTickHandler  port.o
    0x080105fc   0x080105fc   0x0000006c   Code   RO         4310    i.xQueueGenericCreateStatic  queue.o
    0x08010668   0x08010668   0x0000008c   Code   RO         4311    i.xQueueGenericReset  queue.o
    0x080106f4   0x080106f4   0x00000164   Code   RO         4312    i.xQueueGenericSend  queue.o
    0x08010858   0x08010858   0x000000c0   Code   RO         4313    i.xQueueGenericSendFromISR  queue.o
    0x08010918   0x08010918   0x0000013c   Code   RO         4322    i.xQueueReceive     queue.o
    0x08010a54   0x08010a54   0x0000007c   Code   RO         4743    i.xTaskCheckForTimeOut  tasks.o
    0x08010ad0   0x08010ad0   0x00000064   Code   RO         4744    i.xTaskCreate       tasks.o
    0x08010b34   0x08010b34   0x0000005c   Code   RO         4745    i.xTaskCreateStatic  tasks.o
    0x08010b90   0x08010b90   0x0000001c   Code   RO         4749    i.xTaskGetSchedulerState  tasks.o
    0x08010bac   0x08010bac   0x0000000c   Code   RO         4750    i.xTaskGetTickCount  tasks.o
    0x08010bb8   0x08010bb8   0x000000cc   Code   RO         4752    i.xTaskIncrementTick  tasks.o
    0x08010c84   0x08010c84   0x0000007c   Code   RO         4755    i.xTaskPriorityDisinherit  tasks.o
    0x08010d00   0x08010d00   0x00000078   Code   RO         4757    i.xTaskRemoveFromEventList  tasks.o
    0x08010d78   0x08010d78   0x000000c8   Code   RO         4758    i.xTaskResumeAll    tasks.o
    0x08010e40   0x08010e40   0x00000068   Code   RO         5094    i.xTimerCreateTimerTask  timers.o
    0x08010ea8   0x08010ea8   0x0000006c   Code   RO         5095    i.xTimerGenericCommand  timers.o
    0x08010f14   0x08010f14   0x00000018   Code   RO         7703    x$fpl$basic         fz_wm.l(basic.o)
    0x08010f2c   0x08010f2c   0x00000062   Code   RO         7532    x$fpl$d2f           fz_wm.l(d2f.o)
    0x08010f8e   0x08010f8e   0x00000002   PAD
    0x08010f90   0x08010f90   0x00000150   Code   RO         7534    x$fpl$dadd          fz_wm.l(daddsub_clz.o)
    0x080110e0   0x080110e0   0x00000010   Code   RO         7816    x$fpl$dcheck1       fz_wm.l(dcheck1.o)
    0x080110f0   0x080110f0   0x00000136   Code   RO         7705    x$fpl$dcmp4         fz_wm.l(dcmp4.o)
    0x08011226   0x08011226   0x00000018   Code   RO         7707    x$fpl$dcmpinf       fz_wm.l(dcmpi.o)
    0x0801123e   0x0801123e   0x00000002   PAD
    0x08011240   0x08011240   0x000002b0   Code   RO         7541    x$fpl$ddiv          fz_wm.l(ddiv.o)
    0x080114f0   0x080114f0   0x00000078   Code   RO         7709    x$fpl$deqf          fz_wm.l(deqf.o)
    0x08011568   0x08011568   0x0000005e   Code   RO         7818    x$fpl$dfix          fz_wm.l(dfix.o)
    0x080115c6   0x080115c6   0x00000002   PAD
    0x080115c8   0x080115c8   0x0000005a   Code   RO         7544    x$fpl$dfixu         fz_wm.l(dfixu.o)
    0x08011622   0x08011622   0x0000002e   Code   RO         7549    x$fpl$dflt          fz_wm.l(dflt_clz.o)
    0x08011650   0x08011650   0x00000026   Code   RO         7548    x$fpl$dfltu         fz_wm.l(dflt_clz.o)
    0x08011676   0x08011676   0x00000002   PAD
    0x08011678   0x08011678   0x00000078   Code   RO         7554    x$fpl$dleqf         fz_wm.l(dleqf.o)
    0x080116f0   0x080116f0   0x00000154   Code   RO         7556    x$fpl$dmul          fz_wm.l(dmul.o)
    0x08011844   0x08011844   0x0000009c   Code   RO         7711    x$fpl$dnaninf       fz_wm.l(dnaninf.o)
    0x080118e0   0x080118e0   0x0000000c   Code   RO         7713    x$fpl$dretinf       fz_wm.l(dretinf.o)
    0x080118ec   0x080118ec   0x0000006c   Code   RO         7558    x$fpl$drleqf        fz_wm.l(drleqf.o)
    0x08011958   0x08011958   0x00000016   Code   RO         7535    x$fpl$drsb          fz_wm.l(daddsub_clz.o)
    0x0801196e   0x0801196e   0x00000002   PAD
    0x08011970   0x08011970   0x00000198   Code   RO         7715    x$fpl$dsqrt         fz_wm.l(dsqrt_umaal.o)
    0x08011b08   0x08011b08   0x000001d4   Code   RO         7536    x$fpl$dsub          fz_wm.l(daddsub_clz.o)
    0x08011cdc   0x08011cdc   0x00000056   Code   RO         7560    x$fpl$f2d           fz_wm.l(f2d.o)
    0x08011d32   0x08011d32   0x0000008c   Code   RO         7717    x$fpl$fnaninf       fz_wm.l(fnaninf.o)
    0x08011dbe   0x08011dbe   0x0000000a   Code   RO         7911    x$fpl$fpinit        fz_wm.l(fpinit.o)
    0x08011dc8   0x08011dc8   0x000000f4   Code   RO         7719    x$fpl$frem          fz_wm.l(frem_clz.o)
    0x08011ebc   0x08011ebc   0x0000000a   Code   RO         7721    x$fpl$fretinf       fz_wm.l(fretinf.o)
    0x08011ec6   0x08011ec6   0x00000064   Code   RO         7839    x$fpl$retnan        fz_wm.l(retnan.o)
    0x08011f2a   0x08011f2a   0x0000005c   Code   RO         7725    x$fpl$scalbn        fz_wm.l(scalbn.o)
    0x08011f86   0x08011f86   0x00000030   Code   RO         7894    x$fpl$trapveneer    fz_wm.l(trapv.o)
    0x08011fb6   0x08011fb6   0x00000000   Code   RO         7727    x$fpl$usenofp       fz_wm.l(usenofp.o)
    0x08011fb6   0x08011fb6   0x00000002   PAD
    0x08011fb8   0x08011fb8   0x000000d8   Data   RO          377    .constdata          freertos.o
    0x08012090   0x08012090   0x00000008   Data   RO         2682    .constdata          stm32f4xx_hal_dma.o
    0x08012098   0x08012098   0x00000010   Data   RO         4055    .constdata          system_stm32f4xx.o
    0x080120a8   0x080120a8   0x00000008   Data   RO         4056    .constdata          system_stm32f4xx.o
    0x080120b0   0x080120b0   0x00000200   Data   RO         6770    .constdata          go1_sdk.o
    0x080122b0   0x080122b0   0x00000004   Data   RO         6820    .constdata          vofa.o
    0x080122b4   0x080122b4   0x00000004   PAD
    0x080122b8   0x080122b8   0x00000088   Data   RO         7635    .constdata          m_wm.l(pow.o)
    0x08012340   0x08012340   0x00000140   Data   RO         7649    .constdata          m_wm.l(powf.o)
    0x08012480   0x08012480   0x00000098   Data   RO         7731    .constdata          m_wm.l(atan.o)
    0x08012518   0x08012518   0x00000030   Data   RO         7743    .constdata          m_wm.l(cos_i.o)
    0x08012548   0x08012548   0x00000008   Data   RO         7779    .constdata          m_wm.l(qnan.o)
    0x08012550   0x08012550   0x000000c8   Data   RO         7782    .constdata          m_wm.l(rred.o)
    0x08012618   0x08012618   0x00000020   Data   RO         7786    .constdata          m_wm.l(rredf.o)
    0x08012638   0x08012638   0x00000028   Data   RO         7789    .constdata          m_wm.l(sin_i.o)
    0x08012660   0x08012660   0x0000002e   Data   RO          378    .conststring        freertos.o
    0x0801268e   0x0801268e   0x00000002   PAD
    0x08012690   0x08012690   0x00000020   Data   RO         7969    Region$$Table       anon$$obj.o


    Execution Region RW_IRAM1 (Exec base: 0x20000000, Load base: 0x080126b0, Size: 0x000079a8, Max: 0x0001c000, ABSOLUTE, COMPRESSED[0x000002f8])

    Exec Addr    Load Addr    Size         Type   Attr      Idx    E Section Name        Object

    0x20000000   COMPRESSED   0x00000018   Data   RW          379    .data               freertos.o
    0x20000018   COMPRESSED   0x00000004   Data   RW          489    .data               can.o
    0x2000001c   COMPRESSED   0x0000000c   Data   RW         3127    .data               stm32f4xx_hal.o
    0x20000028   COMPRESSED   0x00000004   Data   RW         4057    .data               system_stm32f4xx.o
    0x2000002c   COMPRESSED   0x0000003c   Data   RW         4761    .data               tasks.o
    0x20000068   COMPRESSED   0x00000014   Data   RW         5103    .data               timers.o
    0x2000007c   COMPRESSED   0x00000004   Data   RW         5339    .data               cmsis_os2.o
    0x20000080   COMPRESSED   0x00000020   Data   RW         5801    .data               heap_4.o
    0x200000a0   COMPRESSED   0x0000000c   Data   RW         5857    .data               port.o
    0x200000ac   COMPRESSED   0x00000010   Data   RW         6181    .data               can_bsp.o
    0x200000bc   COMPRESSED   0x00000008   Data   RW         6277    .data               chassis.o
    0x200000c4   COMPRESSED   0x0000000c   Data   RW         6280    .data               chassis.o
    0x200000d0   COMPRESSED   0x0000000c   Data   RW         6281    .data               chassis.o
    0x200000dc   COMPRESSED   0x0000000c   Data   RW         6282    .data               chassis.o
    0x200000e8   COMPRESSED   0x00000004   Data   RW         6403    .data               global.declare.o
    0x200000ec   COMPRESSED   0x00000002   Data   RW         6404    .data               global.declare.o
    0x200000ee   COMPRESSED   0x00000001   Data   RW         6405    .data               global.declare.o
    0x200000ef   COMPRESSED   0x00000001   PAD
    0x200000f0   COMPRESSED   0x0000012c   Data   RW         6406    .data               global.declare.o
    0x2000021c   COMPRESSED   0x0000012c   Data   RW         6407    .data               global.declare.o
    0x20000348   COMPRESSED   0x0000012c   Data   RW         6408    .data               global.declare.o
    0x20000474   COMPRESSED   0x0000012c   Data   RW         6409    .data               global.declare.o
    0x200005a0   COMPRESSED   0x0000012c   Data   RW         6410    .data               global.declare.o
    0x200006cc   COMPRESSED   0x0000012c   Data   RW         6411    .data               global.declare.o
    0x200007f8   COMPRESSED   0x0000012c   Data   RW         6412    .data               global.declare.o
    0x20000924   COMPRESSED   0x0000012c   Data   RW         6413    .data               global.declare.o
    0x20000a50   COMPRESSED   0x0000012c   Data   RW         6414    .data               global.declare.o
    0x20000b7c   COMPRESSED   0x00000004   Data   RW         6415    .data               global.declare.o
    0x20000b80   COMPRESSED   0x00000004   Data   RW         6416    .data               global.declare.o
    0x20000b84   COMPRESSED   0x00000004   Data   RW         6417    .data               global.declare.o
    0x20000b88   COMPRESSED   0x00000004   Data   RW         6418    .data               global.declare.o
    0x20000b8c   COMPRESSED   0x00000001   Data   RW         6419    .data               global.declare.o
    0x20000b8d   COMPRESSED   0x00000001   Data   RW         6420    .data               global.declare.o
    0x20000b8e   COMPRESSED   0x00000001   Data   RW         6421    .data               global.declare.o
    0x20000b8f   COMPRESSED   0x00000001   Data   RW         6422    .data               global.declare.o
    0x20000b90   COMPRESSED   0x00000040   Data   RW         6423    .data               global.declare.o
    0x20000bd0   COMPRESSED   0x00000054   Data   RW         6424    .data               global.declare.o
    0x20000c24   COMPRESSED   0x00000054   Data   RW         6425    .data               global.declare.o
    0x20000c78   COMPRESSED   0x00000004   Data   RW         6426    .data               global.declare.o
    0x20000c7c   COMPRESSED   0x00000004   Data   RW         6427    .data               global.declare.o
    0x20000c80   COMPRESSED   0x00000001   Data   RW         6428    .data               global.declare.o
    0x20000c81   COMPRESSED   0x00000001   Data   RW         6429    .data               global.declare.o
    0x20000c82   COMPRESSED   0x00000002   PAD
    0x20000c84   COMPRESSED   0x00000004   Data   RW         6430    .data               global.declare.o
    0x20000c88   COMPRESSED   0x00000154   Data   RW         6432    .data               global.declare.o
    0x20000ddc   COMPRESSED   0x00000010   Data   RW         6433    .data               global.declare.o
    0x20000dec   COMPRESSED   0x00000010   Data   RW         6434    .data               global.declare.o
    0x20000dfc   COMPRESSED   0x00000018   Data   RW         6435    .data               global.declare.o
    0x20000e14   COMPRESSED   0x00000001   Data   RW         6436    .data               global.declare.o
    0x20000e15   COMPRESSED   0x00000001   Data   RW         6437    .data               global.declare.o
    0x20000e16   COMPRESSED   0x00000001   Data   RW         6438    .data               global.declare.o
    0x20000e17   COMPRESSED   0x00000001   PAD
    0x20000e18   COMPRESSED   0x00000004   Data   RW         6439    .data               global.declare.o
    0x20000e1c   COMPRESSED   0x0000000a   Data   RW         6440    .data               global.declare.o
    0x20000e26   COMPRESSED   0x00000002   Data   RW         6441    .data               global.declare.o
    0x20000e28   COMPRESSED   0x00000008   Data   RW         6442    .data               global.declare.o
    0x20000e30   COMPRESSED   0x00000001   Data   RW         6443    .data               global.declare.o
    0x20000e31   COMPRESSED   0x00000003   PAD
    0x20000e34   COMPRESSED   0x00000048   Data   RW         6444    .data               global.declare.o
    0x20000e7c   COMPRESSED   0x00000001   Data   RW         6445    .data               global.declare.o
    0x20000e7d   COMPRESSED   0x00000001   Data   RW         6446    .data               global.declare.o
    0x20000e7e   COMPRESSED   0x00000001   Data   RW         6447    .data               global.declare.o
    0x20000e7f   COMPRESSED   0x00000001   Data   RW         6450    .data               global.declare.o
    0x20000e80   COMPRESSED   0x00000001   Data   RW         6451    .data               global.declare.o
    0x20000e81   COMPRESSED   0x00000003   PAD
    0x20000e84   COMPRESSED   0x00000210   Data   RW         6452    .data               global.declare.o
    0x20001094   COMPRESSED   0x00000001   Data   RW         6453    .data               global.declare.o
    0x20001095   COMPRESSED   0x00000003   PAD
    0x20001098   COMPRESSED   0x00000004   Data   RW         6454    .data               global.declare.o
    0x2000109c   COMPRESSED   0x00000004   Data   RW         6455    .data               global.declare.o
    0x200010a0   COMPRESSED   0x00000004   Data   RW         6456    .data               global.declare.o
    0x200010a4   COMPRESSED   0x00000001   Data   RW         6457    .data               global.declare.o
    0x200010a5   COMPRESSED   0x00000001   Data   RW         6458    .data               global.declare.o
    0x200010a6   COMPRESSED   0x00000001   Data   RW         6459    .data               global.declare.o
    0x200010a7   COMPRESSED   0x00000001   Data   RW         6460    .data               global.declare.o
    0x200010a8   COMPRESSED   0x00000001   Data   RW         6461    .data               global.declare.o
    0x200010a9   COMPRESSED   0x00000001   Data   RW         6462    .data               global.declare.o
    0x200010aa   COMPRESSED   0x00000001   Data   RW         6463    .data               global.declare.o
    0x200010ab   COMPRESSED   0x00000001   PAD
    0x200010ac   COMPRESSED   0x00000004   Data   RW         6464    .data               global.declare.o
    0x200010b0   COMPRESSED   0x00000001   Data   RW         6465    .data               global.declare.o
    0x200010b1   COMPRESSED   0x00000001   Data   RW         6466    .data               global.declare.o
    0x200010b2   COMPRESSED   0x00000001   Data   RW         6467    .data               global.declare.o
    0x200010b3   COMPRESSED   0x00000001   Data   RW         6468    .data               global.declare.o
    0x200010b4   COMPRESSED   0x00000001   Data   RW         6469    .data               global.declare.o
    0x200010b5   COMPRESSED   0x00000001   Data   RW         6470    .data               global.declare.o
    0x200010b6   COMPRESSED   0x00000001   Data   RW         6471    .data               global.declare.o
    0x200010b7   COMPRESSED   0x00000001   Data   RW         6472    .data               global.declare.o
    0x200010b8   COMPRESSED   0x00000001   Data   RW         6474    .data               global.declare.o
    0x200010b9   COMPRESSED   0x00000001   Data   RW         6475    .data               global.declare.o
    0x200010ba   COMPRESSED   0x00000001   Data   RW         6476    .data               global.declare.o
    0x200010bb   COMPRESSED   0x00000001   PAD
    0x200010bc   COMPRESSED   0x00000004   Data   RW         6477    .data               global.declare.o
    0x200010c0   COMPRESSED   0x00000004   Data   RW         6478    .data               global.declare.o
    0x200010c4   COMPRESSED   0x00000004   Data   RW         6479    .data               global.declare.o
    0x200010c8   COMPRESSED   0x00000004   Data   RW         6480    .data               global.declare.o
    0x200010cc   COMPRESSED   0x00000004   Data   RW         6481    .data               global.declare.o
    0x200010d0   COMPRESSED   0x00000008   Data   RW         6482    .data               global.declare.o
    0x200010d8   COMPRESSED   0x00000004   Data   RW         6483    .data               global.declare.o
    0x200010dc   COMPRESSED   0x00000004   Data   RW         6484    .data               global.declare.o
    0x200010e0   COMPRESSED   0x00000001   Data   RW         6487    .data               global.declare.o
    0x200010e1   COMPRESSED   0x00000008   Data   RW         6488    .data               global.declare.o
    0x200010e9   COMPRESSED   0x00000001   Data   RW         6492    .data               global.declare.o
    0x200010ea   COMPRESSED   0x00000003   Data   RW         6495    .data               global.declare.o
    0x200010ed   COMPRESSED   0x00000004   Data   RW         6496    .data               global.declare.o
    0x200010f1   COMPRESSED   0x00000001   Data   RW         6497    .data               global.declare.o
    0x200010f2   COMPRESSED   0x00000002   PAD
    0x200010f4   COMPRESSED   0x00000004   Data   RW         6498    .data               global.declare.o
    0x200010f8   COMPRESSED   0x00000004   Data   RW         6499    .data               global.declare.o
    0x200010fc   COMPRESSED   0x00000004   Data   RW         6500    .data               global.declare.o
    0x20001100   COMPRESSED   0x00000001   Data   RW         6501    .data               global.declare.o
    0x20001101   COMPRESSED   0x00000001   Data   RW         6703    .data               j60_sdk.o
    0x20001102   COMPRESSED   0x00000002   Data   RW         6899    .data               gyro.o
    0x20001104   COMPRESSED   0x00000040   Data   RW         6900    .data               gyro.o
    0x20001144   COMPRESSED   0x00000024   Data   RW         6978    .data               auto_path.o
    0x20001168   COMPRESSED   0x00000014   Data   RW         7132    .data               locate.o
    0x2000117c   COMPRESSED   0x00000014   Data   RW         7203    .data               board_communicate.o
    0x20001190   COMPRESSED   0x0000003c   Data   RW         7287    .data               remote_control.o
    0x200011cc   COMPRESSED   0x00000008   Data   RW         7344    .data               action.o
    0x200011d4        -       0x00000050   Zero   RW          488    .bss                can.o
    0x20001224        -       0x00000058   Zero   RW          563    .bss                spi.o
    0x2000127c        -       0x00000048   Zero   RW          605    .bss                tim.o
    0x200012c4        -       0x00000420   Zero   RW          650    .bss                usart.o
    0x200016e4        -       0x00000048   Zero   RW          909    .bss                stm32f4xx_hal_timebase_tim.o
    0x2000172c        -       0x00000040   Zero   RW         4326    .bss                queue.o
    0x2000176c        -       0x000004c4   Zero   RW         4760    .bss                tasks.o
    0x20001c30        -       0x00000118   Zero   RW         5102    .bss                timers.o
    0x20001d48        -       0x000006b8   Zero   RW         5338    .bss                cmsis_os2.o
    0x20002400        -       0x00003c00   Zero   RW         5800    .bss                heap_4.o
    0x20006000        -       0x00000030   Zero   RW         6180    .bss                can_bsp.o
    0x20006030        -       0x00000010   Zero   RW         6276    .bss                chassis.o
    0x20006040        -       0x0000000c   Zero   RW         6377    .bss                global.declare.o
    0x2000604c        -       0x00000050   Zero   RW         6378    .bss                global.declare.o
    0x2000609c        -       0x0000000c   Zero   RW         6379    .bss                global.declare.o
    0x200060a8        -       0x00000024   Zero   RW         6380    .bss                global.declare.o
    0x200060cc        -       0x00000040   Zero   RW         6381    .bss                global.declare.o
    0x2000610c        -       0x00000040   Zero   RW         6382    .bss                global.declare.o
    0x2000614c        -       0x00000010   Zero   RW         6383    .bss                global.declare.o
    0x2000615c        -       0x00000028   Zero   RW         6384    .bss                global.declare.o
    0x20006184        -       0x00000018   Zero   RW         6385    .bss                global.declare.o
    0x2000619c        -       0x00000010   Zero   RW         6386    .bss                global.declare.o
    0x200061ac        -       0x00000010   Zero   RW         6387    .bss                global.declare.o
    0x200061bc        -       0x00000010   Zero   RW         6388    .bss                global.declare.o
    0x200061cc        -       0x00000010   Zero   RW         6389    .bss                global.declare.o
    0x200061dc        -       0x00000010   Zero   RW         6390    .bss                global.declare.o
    0x200061ec        -       0x0000000a   Zero   RW         6391    .bss                global.declare.o
    0x200061f6   COMPRESSED   0x00000002   PAD
    0x200061f8        -       0x00000044   Zero   RW         6392    .bss                global.declare.o
    0x2000623c        -       0x000000ac   Zero   RW         6393    .bss                global.declare.o
    0x200062e8        -       0x0000003e   Zero   RW         6394    .bss                global.declare.o
    0x20006326   COMPRESSED   0x00000002   PAD
    0x20006328        -       0x0000004c   Zero   RW         6395    .bss                global.declare.o
    0x20006374        -       0x00000a68   Zero   RW         6397    .bss                global.declare.o
    0x20006ddc        -       0x00000084   Zero   RW         6398    .bss                global.declare.o
    0x20006e60        -       0x00000012   Zero   RW         6399    .bss                global.declare.o
    0x20006e72        -       0x00000012   Zero   RW         6400    .bss                global.declare.o
    0x20006e84        -       0x00000011   Zero   RW         6401    .bss                global.declare.o
    0x20006e95        -       0x0000000c   Zero   RW         6402    .bss                global.declare.o
    0x20006ea1        -       0x0000001a   Zero   RW         6595    .bss                nrf24l01.o
    0x20006ebb        -       0x00000054   Zero   RW         6819    .bss                vofa.o
    0x20006f0f        -       0x00000230   Zero   RW         6897    .bss                gyro.o
    0x2000713f        -       0x00000200   Zero   RW         6898    .bss                gyro.o
    0x2000733f        -       0x00000009   Zero   RW         7285    .bss                remote_control.o
    0x20007348        -       0x00000060   Zero   RW         7823    .bss                c_w.l(libspace.o)
    0x200073a8        -       0x00000200   Zero   RW            2    HEAP                startup_stm32f407xx.o
    0x200075a8        -       0x00000400   Zero   RW            1    STACK               startup_stm32f407xx.o


    Execution Region RW_IRAM2 (Exec base: 0x2001c000, Load base: 0x080129a8, Size: 0x00000000, Max: 0x00004000, ABSOLUTE)

    **** No section assigned to this execution region ****


==============================================================================

Image component sizes


      Code (inc. data)   RO Data    RW Data    ZI Data      Debug   Object Name

      3368        586          0          8          0       9042   action.o
      2258         80          0          0          0     624012   algorithm.o
      9012       1158          0         36          0      38987   auto_path.o
       332         52          0         20          0       3215   board_communicate.o
       404         42          0          4         80       2874   can.o
      1884        158          0         16         48       7407   can_bsp.o
      5764        702          0         44         16      10432   chassis.o
       380         24          0          4       1720      66087   cmsis_os2.o
         0          0          0          0          0       7252   croutine.o
       172          4          0          0          0        998   dma.o
         0          0          0          0          0      19812   event_groups.o
      5136        554          0          0          0       3959   foot.o
       696        152        262         24          0       5347   freertos.o
         0          0          0       4104       3677      17894   global.declare.o
       784         98        512          0          0       3916   go1_sdk.o
       236         16          0          0          0     705563   gpio.o
       560         16          0         66       1072       7758   gyro.o
       480         26          0         32      15360       5407   heap_4.o
       470         34          0          1          0       3420   j60_sdk.o
       138          0          0          0          0       3978   list.o
      1692        238          0         20          0       2886   locate.o
       380         60          0          0          0     713772   main.o
       318         12          0          0          0       2866   motor_dji_sdk.o
      1472        168          0          0          0       2300   navigate.o
         0          0          0          0         26       2584   nrf24l01.o
       786         84          0         12          0      12413   port.o
      1564         20          0          0         64      18820   queue.o
      1040         80          0         60          9      19846   remote_control.o
      1464         66          0          0          0       5411   route_plan.o
       196         24          0          0         88       1969   spi.o
        64         26        392          0       1536        932   startup_stm32f407xx.o
        80         14          0         12          0       8486   stm32f4xx_hal.o
      1766          6          0          0          0      16019   stm32f4xx_hal_can.o
       158         14          0          0          0      33458   stm32f4xx_hal_cortex.o
      1170         14          8          0          0       8118   stm32f4xx_hal_dma.o
       478         44          0          0          0       2508   stm32f4xx_hal_gpio.o
        56          4          0          0          0        994   stm32f4xx_hal_msp.o
      1532         84          0          0          0       7553   stm32f4xx_hal_rcc.o
       468          6          0          0          0       3888   stm32f4xx_hal_spi.o
      1084         74          0          0          0      10999   stm32f4xx_hal_tim.o
       148         30          0          0          0       2829   stm32f4xx_hal_tim_ex.o
       152         20          0          0         72       1755   stm32f4xx_hal_timebase_tim.o
      2280         42          0          0          0      19051   stm32f4xx_hal_uart.o
      1448        334          0          0          0      14918   stm32f4xx_it.o
         0          0          0          0          0        408   stream_buffer.o
        16          4         24          4          0       1331   system_stm32f4xx.o
      2176        186          0         60       1220      29986   tasks.o
       160         12          0          0         72       1966   tim.o
      1040         88          0         20        280      34435   timers.o
      1320         92          0          0       1056       5301   usart.o
       180         30          0          0          0       1353   vision.o
       176         22          4          0         84       2185   vofa.o

    ----------------------------------------------------------------------
     57006       5600       1240       4564      26484    2538700   Object Totals
         0          0         32          0          0          0   (incl. Generated)
        68          0          6         17          4          0   (incl. Padding)

    ----------------------------------------------------------------------

      Code (inc. data)   RO Data    RW Data    ZI Data      Debug   Library Member Name

        90          0          0          0          0          0   __dczerorl2.o
         8          0          0          0          0         68   __main.o
         0          0          0          0          0          0   __rtentry.o
        12          0          0          0          0          0   __rtentry2.o
         6          0          0          0          0          0   __rtentry4.o
        52          8          0          0          0          0   __scatter.o
        28          0          0          0          0          0   __scatter_zi.o
        22          0          0          0          0        100   _rserrno.o
        16          0          0          0          0         68   aeabi_memset.o
        18          0          0          0          0         80   exit.o
         6          0          0          0          0        152   heapauxi.o
         0          0          0          0          0          0   indicate_semi.o
         2          0          0          0          0          0   libinit.o
         6          0          0          0          0          0   libinit2.o
         2          0          0          0          0          0   libshutdown.o
         2          0          0          0          0          0   libshutdown2.o
         8          4          0          0         96         68   libspace.o
       238          0          0          0          0        100   lludivv7m.o
         8          4          0          0          0         68   rt_errno_addr_intlibspace.o
        68          0          0          0          0         68   rt_memclr.o
        78          0          0          0          0         80   rt_memclr_w.o
       138          0          0          0          0         68   rt_memcpy_v6.o
       100          0          0          0          0         80   rt_memcpy_w.o
         2          0          0          0          0          0   rtexit.o
        10          0          0          0          0          0   rtexit2.o
        12          4          0          0          0         68   sys_exit.o
        74          0          0          0          0         80   sys_stackheap_outer.o
         2          0          0          0          0         68   use_no_semi.o
        24          0          0          0          0        164   basic.o
        98          4          0          0          0        140   d2f.o
       826         16          0          0          0        492   daddsub_clz.o
        16          4          0          0          0        116   dcheck1.o
       310          8          0          0          0        228   dcmp4.o
        24          0          0          0          0        116   dcmpi.o
       688        140          0          0          0        256   ddiv.o
       120          4          0          0          0        140   deqf.o
        94          4          0          0          0        140   dfix.o
        90          4          0          0          0        140   dfixu.o
        84          0          0          0          0        232   dflt_clz.o
       120          4          0          0          0        140   dleqf.o
       340         12          0          0          0        152   dmul.o
       156          4          0          0          0        140   dnaninf.o
        12          0          0          0          0        116   dretinf.o
       108          0          0          0          0        128   drleqf.o
       408         56          0          0          0        168   dsqrt_umaal.o
        86          4          0          0          0        132   f2d.o
       140          4          0          0          0        132   fnaninf.o
        10          0          0          0          0        116   fpinit.o
       244          8          0          0          0        132   frem_clz.o
        10          0          0          0          0        116   fretinf.o
       100          0          0          0          0        116   retnan.o
        92          0          0          0          0        116   scalbn.o
        48          0          0          0          0        116   trapv.o
         0          0          0          0          0          0   usenofp.o
       744        106        152          0          0        352   atan.o
       512         64          0          0          0        208   atan2.o
       684         90          0          0          0        208   atan2f.o
       200         20          0          0          0        164   cos.o
       368         46         48          0          0        200   cos_i.o
       336         56          0          0          0        136   cosf.o
       184         44          0          0          0        744   dunder.o
        44          0          0          0          0        248   fabs.o
       116          0          0          0          0        164   fmax.o
       176          0          0          0          0        168   fmodf.o
        48          0          0          0          0        124   fpclassify.o
        38          0          0          0          0        116   fpclassifyf.o
        80         24          0          0          0        696   funder.o
       248          0          0          0          0        152   poly.o
      3152        296        136          0          0        352   pow.o
      1636        110        320          0          0        372   powf.o
         0          0          8          0          0          0   qnan.o
      1080        142        200          0          0        188   rred.o
       340         24         32          0          0        160   rredf.o
       304         24         40          0          0        208   sin_i.o
       400         56          0          0          0        212   sinf.o
       232          0          0          0          0        296   sqrt.o
        58          0          0          0          0        136   sqrtf.o

    ----------------------------------------------------------------------
     16258       1402        936          0         96      10804   Library Totals
        22          4          0          0          0          0   (incl. Padding)

    ----------------------------------------------------------------------

      Code (inc. data)   RO Data    RW Data    ZI Data      Debug   Library Name

      1008         20          0          0         96       1216   c_w.l
      4248        276          0          0          0       3984   fz_wm.l
     10980       1102        936          0          0       5604   m_wm.l

    ----------------------------------------------------------------------
     16258       1402        936          0         96      10804   Library Totals

    ----------------------------------------------------------------------

==============================================================================


      Code (inc. data)   RO Data    RW Data    ZI Data      Debug   

     73264       7002       2176       4564      26580    2511932   Grand Totals
     73264       7002       2176        760      26580    2511932   ELF Image Totals (compressed)
     73264       7002       2176        760          0          0   ROM Totals

==============================================================================

    Total RO  Size (Code + RO Data)                75440 (  73.67kB)
    Total RW  Size (RW Data + ZI Data)             31144 (  30.41kB)
    Total ROM Size (Code + RO Data + RW Data)      76200 (  74.41kB)

==============================================================================

