Component: ARM Compiler 5.06 update 7 (build 960) Tool: armlink [4d3601]

==============================================================================

Section Cross References

    startup_stm32f407xx.o(RESET) refers to startup_stm32f407xx.o(STACK) for __initial_sp
    startup_stm32f407xx.o(RESET) refers to startup_stm32f407xx.o(.text) for Reset_Handler
    startup_stm32f407xx.o(RESET) refers to stm32f4xx_it.o(i.NMI_Handler) for NMI_Handler
    startup_stm32f407xx.o(RESET) refers to stm32f4xx_it.o(i.HardFault_Handler) for HardFault_Handler
    startup_stm32f407xx.o(RESET) refers to stm32f4xx_it.o(i.MemManage_Handler) for MemManage_Handler
    startup_stm32f407xx.o(RESET) refers to stm32f4xx_it.o(i.BusFault_Handler) for BusFault_Handler
    startup_stm32f407xx.o(RESET) refers to stm32f4xx_it.o(i.UsageFault_Handler) for UsageFault_Handler
    startup_stm32f407xx.o(RESET) refers to stm32f4xx_it.o(i.SVC_Handler) for SVC_Handler
    startup_stm32f407xx.o(RESET) refers to stm32f4xx_it.o(i.DebugMon_Handler) for DebugMon_Handler
    startup_stm32f407xx.o(RESET) refers to stm32f4xx_it.o(i.PendSV_Handler) for PendSV_Handler
    startup_stm32f407xx.o(RESET) refers to stm32f4xx_it.o(i.SysTick_Handler) for SysTick_Handler
    startup_stm32f407xx.o(RESET) refers to stm32f4xx_it.o(i.DMA1_Stream1_IRQHandler) for DMA1_Stream1_IRQHandler
    startup_stm32f407xx.o(RESET) refers to stm32f4xx_it.o(i.DMA1_Stream2_IRQHandler) for DMA1_Stream2_IRQHandler
    startup_stm32f407xx.o(RESET) refers to stm32f4xx_it.o(i.DMA1_Stream3_IRQHandler) for DMA1_Stream3_IRQHandler
    startup_stm32f407xx.o(RESET) refers to stm32f4xx_it.o(i.DMA1_Stream4_IRQHandler) for DMA1_Stream4_IRQHandler
    startup_stm32f407xx.o(RESET) refers to stm32f4xx_it.o(i.TIM1_UP_TIM10_IRQHandler) for TIM1_UP_TIM10_IRQHandler
    startup_stm32f407xx.o(RESET) refers to stm32f4xx_it.o(i.USART1_IRQHandler) for USART1_IRQHandler
    startup_stm32f407xx.o(RESET) refers to stm32f4xx_it.o(i.USART2_IRQHandler) for USART2_IRQHandler
    startup_stm32f407xx.o(RESET) refers to stm32f4xx_it.o(i.USART3_IRQHandler) for USART3_IRQHandler
    startup_stm32f407xx.o(RESET) refers to stm32f4xx_it.o(i.UART4_IRQHandler) for UART4_IRQHandler
    startup_stm32f407xx.o(RESET) refers to stm32f4xx_it.o(i.DMA2_Stream1_IRQHandler) for DMA2_Stream1_IRQHandler
    startup_stm32f407xx.o(RESET) refers to stm32f4xx_it.o(i.DMA2_Stream2_IRQHandler) for DMA2_Stream2_IRQHandler
    startup_stm32f407xx.o(RESET) refers to stm32f4xx_it.o(i.ETH_IRQHandler) for ETH_IRQHandler
    startup_stm32f407xx.o(RESET) refers to stm32f4xx_it.o(i.DMA2_Stream6_IRQHandler) for DMA2_Stream6_IRQHandler
    startup_stm32f407xx.o(RESET) refers to stm32f4xx_it.o(i.DMA2_Stream7_IRQHandler) for DMA2_Stream7_IRQHandler
    startup_stm32f407xx.o(RESET) refers to stm32f4xx_it.o(i.USART6_IRQHandler) for USART6_IRQHandler
    startup_stm32f407xx.o(.text) refers to system_stm32f4xx.o(i.SystemInit) for SystemInit
    startup_stm32f407xx.o(.text) refers to entry.o(.ARM.Collect$$$$00000000) for __main
    main.o(i.HAL_TIM_PeriodElapsedCallback) refers to tim.o(.bss) for htim1
    main.o(i.HAL_TIM_PeriodElapsedCallback) refers to robot.o(.bss) for robot
    main.o(i.HAL_TIM_PeriodElapsedCallback) refers to system_monitor.o(.bss) for system_monitor
    main.o(i.SystemClock_Config) refers to memseta.o(.text) for __aeabi_memclr4
    main.o(i.SystemClock_Config) refers to stm32f4xx_hal_rcc.o(i.HAL_RCC_OscConfig) for HAL_RCC_OscConfig
    main.o(i.SystemClock_Config) refers to main.o(i.Error_Handler) for Error_Handler
    main.o(i.SystemClock_Config) refers to stm32f4xx_hal_rcc.o(i.HAL_RCC_ClockConfig) for HAL_RCC_ClockConfig
    main.o(i.main) refers to stm32f4xx_hal.o(i.HAL_Init) for HAL_Init
    main.o(i.main) refers to main.o(i.SystemClock_Config) for SystemClock_Config
    main.o(i.main) refers to gpio.o(i.MX_GPIO_Init) for MX_GPIO_Init
    main.o(i.main) refers to dma.o(i.MX_DMA_Init) for MX_DMA_Init
    main.o(i.main) refers to usart.o(i.MX_UART4_Init) for MX_UART4_Init
    main.o(i.main) refers to usart.o(i.MX_USART1_UART_Init) for MX_USART1_UART_Init
    main.o(i.main) refers to usart.o(i.MX_USART3_UART_Init) for MX_USART3_UART_Init
    main.o(i.main) refers to usart.o(i.MX_USART6_UART_Init) for MX_USART6_UART_Init
    main.o(i.main) refers to tim.o(i.MX_TIM1_Init) for MX_TIM1_Init
    main.o(i.main) refers to lwip.o(i.MX_LWIP_Init) for MX_LWIP_Init
    main.o(i.main) refers to usart.o(i.MX_USART2_UART_Init) for MX_USART2_UART_Init
    main.o(i.main) refers to stm32f4xx_hal_rcc.o(i.HAL_RCC_GetHCLKFreq) for HAL_RCC_GetHCLKFreq
    main.o(i.main) refers to delay.o(i.delay_init) for delay_init
    main.o(i.main) refers to stm32f4xx_hal_tim.o(i.HAL_TIM_Base_Start_IT) for HAL_TIM_Base_Start_IT
    main.o(i.main) refers to udp_comm.o(i.udp_echoserver_init) for udp_echoserver_init
    main.o(i.main) refers to robot.o(i.robot_init) for robot_init
    main.o(i.main) refers to lwip.o(i.MX_LWIP_Process) for MX_LWIP_Process
[...]
    TIM6_DAC_IRQHandler                      0x080001bb   Thumb Code     0  startup_stm32f407xx.o(.text)
    TIM7_IRQHandler                          0x080001bb   Thumb Code     0  startup_stm32f407xx.o(.text)
    TIM8_BRK_TIM12_IRQHandler                0x080001bb   Thumb Code     0  startup_stm32f407xx.o(.text)
    TIM8_CC_IRQHandler                       0x080001bb   Thumb Code     0  startup_stm32f407xx.o(.text)
    TIM8_TRG_COM_TIM14_IRQHandler            0x080001bb   Thumb Code     0  startup_stm32f407xx.o(.text)
    TIM8_UP_TIM13_IRQHandler                 0x080001bb   Thumb Code     0  startup_stm32f407xx.o(.text)
    UART5_IRQHandler                         0x080001bb   Thumb Code     0  startup_stm32f407xx.o(.text)
    WWDG_IRQHandler                          0x080001bb   Thumb Code     0  startup_stm32f407xx.o(.text)
    __aeabi_uldivmod                         0x080001c5   Thumb Code    98  uldiv.o(.text)
    rand                                     0x08000229   Thumb Code    20  rand.o(.text)
    srand                                    0x0800023d   Thumb Code     6  rand.o(.text)
    ___aeabi_memcpy8$move                    0x0800024d   Thumb Code     0  memmovea.o(.text)
    __aeabi_memcpy                           0x0800024d   Thumb Code    64  memmovea.o(.text)
    __aeabi_memcpy4                          0x0800024d   Thumb Code     0  memmovea.o(.text)
    __aeabi_memmove                          0x0800024d   Thumb Code     0  memmovea.o(.text)
    __aeabi_memmove4                         0x0800024d   Thumb Code     0  memmovea.o(.text)
    __aeabi_memmove8                         0x0800024d   Thumb Code     0  memmovea.o(.text)
    __aeabi_memset                           0x0800028d   Thumb Code    14  memseta.o(.text)
    __aeabi_memset4                          0x0800028d   Thumb Code     0  memseta.o(.text)
    __aeabi_memset8                          0x0800028d   Thumb Code     0  memseta.o(.text)
    __aeabi_memclr                           0x0800029b   Thumb Code     4  memseta.o(.text)
    __aeabi_memclr4                          0x0800029b   Thumb Code     0  memseta.o(.text)
    __aeabi_memclr8                          0x0800029b   Thumb Code     0  memseta.o(.text)
    _memset$wrapper                          0x0800029f   Thumb Code    18  memseta.o(.text)
    memcmp                                   0x080002b1   Thumb Code    26  memcmp.o(.text)
    __aeabi_ddiv                             0x080002cb   Thumb Code   222  ddiv.o(.text)
    __aeabi_i2d                              0x080003a9   Thumb Code    34  dflti.o(.text)
    __aeabi_f2d                              0x080003cb   Thumb Code    38  f2d.o(.text)
    __aeabi_d2f                              0x080003f1   Thumb Code    56  d2f.o(.text)
    __aeabi_uidiv                            0x08000429   Thumb Code     0  uidiv.o(.text)
    __aeabi_uidivmod                         0x08000429   Thumb Code    44  uidiv.o(.text)
    __aeabi_llsl                             0x08000455   Thumb Code    30  llshl.o(.text)
    _ll_shift_l                              0x08000455   Thumb Code     0  llshl.o(.text)
    __aeabi_llsr                             0x08000473   Thumb Code    32  llushr.o(.text)
    _ll_ushift_r                             0x08000473   Thumb Code     0  llushr.o(.text)
    __I$use$fp                               0x08000493   Thumb Code     0  iusefp.o(.text)
    _float_round                             0x08000493   Thumb Code    18  fepilogue.o(.text)
    _float_epilogue                          0x080004a5   Thumb Code    92  fepilogue.o(.text)
    _double_round                            0x08000501   Thumb Code    30  depilogue.o(.text)
    _double_epilogue                         0x0800051f   Thumb Code   156  depilogue.o(.text)
    __scatterload                            0x080005bd   Thumb Code    28  init.o(.text)
    __scatterload_rt2                        0x080005bd   Thumb Code     0  init.o(.text)
    __I$use$semihosting$fputc                0x080005e1   Thumb Code     0  iusesemip.o(.text)
    __decompress                             0x080005e1   Thumb Code     0  __dczerorl2.o(.text)
    __decompress1                            0x080005e1   Thumb Code    86  __dczerorl2.o(.text)
    __semihosting_library_function           0x080005e1   Thumb Code     0  semi.o(.text)
    BusFault_Handler                         0x08000637   Thumb Code     4  stm32f4xx_it.o(i.BusFault_Handler)
    DMA1_Stream1_IRQHandler                  0x0800063d   Thumb Code    10  stm32f4xx_it.o(i.DMA1_Stream1_IRQHandler)
    DMA1_Stream2_IRQHandler                  0x0800064d   Thumb Code    10  stm32f4xx_it.o(i.DMA1_Stream2_IRQHandler)
    DMA1_Stream3_IRQHandler                  0x0800065d   Thumb Code    10  stm32f4xx_it.o(i.DMA1_Stream3_IRQHandler)
    DMA1_Stream4_IRQHandler                  0x0800066d   Thumb Code    10  stm32f4xx_it.o(i.DMA1_Stream4_IRQHandler)
    DMA2_Stream1_IRQHandler                  0x0800067d   Thumb Code    10  stm32f4xx_it.o(i.DMA2_Stream1_IRQHandler)
    DMA2_Stream2_IRQHandler                  0x0800068d   Thumb Code    10  stm32f4xx_it.o(i.DMA2_Stream2_IRQHandler)
    DMA2_Stream6_IRQHandler                  0x0800069d   Thumb Code    10  stm32f4xx_it.o(i.DMA2_Stream6_IRQHandler)
    DMA2_Stream7_IRQHandler                  0x080006ad   Thumb Code    10  stm32f4xx_it.o(i.DMA2_Stream7_IRQHandler)
    DebugMon_Handler                         0x080007c7   Thumb Code     2  stm32f4xx_it.o(i.DebugMon_Handler)
    ETH_IRQHandler                           0x080008d9   Thumb Code    10  stm32f4xx_it.o(i.ETH_IRQHandler)
    ETH_PHY_IO_DeInit                        0x080009d1   Thumb Code     4  ethernetif.o(i.ETH_PHY_IO_DeInit)
    ETH_PHY_IO_GetTick                       0x080009d5   Thumb Code     8  ethernetif.o(i.ETH_PHY_IO_GetTick)
    ETH_PHY_IO_Init                          0x080009dd   Thumb Code    12  ethernetif.o(i.ETH_PHY_IO_Init)
    ETH_PHY_IO_ReadReg                       0x080009ed   Thumb Code    32  ethernetif.o(i.ETH_PHY_IO_ReadReg)
    ETH_PHY_IO_WriteReg                      0x08000a11   Thumb Code    32  ethernetif.o(i.ETH_PHY_IO_WriteReg)
    Error_Handler                            0x08000e45   Thumb Code     6  main.o(i.Error_Handler)
    HAL_DMA_Abort                            0x08000e75   Thumb Code   172  stm32f4xx_hal_dma.o(i.HAL_DMA_Abort)
    HAL_DMA_Abort_IT                         0x08000f21   Thumb Code    40  stm32f4xx_hal_dma.o(i.HAL_DMA_Abort_IT)
    HAL_DMA_IRQHandler                       0x08000f49   Thumb Code   570  stm32f4xx_hal_dma.o(i.HAL_DMA_IRQHandler)
    HAL_DMA_Init                             0x08001189   Thumb Code   232  stm32f4xx_hal_dma.o(i.HAL_DMA_Init)
    HAL_DMA_Start_IT                         0x08001275   Thumb Code   146  stm32f4xx_hal_dma.o(i.HAL_DMA_Start_IT)
    HAL_Delay                                0x08001309   Thumb Code    36  stm32f4xx_hal.o(i.HAL_Delay)
    HAL_ETH_ErrorCallback                    0x08001331   Thumb Code     2  stm32f4xx_hal_eth.o(i.HAL_ETH_ErrorCallback)
    HAL_ETH_GetMACConfig                     0x08001333   Thumb Code   242  stm32f4xx_hal_eth.o(i.HAL_ETH_GetMACConfig)
    HAL_ETH_IRQHandler                       0x08001425   Thumb Code   250  stm32f4xx_hal_eth.o(i.HAL_ETH_IRQHandler)
    HAL_ETH_Init                             0x0800152d   Thumb Code   248  stm32f4xx_hal_eth.o(i.HAL_ETH_Init)
    HAL_ETH_MspInit                          0x08001631   Thumb Code   318  ethernetif.o(i.HAL_ETH_MspInit)
    HAL_ETH_PMTCallback                      0x08001785   Thumb Code     2  stm32f4xx_hal_eth.o(i.HAL_ETH_PMTCallback)
    HAL_ETH_ReadData                         0x08001787   Thumb Code   250  stm32f4xx_hal_eth.o(i.HAL_ETH_ReadData)
    HAL_ETH_ReadPHYRegister                  0x08001881   Thumb Code   106  stm32f4xx_hal_eth.o(i.HAL_ETH_ReadPHYRegister)
    HAL_ETH_RxAllocateCallback               0x080018ed   Thumb Code    60  ethernetif.o(i.HAL_ETH_RxAllocateCallback)
    HAL_ETH_RxCpltCallback                   0x08001935   Thumb Code     2  stm32f4xx_hal_eth.o(i.HAL_ETH_RxCpltCallback)
    HAL_ETH_RxLinkCallback                   0x08001937   Thumb Code    56  ethernetif.o(i.HAL_ETH_RxLinkCallback)
    HAL_ETH_SetMACConfig                     0x0800196f   Thumb Code    36  stm32f4xx_hal_eth.o(i.HAL_ETH_SetMACConfig)
    HAL_ETH_SetMDIOClockRange                0x08001995   Thumb Code    72  stm32f4xx_hal_eth.o(i.HAL_ETH_SetMDIOClockRange)
    HAL_ETH_Start_IT                         0x080019ed   Thumb Code   164  stm32f4xx_hal_eth.o(i.HAL_ETH_Start_IT)
    HAL_ETH_Stop_IT                          0x08001a95   Thumb Code   184  stm32f4xx_hal_eth.o(i.HAL_ETH_Stop_IT)
    HAL_ETH_Transmit                         0x08001b51   Thumb Code   228  stm32f4xx_hal_eth.o(i.HAL_ETH_Transmit)
    HAL_ETH_TxCpltCallback                   0x08001c35   Thumb Code     2  stm32f4xx_hal_eth.o(i.HAL_ETH_TxCpltCallback)
    HAL_ETH_WakeUpCallback                   0x08001c37   Thumb Code     2  stm32f4xx_hal_eth.o(i.HAL_ETH_WakeUpCallback)
    HAL_ETH_WritePHYRegister                 0x08001c39   Thumb Code   104  stm32f4xx_hal_eth.o(i.HAL_ETH_WritePHYRegister)
    HAL_GPIO_Init                            0x08001ca1   Thumb Code   454  stm32f4xx_hal_gpio.o(i.HAL_GPIO_Init)
    HAL_GPIO_WritePin                        0x08001e95   Thumb Code    12  stm32f4xx_hal_gpio.o(i.HAL_GPIO_WritePin)
    HAL_GetTick                              0x08001ea1   Thumb Code     6  stm32f4xx_hal.o(i.HAL_GetTick)
    HAL_IncTick                              0x08001ead   Thumb Code    16  stm32f4xx_hal.o(i.HAL_IncTick)
    HAL_Init                                 0x08001ec5   Thumb Code    54  stm32f4xx_hal.o(i.HAL_Init)
    HAL_InitTick                             0x08001f01   Thumb Code    64  stm32f4xx_hal.o(i.HAL_InitTick)
    HAL_MspInit                              0x08001f4d   Thumb Code    68  stm32f4xx_hal_msp.o(i.HAL_MspInit)
    HAL_NVIC_EnableIRQ                       0x08001f95   Thumb Code    40  stm32f4xx_hal_cortex.o(i.HAL_NVIC_EnableIRQ)
    HAL_NVIC_SetPriority                     0x08001fbd   Thumb Code   124  stm32f4xx_hal_cortex.o(i.HAL_NVIC_SetPriority)
    HAL_NVIC_SetPriorityGrouping             0x08002039   Thumb Code    32  stm32f4xx_hal_cortex.o(i.HAL_NVIC_SetPriorityGrouping)
    HAL_RCC_ClockConfig                      0x08002061   Thumb Code   368  stm32f4xx_hal_rcc.o(i.HAL_RCC_ClockConfig)
    HAL_RCC_GetHCLKFreq                      0x080021e5   Thumb Code     6  stm32f4xx_hal_rcc.o(i.HAL_RCC_GetHCLKFreq)
    HAL_RCC_GetPCLK1Freq                     0x080021f1   Thumb Code    22  stm32f4xx_hal_rcc.o(i.HAL_RCC_GetPCLK1Freq)
    HAL_RCC_GetPCLK2Freq                     0x08002211   Thumb Code    22  stm32f4xx_hal_rcc.o(i.HAL_RCC_GetPCLK2Freq)
    HAL_RCC_GetSysClockFreq                  0x08002231   Thumb Code   162  stm32f4xx_hal_rcc.o(i.HAL_RCC_GetSysClockFreq)
    HAL_RCC_OscConfig                        0x080022e1   Thumb Code  1172  stm32f4xx_hal_rcc.o(i.HAL_RCC_OscConfig)
    HAL_SYSTICK_CLKSourceConfig              0x0800277d   Thumb Code    40  stm32f4xx_hal_cortex.o(i.HAL_SYSTICK_CLKSourceConfig)
    HAL_SYSTICK_Config                       0x080027a5   Thumb Code    52  stm32f4xx_hal_cortex.o(i.HAL_SYSTICK_Config)
    HAL_TIMEx_BreakCallback                  0x080027d9   Thumb Code     2  stm32f4xx_hal_tim_ex.o(i.HAL_TIMEx_BreakCallback)
    HAL_TIMEx_CommutCallback                 0x080027db   Thumb Code     2  stm32f4xx_hal_tim_ex.o(i.HAL_TIMEx_CommutCallback)
    HAL_TIMEx_MasterConfigSynchronization    0x080027dd   Thumb Code   150  stm32f4xx_hal_tim_ex.o(i.HAL_TIMEx_MasterConfigSynchronization)
    HAL_TIM_Base_Init                        0x08002891   Thumb Code   102  stm32f4xx_hal_tim.o(i.HAL_TIM_Base_Init)
    HAL_TIM_Base_MspInit                     0x080028f9   Thumb Code    62  tim.o(i.HAL_TIM_Base_MspInit)
    HAL_TIM_Base_Start_IT                    0x08002941   Thumb Code   138  stm32f4xx_hal_tim.o(i.HAL_TIM_Base_Start_IT)
    HAL_TIM_ConfigClockSource                0x080029e9   Thumb Code   268  stm32f4xx_hal_tim.o(i.HAL_TIM_ConfigClockSource)
    HAL_TIM_IC_CaptureCallback               0x08002af5   Thumb Code     2  stm32f4xx_hal_tim.o(i.HAL_TIM_IC_CaptureCallback)
    HAL_TIM_IRQHandler                       0x08002af7   Thumb Code   364  stm32f4xx_hal_tim.o(i.HAL_TIM_IRQHandler)
    HAL_TIM_OC_DelayElapsedCallback          0x08002c63   Thumb Code     2  stm32f4xx_hal_tim.o(i.HAL_TIM_OC_DelayElapsedCallback)
    HAL_TIM_PWM_PulseFinishedCallback        0x08002c65   Thumb Code     2  stm32f4xx_hal_tim.o(i.HAL_TIM_PWM_PulseFinishedCallback)
    HAL_TIM_PeriodElapsedCallback            0x08002c69   Thumb Code   168  main.o(i.HAL_TIM_PeriodElapsedCallback)
    HAL_TIM_TriggerCallback                  0x08002d1d   Thumb Code     2  stm32f4xx_hal_tim.o(i.HAL_TIM_TriggerCallback)
    HAL_UARTEx_RxEventCallback               0x08002d1f   Thumb Code     2  stm32f4xx_hal_uart.o(i.HAL_UARTEx_RxEventCallback)
    HAL_UART_DMAStop                         0x08002d21   Thumb Code   138  stm32f4xx_hal_uart.o(i.HAL_UART_DMAStop)
    HAL_UART_ErrorCallback                   0x08002dad   Thumb Code   134  robot.o(i.HAL_UART_ErrorCallback)
    HAL_UART_IRQHandler                      0x08002e39   Thumb Code   772  stm32f4xx_hal_uart.o(i.HAL_UART_IRQHandler)
    HAL_UART_Init                            0x08003141   Thumb Code   118  stm32f4xx_hal_uart.o(i.HAL_UART_Init)
    HAL_UART_MspInit                         0x080031b9   Thumb Code  1246  usart.o(i.HAL_UART_MspInit)
    HAL_UART_Receive_DMA                     0x080036a5   Thumb Code    44  stm32f4xx_hal_uart.o(i.HAL_UART_Receive_DMA)
    HAL_UART_RxCpltCallback                  0x080036d1   Thumb Code    94  robot.o(i.HAL_UART_RxCpltCallback)
    HAL_UART_RxHalfCpltCallback              0x08003739   Thumb Code     2  stm32f4xx_hal_uart.o(i.HAL_UART_RxHalfCpltCallback)
    HAL_UART_Transmit_DMA                    0x0800373d   Thumb Code   144  stm32f4xx_hal_uart.o(i.HAL_UART_Transmit_DMA)
    HAL_UART_TxCpltCallback                  0x080037d9   Thumb Code    72  robot.o(i.HAL_UART_TxCpltCallback)
    HAL_UART_TxHalfCpltCallback              0x08003825   Thumb Code     2  stm32f4xx_hal_uart.o(i.HAL_UART_TxHalfCpltCallback)
    HardFault_Handler                        0x08003827   Thumb Code     4  stm32f4xx_it.o(i.HardFault_Handler)
    LAN8742_GetLinkState                     0x0800382b   Thumb Code   234  lan8742.o(i.LAN8742_GetLinkState)
    LAN8742_Init                             0x08003915   Thumb Code    98  lan8742.o(i.LAN8742_Init)
    LAN8742_RegisterBusIO                    0x08003977   Thumb Code    46  lan8742.o(i.LAN8742_RegisterBusIO)
    MX_DMA_Init                              0x080039a5   Thumb Code   194  dma.o(i.MX_DMA_Init)
    MX_GPIO_Init                             0x08003a6d   Thumb Code   312  gpio.o(i.MX_GPIO_Init)
    MX_LWIP_Init                             0x08003bb9   Thumb Code   516  lwip.o(i.MX_LWIP_Init)
    MX_LWIP_Process                          0x08003de5   Thumb Code    20  lwip.o(i.MX_LWIP_Process)
    MX_TIM1_Init                             0x08003dfd   Thumb Code   104  tim.o(i.MX_TIM1_Init)
    MX_UART4_Init                            0x08003e6d   Thumb Code    48  usart.o(i.MX_UART4_Init)
    MX_USART1_UART_Init                      0x08003ea9   Thumb Code    48  usart.o(i.MX_USART1_UART_Init)
    MX_USART2_UART_Init                      0x08003ee5   Thumb Code    46  usart.o(i.MX_USART2_UART_Init)
    MX_USART3_UART_Init                      0x08003f1d   Thumb Code    48  usart.o(i.MX_USART3_UART_Init)
    MX_USART6_UART_Init                      0x08003f59   Thumb Code    48  usart.o(i.MX_USART6_UART_Init)
    MemManage_Handler                        0x08003f95   Thumb Code     4  stm32f4xx_it.o(i.MemManage_Handler)
    NMI_Handler                              0x08003f99   Thumb Code     4  stm32f4xx_it.o(i.NMI_Handler)
    PendSV_Handler                           0x08003f9d   Thumb Code     2  stm32f4xx_it.o(i.PendSV_Handler)
    SVC_Handler                              0x08003f9f   Thumb Code     2  stm32f4xx_it.o(i.SVC_Handler)
    SysTick_Handler                          0x08003fa1   Thumb Code     8  stm32f4xx_it.o(i.SysTick_Handler)
    SystemClock_Config                       0x08003fa9   Thumb Code   170  main.o(i.SystemClock_Config)
    SystemInit                               0x0800405d   Thumb Code    14  system_stm32f4xx.o(i.SystemInit)
    TIM1_UP_TIM10_IRQHandler                 0x08004071   Thumb Code    10  stm32f4xx_it.o(i.TIM1_UP_TIM10_IRQHandler)
    TIM_Base_SetConfig                       0x08004081   Thumb Code   178  stm32f4xx_hal_tim.o(i.TIM_Base_SetConfig)
    TIM_ETR_SetConfig                        0x08004161   Thumb Code    22  stm32f4xx_hal_tim.o(i.TIM_ETR_SetConfig)
    UART4_IRQHandler                         0x080041d9   Thumb Code    10  stm32f4xx_it.o(i.UART4_IRQHandler)
    UART_Start_Receive_DMA                   0x08004765   Thumb Code   202  stm32f4xx_hal_uart.o(i.UART_Start_Receive_DMA)
    USART1_IRQHandler                        0x0800489d   Thumb Code    10  stm32f4xx_it.o(i.USART1_IRQHandler)
    USART2_IRQHandler                        0x080048ad   Thumb Code    10  stm32f4xx_it.o(i.USART2_IRQHandler)
    USART3_IRQHandler                        0x080048bd   Thumb Code    10  stm32f4xx_it.o(i.USART3_IRQHandler)
    USART6_IRQHandler                        0x080048cd   Thumb Code    10  stm32f4xx_it.o(i.USART6_IRQHandler)
    UsageFault_Handler                       0x080048dd   Thumb Code     4  stm32f4xx_it.o(i.UsageFault_Handler)
    __0printf$3                              0x080048e1   Thumb Code    22  printf3.o(i.__0printf$3)
    __1printf$3                              0x080048e1   Thumb Code     0  printf3.o(i.__0printf$3)
    __2printf                                0x080048e1   Thumb Code     0  printf3.o(i.__0printf$3)
    __scatterload_copy                       0x08004939   Thumb Code    14  handlers.o(i.__scatterload_copy)
    __scatterload_null                       0x08004947   Thumb Code     2  handlers.o(i.__scatterload_null)
    __scatterload_zeroinit                   0x08004949   Thumb Code    14  handlers.o(i.__scatterload_zeroinit)
    crc32_core                               0x08004b11   Thumb Code    96  unitree_motor.o(i.crc32_core)
    delay_init                               0x08004b75   Thumb Code    16  delay.o(i.delay_init)
    delay_us                                 0x08004b89   Thumb Code    68  delay.o(i.delay_us)
    disable_all_motor                        0x08004bd1   Thumb Code    56  robot.o(i.disable_all_motor)
    enable_all_motor                         0x08004d6d   Thumb Code    56  robot.o(i.enable_all_motor)
    etharp_cleanup_netif                     0x08004da9   Thumb Code    50  etharp.o(i.etharp_cleanup_netif)
    etharp_input                             0x08005121   Thumb Code   202  etharp.o(i.etharp_input)
    etharp_output                            0x0800525d   Thumb Code   396  etharp.o(i.etharp_output)
    etharp_query                             0x080055e9   Thumb Code   474  etharp.o(i.etharp_query)
    etharp_request                           0x08005a19   Thumb Code    18  etharp.o(i.etharp_request)
    etharp_tmr                               0x08005a5d   Thumb Code   214  etharp.o(i.etharp_tmr)
    ethernet_input                           0x08005c95   Thumb Code   190  ethernet.o(i.ethernet_input)
    ethernet_link_check_state                0x08005d59   Thumb Code   196  ethernetif.o(i.ethernet_link_check_state)
    ethernet_output                          0x08005e29   Thumb Code   112  ethernet.o(i.ethernet_output)
    ethernetif_init                          0x08005f2d   Thumb Code    58  ethernetif.o(i.ethernetif_init)
    ethernetif_input                         0x08005fc5   Thumb Code    40  ethernetif.o(i.ethernetif_input)
    extract                                  0x08005fed   Thumb Code   236  unitree_motor.o(i.extract)
    fputc                                    0x080060f5   Thumb Code    18  fputc.o(i.fputc)
    icmp_dest_unreach                        0x08006107   Thumb Code    18  icmp.o(i.icmp_dest_unreach)
    icmp_input                               0x08006119   Thumb Code   414  icmp.o(i.icmp_input)
    icmp_time_exceeded                       0x080064a5   Thumb Code    18  icmp.o(i.icmp_time_exceeded)
    ip4_addr_isbroadcast_u32                 0x080064b7   Thumb Code    78  ip4_addr.o(i.ip4_addr_isbroadcast_u32)
    ip4_frag                                 0x08006505   Thumb Code   536  ip4_frag.o(i.ip4_frag)
    ip4_input                                0x080067d1   Thumb Code   402  ip4.o(i.ip4_input)
    ip4_output_if                            0x080069a1   Thumb Code    54  ip4.o(i.ip4_output_if)
    ip4_output_if_src                        0x080069d9   Thumb Code   250  ip4.o(i.ip4_output_if_src)
    ip4_reass                                0x08006b75   Thumb Code   584  ip4_frag.o(i.ip4_reass)
    ip4_route                                0x08006e71   Thumb Code   140  ip4.o(i.ip4_route)
    ip_reass_tmr                             0x0800762d   Thumb Code    48  ip4_frag.o(i.ip_reass_tmr)
    lwip_htonl                               0x0800794d   Thumb Code    26  def.o(i.lwip_htonl)
    lwip_htons                               0x08007967   Thumb Code    12  def.o(i.lwip_htons)
    lwip_init                                0x08007975   Thumb Code    64  init.o(i.lwip_init)
    main                                     0x08007a11   Thumb Code    94  main.o(i.main)
    mem_free                                 0x08007a79   Thumb Code   194  mem.o(i.mem_free)
    mem_init                                 0x08007c3d   Thumb Code    76  mem.o(i.mem_init)
    mem_malloc                               0x08007cf1   Thumb Code   402  mem.o(i.mem_malloc)
    mem_trim                                 0x08007fa9   Thumb Code   388  mem.o(i.mem_trim)
    memp_free                                0x080081dd   Thumb Code    54  memp.o(i.memp_free)
    memp_free_pool                           0x0800828d   Thumb Code    50  memp.o(i.memp_free_pool)
    memp_init                                0x0800832d   Thumb Code    26  memp.o(i.memp_init)
    memp_init_pool                           0x0800834d   Thumb Code    44  memp.o(i.memp_init_pool)
    memp_malloc                              0x08008379   Thumb Code    50  memp.o(i.memp_malloc)
    memp_malloc_pool                         0x08008429   Thumb Code    44  memp.o(i.memp_malloc_pool)
    modify                                   0x080084c1   Thumb Code   430  unitree_motor.o(i.modify)
    netif_add                                0x08008689   Thumb Code   318  netif.o(i.netif_add)
    netif_get_by_index                       0x08008a01   Thumb Code    36  netif.o(i.netif_get_by_index)
    netif_init                               0x08008a29   Thumb Code     2  netif.o(i.netif_init)
    netif_set_addr                           0x08008b0d   Thumb Code    92  netif.o(i.netif_set_addr)
    netif_set_default                        0x08008b6d   Thumb Code     6  netif.o(i.netif_set_default)
    netif_set_down                           0x08008b79   Thumb Code    78  netif.o(i.netif_set_down)
    netif_set_link_callback                  0x08008c45   Thumb Code     6  netif.o(i.netif_set_link_callback)
    netif_set_link_down                      0x08008c4d   Thumb Code    76  netif.o(i.netif_set_link_down)
    netif_set_link_up                        0x08008d19   Thumb Code    84  netif.o(i.netif_set_link_up)
    netif_set_up                             0x08008ded   Thumb Code    70  netif.o(i.netif_set_up)
    pbuf_add_header                          0x08008ead   Thumb Code    18  pbuf.o(i.pbuf_add_header)
    pbuf_alloc                               0x08008fa9   Thumb Code   406  pbuf.o(i.pbuf_alloc)
    pbuf_alloc_reference                     0x08009245   Thumb Code    78  pbuf.o(i.pbuf_alloc_reference)
    pbuf_alloced_custom                      0x08009301   Thumb Code    82  pbuf.o(i.pbuf_alloced_custom)
    pbuf_cat                                 0x08009355   Thumb Code   126  pbuf.o(i.pbuf_cat)
    pbuf_chain                               0x080094a5   Thumb Code    22  pbuf.o(i.pbuf_chain)
    pbuf_clen                                0x080094bb   Thumb Code    18  pbuf.o(i.pbuf_clen)
    pbuf_clone                               0x080094cd   Thumb Code    68  pbuf.o(i.pbuf_clone)
    pbuf_copy                                0x0800957d   Thumb Code   304  pbuf.o(i.pbuf_copy)
    pbuf_copy_partial                        0x080097a5   Thumb Code   164  pbuf.o(i.pbuf_copy_partial)
    pbuf_free                                0x080098e5   Thumb Code   230  pbuf.o(i.pbuf_free)
    pbuf_free_custom                         0x08009a81   Thumb Code    30  ethernetif.o(i.pbuf_free_custom)
    pbuf_header_force                        0x08009aa9   Thumb Code    18  pbuf.o(i.pbuf_header_force)
    pbuf_realloc                             0x08009afd   Thumb Code   194  pbuf.o(i.pbuf_realloc)
    pbuf_ref                                 0x08009c65   Thumb Code    48  pbuf.o(i.pbuf_ref)
    pbuf_remove_header                       0x08009d01   Thumb Code   110  pbuf.o(i.pbuf_remove_header)
    pbuf_take                                0x08009df5   Thumb Code   234  pbuf.o(i.pbuf_take)
    raw_motor_type2udp_motor_type            0x0800a1a5   Thumb Code    26  udp_comm.o(i.raw_motor_type2udp_motor_type)
    receive_motor_feedback                   0x0800a1bf   Thumb Code    90  robot.o(i.receive_motor_feedback)
    robot_init                               0x0800a219   Thumb Code   206  robot.o(i.robot_init)
    send_motor_command                       0x0800a30d   Thumb Code    54  robot.o(i.send_motor_command)
    set_all_motor_damping                    0x0800a345   Thumb Code   236  robot.o(i.set_all_motor_damping)
    set_robot_mode                           0x0800a439   Thumb Code    64  robot.o(i.set_robot_mode)
    sys_check_timeouts                       0x0800a47d   Thumb Code    74  timeouts.o(i.sys_check_timeouts)
    sys_now                                  0x0800a4d1   Thumb Code     8  ethernetif.o(i.sys_now)
    sys_timeout                              0x0800a4d9   Thumb Code    58  timeouts.o(i.sys_timeout)
    sys_timeouts_init                        0x0800a6e9   Thumb Code    30  timeouts.o(i.sys_timeouts_init)
    tcp_abandon                              0x0800a711   Thumb Code   274  tcp.o(i.tcp_abandon)
    tcp_abort                                0x0800a8dd   Thumb Code    14  tcp.o(i.tcp_abort)
    tcp_alloc                                0x0800a8ed   Thumb Code   172  tcp.o(i.tcp_alloc)
    tcp_close                                0x0800a9a9   Thumb Code    64  tcp.o(i.tcp_close)
    tcp_eff_send_mss_netif                   0x0800af21   Thumb Code    82  tcp.o(i.tcp_eff_send_mss_netif)
    tcp_enqueue_flags                        0x0800aff5   Thumb Code   408  tcp_out.o(i.tcp_enqueue_flags)
    tcp_fasttmr                              0x0800b2b5   Thumb Code   142  tcp.o(i.tcp_fasttmr)
    tcp_free                                 0x0800b351   Thumb Code    40  tcp.o(i.tcp_free)
    tcp_init                                 0x0800b659   Thumb Code    20  tcp.o(i.tcp_init)
    tcp_input                                0x0800b671   Thumb Code  1990  tcp_in.o(i.tcp_input)
    tcp_keepalive                            0x0800bf6d   Thumb Code    98  tcp_out.o(i.tcp_keepalive)
    tcp_netif_ip_addr_changed                0x0800c485   Thumb Code    64  tcp.o(i.tcp_netif_ip_addr_changed)
    tcp_next_iss                             0x0800c5a1   Thumb Code    50  tcp.o(i.tcp_next_iss)
    tcp_output                               0x0800c651   Thumb Code   684  tcp_out.o(i.tcp_output)
    tcp_pcb_purge                            0x0800d205   Thumb Code    94  tcp.o(i.tcp_pcb_purge)
    tcp_pcb_remove                           0x0800d2d9   Thumb Code   220  tcp.o(i.tcp_pcb_remove)
    tcp_process_refused_data                 0x0800dbc1   Thumb Code   180  tcp.o(i.tcp_process_refused_data)
    tcp_recv_null                            0x0800e4c5   Thumb Code    78  tcp.o(i.tcp_recv_null)
    tcp_recved                               0x0800e589   Thumb Code   130  tcp.o(i.tcp_recved)
    tcp_rexmit                               0x0800e759   Thumb Code   142  tcp_out.o(i.tcp_rexmit)
    tcp_rexmit_fast                          0x0800e85d   Thumb Code   142  tcp_out.o(i.tcp_rexmit_fast)
    tcp_rexmit_rto                           0x0800e969   Thumb Code    46  tcp_out.o(i.tcp_rexmit_rto)
    tcp_rexmit_rto_commit                    0x0800ea11   Thumb Code    56  tcp_out.o(i.tcp_rexmit_rto_commit)
    tcp_rexmit_rto_prepare                   0x0800eac9   Thumb Code   150  tcp_out.o(i.tcp_rexmit_rto_prepare)
    tcp_rst                                  0x0800ec01   Thumb Code   146  tcp_out.o(i.tcp_rst)
    tcp_seg_free                             0x0800ed29   Thumb Code    26  tcp.o(i.tcp_seg_free)
    tcp_segs_free                            0x0800ed43   Thumb Code    24  tcp.o(i.tcp_segs_free)
    tcp_send_empty_ack                       0x0800ed5d   Thumb Code   194  tcp_out.o(i.tcp_send_empty_ack)
    tcp_send_fin                             0x0800ee9d   Thumb Code   104  tcp_out.o(i.tcp_send_fin)
    tcp_slowtmr                              0x0800ef7d   Thumb Code  1672  tcp.o(i.tcp_slowtmr)
    tcp_split_unsent_seg                     0x0800f691   Thumb Code   510  tcp_out.o(i.tcp_split_unsent_seg)
    tcp_timer_needed                         0x0800f961   Thumb Code    38  timeouts.o(i.tcp_timer_needed)
    tcp_tmr                                  0x0800fadd   Thumb Code    30  tcp.o(i.tcp_tmr)
    tcp_trigger_input_pcb_close              0x0800fb01   Thumb Code    14  tcp_in.o(i.tcp_trigger_input_pcb_close)
    tcp_update_rcv_ann_wnd                   0x0800fb15   Thumb Code   128  tcp.o(i.tcp_update_rcv_ann_wnd)
    tcp_zero_window_probe                    0x0800fc2d   Thumb Code   238  tcp_out.o(i.tcp_zero_window_probe)
    udp_bind                                 0x0800fdd5   Thumb Code   172  udp.o(i.udp_bind)
    udp_echoserver_init                      0x0800fef9   Thumb Code    48  udp_comm.o(i.udp_echoserver_init)
    udp_echoserver_receive_callback          0x0800ff35   Thumb Code   418  udp_comm.o(i.udp_echoserver_receive_callback)
    udp_init                                 0x080100ed   Thumb Code    20  udp.o(i.udp_init)
    udp_input                                0x08010105   Thumb Code   412  udp.o(i.udp_input)
    udp_motor_type2raw_motor_type            0x08010489   Thumb Code    22  udp_comm.o(i.udp_motor_type2raw_motor_type)
    udp_netif_ip_addr_changed                0x080104a1   Thumb Code    42  udp.o(i.udp_netif_ip_addr_changed)
    udp_new                                  0x080104d1   Thumb Code    28  udp.o(i.udp_new)
    udp_recv                                 0x08010545   Thumb Code    44  udp.o(i.udp_recv)
    udp_remove                               0x080105e1   Thumb Code    94  udp.o(i.udp_remove)
    udp_sendto                               0x080106b5   Thumb Code   156  udp.o(i.udp_sendto)
    udp_sendto_if                            0x080107f9   Thumb Code   200  udp.o(i.udp_sendto_if)
    udp_sendto_if_src                        0x08010991   Thumb Code   384  udp.o(i.udp_sendto_if_src)
    update_command                           0x08010c45   Thumb Code    52  robot.o(i.update_command)
    memp_RX_POOL                             0x08010c7c   Data          12  ethernetif.o(.constdata)
    AHBPrescTable                            0x08010c90   Data          16  system_stm32f4xx.o(.constdata)
    APBPrescTable                            0x08010ca0   Data           8  system_stm32f4xx.o(.constdata)
    ethbroadcast                             0x08010ca8   Data           6  ethernet.o(.constdata)
    ethzero                                  0x08010cae   Data           6  ethernet.o(.constdata)
    memp_UDP_PCB                             0x08010cb4   Data          12  memp.o(.constdata)
    memp_TCP_PCB                             0x08010cc0   Data          12  memp.o(.constdata)
    memp_TCP_PCB_LISTEN                      0x08010ccc   Data          12  memp.o(.constdata)
    memp_TCP_SEG                             0x08010cd8   Data          12  memp.o(.constdata)
    memp_REASSDATA                           0x08010ce4   Data          12  memp.o(.constdata)
    memp_FRAG_PBUF                           0x08010cf0   Data          12  memp.o(.constdata)
    memp_SYS_TIMEOUT                         0x08010cfc   Data          12  memp.o(.constdata)
    memp_PBUF                                0x08010d08   Data          12  memp.o(.constdata)
    memp_PBUF_POOL                           0x08010d14   Data          12  memp.o(.constdata)
    memp_pools                               0x08010d20   Data          36  memp.o(.constdata)
    tcp_pcb_lists                            0x08010d84   Data          16  tcp.o(.constdata)
    lwip_cyclic_timers                       0x08010d94   Data          24  timeouts.o(.constdata)
    lwip_num_cyclic_timers                   0x08010dac   Data           4  timeouts.o(.constdata)
    ip_addr_any                              0x08010db0   Data           4  ip4_addr.o(.constdata)
    ip_addr_broadcast                        0x08010db4   Data           4  ip4_addr.o(.constdata)
    Region$$Table$$Base                      0x08010f20   Number         0  anon$$obj.o(Region$$Table)
    Region$$Table$$Limit                     0x08010f40   Number         0  anon$$obj.o(Region$$Table)
    LAN8742_IOCtx                            0x2000000c   Data          20  ethernetif.o(.data)
    EthernetLinkTimer                        0x20000020   Data           4  lwip.o(.data)
    ipaddr                                   0x20000024   Data           4  lwip.o(.data)
    netmask                                  0x20000028   Data           4  lwip.o(.data)
    gw                                       0x2000002c   Data           4  lwip.o(.data)
    IP_ADDRESS                               0x20000030   Data           4  lwip.o(.data)
    NETMASK_ADDRESS                          0x20000034   Data           4  lwip.o(.data)
    GATEWAY_ADDRESS                          0x20000038   Data           4  lwip.o(.data)
    uwTick                                   0x2000003c   Data           4  stm32f4xx_hal.o(.data)
    uwTickPrio                               0x20000040   Data           4  stm32f4xx_hal.o(.data)
    uwTickFreq                               0x20000044   Data           1  stm32f4xx_hal.o(.data)
    SystemCoreClock                          0x20000048   Data           4  system_stm32f4xx.o(.data)
    netif_list                               0x2000007c   Data           4  netif.o(.data)
    netif_default                            0x20000080   Data           4  netif.o(.data)
    tcp_ticks                                0x2000008c   Data           4  tcp.o(.data)
    tcp_bound_pcbs                           0x20000090   Data           4  tcp.o(.data)
    tcp_listen_pcbs                          0x20000094   Data           4  tcp.o(.data)
    tcp_active_pcbs                          0x20000098   Data           4  tcp.o(.data)
    tcp_tw_pcbs                              0x2000009c   Data           4  tcp.o(.data)
    tcp_active_pcbs_changed                  0x200000a0   Data           1  tcp.o(.data)
    tcp_input_pcb                            0x200000cc   Data           4  tcp_in.o(.data)
    udp_pcbs                                 0x200000e0   Data           4  udp.o(.data)
    udp_tx_data                              0x200000f0   Data          13  udp_comm.o(.data)
    udp_receive_data                         0x200000fd   Data         247  udp_comm.o(.data)
    udp_send_data                            0x200001f4   Data         343  udp_comm.o(.data)
    success_receive_flag                     0x20000350   Data           1  udp_comm.o(.data)
    __stdout                                 0x20000358   Data           4  stdout.o(.data)
    htim1                                    0x2000035c   Data          72  tim.o(.bss)
    huart4                                   0x200003a4   Data          72  usart.o(.bss)
    huart1                                   0x200003ec   Data          72  usart.o(.bss)
    huart2                                   0x20000434   Data          72  usart.o(.bss)
    huart3                                   0x2000047c   Data          72  usart.o(.bss)
    huart6                                   0x200004c4   Data          72  usart.o(.bss)
    hdma_uart4_rx                            0x2000050c   Data          96  usart.o(.bss)
    hdma_uart4_tx                            0x2000056c   Data          96  usart.o(.bss)
    hdma_usart1_rx                           0x200005cc   Data          96  usart.o(.bss)
    hdma_usart1_tx                           0x2000062c   Data          96  usart.o(.bss)
    hdma_usart3_rx                           0x2000068c   Data          96  usart.o(.bss)
    hdma_usart3_tx                           0x200006ec   Data          96  usart.o(.bss)
    hdma_usart6_rx                           0x2000074c   Data          96  usart.o(.bss)
    hdma_usart6_tx                           0x200007ac   Data          96  usart.o(.bss)
    memp_memory_RX_POOL_base                 0x2000080c   Data       18819  ethernetif.o(.bss)
    DMARxDscrTab                             0x20005190   Data         160  ethernetif.o(.bss)
    DMATxDscrTab                             0x20005230   Data         160  ethernetif.o(.bss)
    heth                                     0x200052d0   Data         176  ethernetif.o(.bss)
    TxConfig                                 0x20005380   Data          56  ethernetif.o(.bss)
    LAN8742                                  0x200053b8   Data          32  ethernetif.o(.bss)
    gnetif                                   0x200053d8   Data          52  lwip.o(.bss)
    ip_data                                  0x2000540c   Data          24  ip.o(.bss)
    ram_heap                                 0x20005424   Data        1619  mem.o(.bss)
    memp_memory_UDP_PCB_base                 0x20005a77   Data         131  memp.o(.bss)
    memp_memory_TCP_PCB_base                 0x20005afa   Data         763  memp.o(.bss)
    memp_memory_TCP_PCB_LISTEN_base          0x20005df5   Data         227  memp.o(.bss)
    memp_memory_TCP_SEG_base                 0x20005ed8   Data         259  memp.o(.bss)
    memp_memory_REASSDATA_base               0x20005fdb   Data         163  memp.o(.bss)
    memp_memory_FRAG_PBUF_base               0x2000607e   Data         363  memp.o(.bss)
    memp_memory_SYS_TIMEOUT_base             0x200061e9   Data          51  memp.o(.bss)
    memp_memory_PBUF_base                    0x2000621c   Data         259  memp.o(.bss)
    memp_memory_PBUF_POOL_base               0x2000631f   Data        9731  memp.o(.bss)
    robot                                    0x20008a24   Data        1604  robot.o(.bss)
    system_monitor                           0x20009068   Data          76  system_monitor.o(.bss)
    __initial_sp                             0x200094b8   Data           0  startup_stm32f407xx.o(STACK)



==============================================================================

Memory Map of the image

  Image Entry point : 0x08000189

  Load Region LR_IROM1 (Base: 0x08000000, Size: 0x0001129c, Max: 0x00080000, ABSOLUTE, COMPRESSED[0x00010f80])

    Execution Region ER_IROM1 (Exec base: 0x08000000, Load base: 0x08000000, Size: 0x00010f40, Max: 0x00080000, ABSOLUTE)

    Exec Addr    Load Addr    Size         Type   Attr      Idx    E Section Name        Object

    0x08000000   0x08000000   0x00000188   Data   RO            3    RESET               startup_stm32f407xx.o
    0x08000188   0x08000188   0x00000000   Code   RO         7723  * .ARM.Collect$$$$00000000  mc_w.l(entry.o)
    0x08000188   0x08000188   0x00000004   Code   RO         8046    .ARM.Collect$$$$00000001  mc_w.l(entry2.o)
    0x0800018c   0x0800018c   0x00000004   Code   RO         8049    .ARM.Collect$$$$00000004  mc_w.l(entry5.o)
    0x08000190   0x08000190   0x00000000   Code   RO         8051    .ARM.Collect$$$$00000008  mc_w.l(entry7b.o)
    0x08000190   0x08000190   0x00000000   Code   RO         8053    .ARM.Collect$$$$0000000A  mc_w.l(entry8b.o)
    0x08000190   0x08000190   0x00000008   Code   RO         8054    .ARM.Collect$$$$0000000B  mc_w.l(entry9a.o)
    0x08000198   0x08000198   0x00000004   Code   RO         8061    .ARM.Collect$$$$0000000E  mc_w.l(entry12b.o)
    0x0800019c   0x0800019c   0x00000000   Code   RO         8056    .ARM.Collect$$$$0000000F  mc_w.l(entry10a.o)
    0x0800019c   0x0800019c   0x00000000   Code   RO         8058    .ARM.Collect$$$$00000011  mc_w.l(entry11a.o)
    0x0800019c   0x0800019c   0x00000004   Code   RO         8047    .ARM.Collect$$$$00002712  mc_w.l(entry2.o)
    0x080001a0   0x080001a0   0x00000024   Code   RO            4    .text               startup_stm32f407xx.o
    0x080001c4   0x080001c4   0x00000062   Code   RO         7726    .text               mc_w.l(uldiv.o)
    0x08000226   0x08000226   0x00000002   PAD
    0x08000228   0x08000228   0x00000024   Code   RO         7756    .text               mc_w.l(rand.o)
    0x0800024c   0x0800024c   0x00000040   Code   RO         7761    .text               mc_w.l(memmovea.o)
    0x0800028c   0x0800028c   0x00000024   Code   RO         7763    .text               mc_w.l(memseta.o)
    0x080002b0   0x080002b0   0x0000001a   Code   RO         7767    .text               mc_w.l(memcmp.o)
    0x080002ca   0x080002ca   0x000000de   Code   RO         8038    .text               mf_w.l(ddiv.o)
    0x080003a8   0x080003a8   0x00000022   Code   RO         8040    .text               mf_w.l(dflti.o)
    0x080003ca   0x080003ca   0x00000026   Code   RO         8042    .text               mf_w.l(f2d.o)
    0x080003f0   0x080003f0   0x00000038   Code   RO         8044    .text               mf_w.l(d2f.o)
    0x08000428   0x08000428   0x0000002c   Code   RO         8065    .text               mc_w.l(uidiv.o)
    0x08000454   0x08000454   0x0000001e   Code   RO         8067    .text               mc_w.l(llshl.o)
    0x08000472   0x08000472   0x00000020   Code   RO         8069    .text               mc_w.l(llushr.o)
    0x08000492   0x08000492   0x00000000   Code   RO         8080    .text               mc_w.l(iusefp.o)
    0x08000492   0x08000492   0x0000006e   Code   RO         8081    .text               mf_w.l(fepilogue.o)
    0x08000500   0x08000500   0x000000ba   Code   RO         8083    .text               mf_w.l(depilogue.o)
    0x080005ba   0x080005ba   0x00000002   PAD
    0x080005bc   0x080005bc   0x00000024   Code   RO         8093    .text               mc_w.l(init.o)
    0x080005e0   0x080005e0   0x00000000   Code   RO         8095    .text               mc_w.l(semi.o)
    0x080005e0   0x080005e0   0x00000000   Code   RO         8100    .text               mc_w.l(iusesemip.o)
    0x080005e0   0x080005e0   0x00000056   Code   RO         8111    .text               mc_w.l(__dczerorl2.o)
    0x08000636   0x08000636   0x00000004   Code   RO          461    i.BusFault_Handler  stm32f4xx_it.o
    0x0800063a   0x0800063a   0x00000002   PAD
    0x0800063c   0x0800063c   0x00000010   Code   RO          462    i.DMA1_Stream1_IRQHandler  stm32f4xx_it.o
    0x0800064c   0x0800064c   0x00000010   Code   RO          463    i.DMA1_Stream2_IRQHandler  stm32f4xx_it.o
    0x0800065c   0x0800065c   0x00000010   Code   RO          464    i.DMA1_Stream3_IRQHandler  stm32f4xx_it.o
    0x0800066c   0x0800066c   0x00000010   Code   RO          465    i.DMA1_Stream4_IRQHandler  stm32f4xx_it.o
    0x0800067c   0x0800067c   0x00000010   Code   RO          466    i.DMA2_Stream1_IRQHandler  stm32f4xx_it.o
    0x0800068c   0x0800068c   0x00000010   Code   RO          467    i.DMA2_Stream2_IRQHandler  stm32f4xx_it.o
    0x0800069c   0x0800069c   0x00000010   Code   RO          468    i.DMA2_Stream6_IRQHandler  stm32f4xx_it.o
    0x080006ac   0x080006ac   0x00000010   Code   RO          469    i.DMA2_Stream7_IRQHandler  stm32f4xx_it.o
    0x080006bc   0x080006bc   0x00000034   Code   RO         1529    i.DMA_CalcBaseAndBitshift  stm32f4xx_hal_dma.o
    0x080006f0   0x080006f0   0x000000aa   Code   RO         1530    i.DMA_CheckFifoParam  stm32f4xx_hal_dma.o
    0x0800079a   0x0800079a   0x0000002c   Code   RO         1531    i.DMA_SetConfig     stm32f4xx_hal_dma.o
    0x080007c6   0x080007c6   0x00000002   Code   RO          470    i.DebugMon_Handler  stm32f4xx_it.o
    0x080007c8   0x080007c8   0x00000074   Code   RO         2225    i.ETH_DMARxDescListInit  stm32f4xx_hal_eth.o
    0x0800083c   0x0800083c   0x00000062   Code   RO         2226    i.ETH_DMATxDescListInit  stm32f4xx_hal_eth.o
    0x0800089e   0x0800089e   0x00000038   Code   RO         2227    i.ETH_FlushTransmitFIFO  stm32f4xx_hal_eth.o
    0x080008d6   0x080008d6   0x00000002   PAD
    0x080008d8   0x080008d8   0x00000010   Code   RO          471    i.ETH_IRQHandler    stm32f4xx_it.o
    0x080008e8   0x080008e8   0x00000034   Code   RO         2228    i.ETH_MACAddressConfig  stm32f4xx_hal_eth.o
    0x0800091c   0x0800091c   0x000000b4   Code   RO         2229    i.ETH_MACDMAConfig  stm32f4xx_hal_eth.o
    0x080009d0   0x080009d0   0x00000004   Code   RO          717    i.ETH_PHY_IO_DeInit  ethernetif.o
    0x080009d4   0x080009d4   0x00000008   Code   RO          718    i.ETH_PHY_IO_GetTick  ethernetif.o
    0x080009dc   0x080009dc   0x00000010   Code   RO          719    i.ETH_PHY_IO_Init   ethernetif.o
    0x080009ec   0x080009ec   0x00000024   Code   RO          720    i.ETH_PHY_IO_ReadReg  ethernetif.o
    0x08000a10   0x08000a10   0x00000024   Code   RO          721    i.ETH_PHY_IO_WriteReg  ethernetif.o
    0x08000a34   0x08000a34   0x000001ac   Code   RO         2230    i.ETH_Prepare_Tx_Descriptors  stm32f4xx_hal_eth.o
    0x08000be0   0x08000be0   0x000000c0   Code   RO         2231    i.ETH_SetDMAConfig  stm32f4xx_hal_eth.o
    0x08000ca0   0x08000ca0   0x000000fc   Code   RO         2232    i.ETH_SetMACConfig  stm32f4xx_hal_eth.o
    0x08000d9c   0x08000d9c   0x000000a8   Code   RO         2233    i.ETH_UpdateDescriptor  stm32f4xx_hal_eth.o
    0x08000e44   0x08000e44   0x00000006   Code   RO           13    i.Error_Handler     main.o
    0x08000e4a   0x08000e4a   0x00000002   PAD
    0x08000e4c   0x08000e4c   0x00000028   Code   RO          861    i.Ethernet_Link_Periodic_Handle  lwip.o
    0x08000e74   0x08000e74   0x000000ac   Code   RO         1532    i.HAL_DMA_Abort     stm32f4xx_hal_dma.o
    0x08000f20   0x08000f20   0x00000028   Code   RO         1533    i.HAL_DMA_Abort_IT  stm32f4xx_hal_dma.o
    0x08000f48   0x08000f48   0x00000240   Code   RO         1537    i.HAL_DMA_IRQHandler  stm32f4xx_hal_dma.o
    0x08001188   0x08001188   0x000000ec   Code   RO         1538    i.HAL_DMA_Init      stm32f4xx_hal_dma.o
    0x08001274   0x08001274   0x00000092   Code   RO         1542    i.HAL_DMA_Start_IT  stm32f4xx_hal_dma.o
    0x08001306   0x08001306   0x00000002   PAD
    0x08001308   0x08001308   0x00000028   Code   RO         1974    i.HAL_Delay         stm32f4xx_hal.o
    0x08001330   0x08001330   0x00000002   Code   RO         2236    i.HAL_ETH_ErrorCallback  stm32f4xx_hal_eth.o
    0x08001332   0x08001332   0x000000f2   Code   RO         2241    i.HAL_ETH_GetMACConfig  stm32f4xx_hal_eth.o
    0x08001424   0x08001424   0x00000108   Code   RO         2248    i.HAL_ETH_IRQHandler  stm32f4xx_hal_eth.o
    0x0800152c   0x0800152c   0x00000104   Code   RO         2249    i.HAL_ETH_Init      stm32f4xx_hal_eth.o
    0x08001630   0x08001630   0x00000154   Code   RO          723    i.HAL_ETH_MspInit   ethernetif.o
    0x08001784   0x08001784   0x00000002   Code   RO         2252    i.HAL_ETH_PMTCallback  stm32f4xx_hal_eth.o
    0x08001786   0x08001786   0x000000fa   Code   RO         2253    i.HAL_ETH_ReadData  stm32f4xx_hal_eth.o
    0x08001880   0x08001880   0x0000006a   Code   RO         2254    i.HAL_ETH_ReadPHYRegister  stm32f4xx_hal_eth.o
    0x080018ea   0x080018ea   0x00000002   PAD
    0x080018ec   0x080018ec   0x00000048   Code   RO          724    i.HAL_ETH_RxAllocateCallback  ethernetif.o
    0x08001934   0x08001934   0x00000002   Code   RO         2260    i.HAL_ETH_RxCpltCallback  stm32f4xx_hal_eth.o
    0x08001936   0x08001936   0x00000038   Code   RO          725    i.HAL_ETH_RxLinkCallback  ethernetif.o
    0x0800196e   0x0800196e   0x00000024   Code   RO         2264    i.HAL_ETH_SetMACConfig  stm32f4xx_hal_eth.o
    0x08001992   0x08001992   0x00000002   PAD
    0x08001994   0x08001994   0x00000058   Code   RO         2266    i.HAL_ETH_SetMDIOClockRange  stm32f4xx_hal_eth.o
    0x080019ec   0x080019ec   0x000000a8   Code   RO         2271    i.HAL_ETH_Start_IT  stm32f4xx_hal_eth.o
    0x08001a94   0x08001a94   0x000000bc   Code   RO         2273    i.HAL_ETH_Stop_IT   stm32f4xx_hal_eth.o
    0x08001b50   0x08001b50   0x000000e4   Code   RO         2274    i.HAL_ETH_Transmit  stm32f4xx_hal_eth.o
    0x08001c34   0x08001c34   0x00000002   Code   RO         2276    i.HAL_ETH_TxCpltCallback  stm32f4xx_hal_eth.o
    0x08001c36   0x08001c36   0x00000002   Code   RO         2281    i.HAL_ETH_WakeUpCallback  stm32f4xx_hal_eth.o
    0x08001c38   0x08001c38   0x00000068   Code   RO         2282    i.HAL_ETH_WritePHYRegister  stm32f4xx_hal_eth.o
    0x08001ca0   0x08001ca0   0x000001f4   Code   RO         1425    i.HAL_GPIO_Init     stm32f4xx_hal_gpio.o
    0x08001e94   0x08001e94   0x0000000c   Code   RO         1429    i.HAL_GPIO_WritePin  stm32f4xx_hal_gpio.o
    0x08001ea0   0x08001ea0   0x0000000c   Code   RO         1980    i.HAL_GetTick       stm32f4xx_hal.o
    0x08001eac   0x08001eac   0x00000018   Code   RO         1986    i.HAL_IncTick       stm32f4xx_hal.o
    0x08001ec4   0x08001ec4   0x0000003c   Code   RO         1987    i.HAL_Init          stm32f4xx_hal.o
    0x08001f00   0x08001f00   0x0000004c   Code   RO         1988    i.HAL_InitTick      stm32f4xx_hal.o
    0x08001f4c   0x08001f4c   0x00000048   Code   RO          627    i.HAL_MspInit       stm32f4xx_hal_msp.o
    0x08001f94   0x08001f94   0x00000028   Code   RO         1817    i.HAL_NVIC_EnableIRQ  stm32f4xx_hal_cortex.o
    0x08001fbc   0x08001fbc   0x0000007c   Code   RO         1823    i.HAL_NVIC_SetPriority  stm32f4xx_hal_cortex.o
    0x08002038   0x08002038   0x00000028   Code   RO         1824    i.HAL_NVIC_SetPriorityGrouping  stm32f4xx_hal_cortex.o
    0x08002060   0x08002060   0x00000184   Code   RO         1026    i.HAL_RCC_ClockConfig  stm32f4xx_hal_rcc.o
    0x080021e4   0x080021e4   0x0000000c   Code   RO         1031    i.HAL_RCC_GetHCLKFreq  stm32f4xx_hal_rcc.o
    0x080021f0   0x080021f0   0x00000020   Code   RO         1033    i.HAL_RCC_GetPCLK1Freq  stm32f4xx_hal_rcc.o
    0x08002210   0x08002210   0x00000020   Code   RO         1034    i.HAL_RCC_GetPCLK2Freq  stm32f4xx_hal_rcc.o
    0x08002230   0x08002230   0x000000b0   Code   RO         1035    i.HAL_RCC_GetSysClockFreq  stm32f4xx_hal_rcc.o
    0x080022e0   0x080022e0   0x0000049c   Code   RO         1038    i.HAL_RCC_OscConfig  stm32f4xx_hal_rcc.o
    0x0800277c   0x0800277c   0x00000028   Code   RO         1826    i.HAL_SYSTICK_CLKSourceConfig  stm32f4xx_hal_cortex.o
    0x080027a4   0x080027a4   0x00000034   Code   RO         1828    i.HAL_SYSTICK_Config  stm32f4xx_hal_cortex.o
    0x080027d8   0x080027d8   0x00000002   Code   RO         3302    i.HAL_TIMEx_BreakCallback  stm32f4xx_hal_tim_ex.o
    0x080027da   0x080027da   0x00000002   Code   RO         3303    i.HAL_TIMEx_CommutCallback  stm32f4xx_hal_tim_ex.o
    0x080027dc   0x080027dc   0x000000b4   Code   RO         3321    i.HAL_TIMEx_MasterConfigSynchronization  stm32f4xx_hal_tim_ex.o
    0x08002890   0x08002890   0x00000066   Code   RO         2587    i.HAL_TIM_Base_Init  stm32f4xx_hal_tim.o
    0x080028f6   0x080028f6   0x00000002   PAD
    0x080028f8   0x080028f8   0x00000048   Code   RO          354    i.HAL_TIM_Base_MspInit  tim.o
    0x08002940   0x08002940   0x000000a8   Code   RO         2592    i.HAL_TIM_Base_Start_IT  stm32f4xx_hal_tim.o
    0x080029e8   0x080029e8   0x0000010c   Code   RO         2596    i.HAL_TIM_ConfigClockSource  stm32f4xx_hal_tim.o
    0x08002af4   0x08002af4   0x00000002   Code   RO         2621    i.HAL_TIM_IC_CaptureCallback  stm32f4xx_hal_tim.o
    0x08002af6   0x08002af6   0x0000016c   Code   RO         2635    i.HAL_TIM_IRQHandler  stm32f4xx_hal_tim.o
    0x08002c62   0x08002c62   0x00000002   Code   RO         2638    i.HAL_TIM_OC_DelayElapsedCallback  stm32f4xx_hal_tim.o
    0x08002c64   0x08002c64   0x00000002   Code   RO         2665    i.HAL_TIM_PWM_PulseFinishedCallback  stm32f4xx_hal_tim.o
    0x08002c66   0x08002c66   0x00000002   PAD
    0x08002c68   0x08002c68   0x000000b4   Code   RO           14    i.HAL_TIM_PeriodElapsedCallback  main.o
    0x08002d1c   0x08002d1c   0x00000002   Code   RO         2678    i.HAL_TIM_TriggerCallback  stm32f4xx_hal_tim.o
    0x08002d1e   0x08002d1e   0x00000002   Code   RO         3581    i.HAL_UARTEx_RxEventCallback  stm32f4xx_hal_uart.o
    0x08002d20   0x08002d20   0x0000008a   Code   RO         3593    i.HAL_UART_DMAStop  stm32f4xx_hal_uart.o
    0x08002daa   0x08002daa   0x00000002   PAD
    0x08002dac   0x08002dac   0x0000008c   Code   RO         7549    i.HAL_UART_ErrorCallback  robot.o
    0x08002e38   0x08002e38   0x00000308   Code   RO         3598    i.HAL_UART_IRQHandler  stm32f4xx_hal_uart.o
    0x08003140   0x08003140   0x00000076   Code   RO         3599    i.HAL_UART_Init     stm32f4xx_hal_uart.o
    0x080031b6   0x080031b6   0x00000002   PAD
    0x080031b8   0x080031b8   0x000004ec   Code   RO          396    i.HAL_UART_MspInit  usart.o
    0x080036a4   0x080036a4   0x0000002c   Code   RO         3603    i.HAL_UART_Receive_DMA  stm32f4xx_hal_uart.o
    0x080036d0   0x080036d0   0x00000068   Code   RO         7550    i.HAL_UART_RxCpltCallback  robot.o
    0x08003738   0x08003738   0x00000002   Code   RO         3606    i.HAL_UART_RxHalfCpltCallback  stm32f4xx_hal_uart.o
    0x0800373a   0x0800373a   0x00000002   PAD
    0x0800373c   0x0800373c   0x0000009c   Code   RO         3608    i.HAL_UART_Transmit_DMA  stm32f4xx_hal_uart.o
    0x080037d8   0x080037d8   0x0000004c   Code   RO         7551    i.HAL_UART_TxCpltCallback  robot.o
    0x08003824   0x08003824   0x00000002   Code   RO         3611    i.HAL_UART_TxHalfCpltCallback  stm32f4xx_hal_uart.o
    0x08003826   0x08003826   0x00000004   Code   RO          472    i.HardFault_Handler  stm32f4xx_it.o
    0x0800382a   0x0800382a   0x000000ea   Code   RO          941    i.LAN8742_GetLinkState  lan8742.o
    0x08003914   0x08003914   0x00000062   Code   RO          942    i.LAN8742_Init      lan8742.o
    0x08003976   0x08003976   0x0000002e   Code   RO          943    i.LAN8742_RegisterBusIO  lan8742.o
    0x080039a4   0x080039a4   0x000000c8   Code   RO          329    i.MX_DMA_Init       dma.o
    0x08003a6c   0x08003a6c   0x0000014c   Code   RO          305    i.MX_GPIO_Init      gpio.o
    0x08003bb8   0x08003bb8   0x0000022c   Code   RO          862    i.MX_LWIP_Init      lwip.o
    0x08003de4   0x08003de4   0x00000018   Code   RO          863    i.MX_LWIP_Process   lwip.o
    0x08003dfc   0x08003dfc   0x00000070   Code   RO          355    i.MX_TIM1_Init      tim.o
    0x08003e6c   0x08003e6c   0x0000003c   Code   RO          397    i.MX_UART4_Init     usart.o
    0x08003ea8   0x08003ea8   0x0000003c   Code   RO          398    i.MX_USART1_UART_Init  usart.o
    0x08003ee4   0x08003ee4   0x00000038   Code   RO          399    i.MX_USART2_UART_Init  usart.o
    0x08003f1c   0x08003f1c   0x0000003c   Code   RO          400    i.MX_USART3_UART_Init  usart.o
    0x08003f58   0x08003f58   0x0000003c   Code   RO          401    i.MX_USART6_UART_Init  usart.o
    0x08003f94   0x08003f94   0x00000004   Code   RO          473    i.MemManage_Handler  stm32f4xx_it.o
    0x08003f98   0x08003f98   0x00000004   Code   RO          474    i.NMI_Handler       stm32f4xx_it.o
    0x08003f9c   0x08003f9c   0x00000002   Code   RO          475    i.PendSV_Handler    stm32f4xx_it.o
    0x08003f9e   0x08003f9e   0x00000002   Code   RO          476    i.SVC_Handler       stm32f4xx_it.o
    0x08003fa0   0x08003fa0   0x00000008   Code   RO          477    i.SysTick_Handler   stm32f4xx_it.o
    0x08003fa8   0x08003fa8   0x000000b4   Code   RO           15    i.SystemClock_Config  main.o
    0x0800405c   0x0800405c   0x00000014   Code   RO         3943    i.SystemInit        system_stm32f4xx.o
    0x08004070   0x08004070   0x00000010   Code   RO          478    i.TIM1_UP_TIM10_IRQHandler  stm32f4xx_it.o
    0x08004080   0x08004080   0x000000e0   Code   RO         2680    i.TIM_Base_SetConfig  stm32f4xx_hal_tim.o
    0x08004160   0x08004160   0x00000016   Code   RO         2691    i.TIM_ETR_SetConfig  stm32f4xx_hal_tim.o
    0x08004176   0x08004176   0x00000012   Code   RO         2692    i.TIM_ITRx_SetConfig  stm32f4xx_hal_tim.o
    0x08004188   0x08004188   0x00000026   Code   RO         2698    i.TIM_TI1_ConfigInputStage  stm32f4xx_hal_tim.o
    0x080041ae   0x080041ae   0x00000028   Code   RO         2700    i.TIM_TI2_ConfigInputStage  stm32f4xx_hal_tim.o
    0x080041d6   0x080041d6   0x00000002   PAD
    0x080041d8   0x080041d8   0x00000010   Code   RO          479    i.UART4_IRQHandler  stm32f4xx_it.o
    0x080041e8   0x080041e8   0x00000012   Code   RO         3612    i.UART_DMAAbortOnError  stm32f4xx_hal_uart.o
    0x080041fa   0x080041fa   0x00000050   Code   RO         3613    i.UART_DMAError     stm32f4xx_hal_uart.o
    0x0800424a   0x0800424a   0x000000b4   Code   RO         3614    i.UART_DMAReceiveCplt  stm32f4xx_hal_uart.o
    0x080042fe   0x080042fe   0x00000024   Code   RO         3616    i.UART_DMARxHalfCplt  stm32f4xx_hal_uart.o
    0x08004322   0x08004322   0x00000058   Code   RO         3618    i.UART_DMATransmitCplt  stm32f4xx_hal_uart.o
    0x0800437a   0x0800437a   0x0000000e   Code   RO         3620    i.UART_DMATxHalfCplt  stm32f4xx_hal_uart.o
    0x08004388   0x08004388   0x0000006c   Code   RO         3622    i.UART_EndRxTransfer  stm32f4xx_hal_uart.o
    0x080043f4   0x080043f4   0x00000020   Code   RO         3623    i.UART_EndTransmit_IT  stm32f4xx_hal_uart.o
    0x08004414   0x08004414   0x00000026   Code   RO         3624    i.UART_EndTxTransfer  stm32f4xx_hal_uart.o
    0x0800443a   0x0800443a   0x000000fc   Code   RO         3625    i.UART_Receive_IT   stm32f4xx_hal_uart.o
    0x08004536   0x08004536   0x00000002   PAD
    0x08004538   0x08004538   0x0000022c   Code   RO         3626    i.UART_SetConfig    stm32f4xx_hal_uart.o
    0x08004764   0x08004764   0x000000d8   Code   RO         3627    i.UART_Start_Receive_DMA  stm32f4xx_hal_uart.o
    0x0800483c   0x0800483c   0x00000060   Code   RO         3629    i.UART_Transmit_IT  stm32f4xx_hal_uart.o
    0x0800489c   0x0800489c   0x00000010   Code   RO          480    i.USART1_IRQHandler  stm32f4xx_it.o
    0x080048ac   0x080048ac   0x00000010   Code   RO          481    i.USART2_IRQHandler  stm32f4xx_it.o
    0x080048bc   0x080048bc   0x00000010   Code   RO          482    i.USART3_IRQHandler  stm32f4xx_it.o
    0x080048cc   0x080048cc   0x00000010   Code   RO          483    i.USART6_IRQHandler  stm32f4xx_it.o
    0x080048dc   0x080048dc   0x00000004   Code   RO          484    i.UsageFault_Handler  stm32f4xx_it.o
    0x080048e0   0x080048e0   0x00000020   Code   RO         7864    i.__0printf$3       mc_w.l(printf3.o)
    0x08004900   0x08004900   0x00000010   Code   RO         1830    i.__NVIC_GetPriorityGrouping  stm32f4xx_hal_cortex.o
    0x08004910   0x08004910   0x00000028   Code   RO         1831    i.__NVIC_SetPriority  stm32f4xx_hal_cortex.o
    0x08004938   0x08004938   0x0000000e   Code   RO         8105    i.__scatterload_copy  mc_w.l(handlers.o)
    0x08004946   0x08004946   0x00000002   Code   RO         8106    i.__scatterload_null  mc_w.l(handlers.o)
    0x08004948   0x08004948   0x0000000e   Code   RO         8107    i.__scatterload_zeroinit  mc_w.l(handlers.o)
    0x08004956   0x08004956   0x00000002   PAD
    0x08004958   0x08004958   0x000001b8   Code   RO         7871    i._printf_core      mc_w.l(printf3.o)
    0x08004b10   0x08004b10   0x00000064   Code   RO         7513    i.crc32_core        unitree_motor.o
    0x08004b74   0x08004b74   0x00000014   Code   RO          651    i.delay_init        delay.o
    0x08004b88   0x08004b88   0x00000048   Code   RO          653    i.delay_us          delay.o
    0x08004bd0   0x08004bd0   0x0000003c   Code   RO         7552    i.disable_all_motor  robot.o
    0x08004c0c   0x08004c0c   0x000000ac   Code   RO         5317    i.do_memp_free_pool  memp.o
    0x08004cb8   0x08004cb8   0x000000b4   Code   RO         5318    i.do_memp_malloc_pool  memp.o
    0x08004d6c   0x08004d6c   0x0000003c   Code   RO         7553    i.enable_all_motor  robot.o
    0x08004da8   0x08004da8   0x00000038   Code   RO         6714    i.etharp_cleanup_netif  etharp.o
    0x08004de0   0x08004de0   0x00000300   Code   RO         6716    i.etharp_find_entry  etharp.o
    0x080050e0   0x080050e0   0x00000040   Code   RO         6717    i.etharp_free_entry  etharp.o
    0x08005120   0x08005120   0x0000013c   Code   RO         6719    i.etharp_input      etharp.o
    0x0800525c   0x0800525c   0x00000224   Code   RO         6720    i.etharp_output     etharp.o
    0x08005480   0x08005480   0x00000168   Code   RO         6721    i.etharp_output_to_arp_index  etharp.o
    0x080055e8   0x080055e8   0x000002a4   Code   RO         6722    i.etharp_query      etharp.o
    0x0800588c   0x0800588c   0x0000018c   Code   RO         6723    i.etharp_raw        etharp.o
    0x08005a18   0x08005a18   0x00000018   Code   RO         6724    i.etharp_request    etharp.o
    0x08005a30   0x08005a30   0x0000002c   Code   RO         6725    i.etharp_request_dst  etharp.o
    0x08005a5c   0x08005a5c   0x000000dc   Code   RO         6726    i.etharp_tmr        etharp.o
    0x08005b38   0x08005b38   0x0000015c   Code   RO         6727    i.etharp_update_arp_entry  etharp.o
    0x08005c94   0x08005c94   0x000000c4   Code   RO         4547    i.ethernet_input    ethernet.o
    0x08005d58   0x08005d58   0x000000cc   Code   RO          727    i.ethernet_link_check_state  ethernetif.o
    0x08005e24   0x08005e24   0x00000002   Code   RO          864    i.ethernet_link_status_updated  lwip.o
    0x08005e26   0x08005e26   0x00000002   PAD
    0x08005e28   0x08005e28   0x00000104   Code   RO         4548    i.ethernet_output   ethernet.o
    0x08005f2c   0x08005f2c   0x00000098   Code   RO          728    i.ethernetif_init   ethernetif.o
    0x08005fc4   0x08005fc4   0x00000028   Code   RO          729    i.ethernetif_input  ethernetif.o
    0x08005fec   0x08005fec   0x00000108   Code   RO         7514    i.extract           unitree_motor.o
    0x080060f4   0x080060f4   0x00000012   Code   RO         8062    i.fputc             mc_w.l(fputc.o)
    0x08006106   0x08006106   0x00000012   Code   RO         6817    i.icmp_dest_unreach  icmp.o
    0x08006118   0x08006118   0x00000270   Code   RO         6818    i.icmp_input        icmp.o
    0x08006388   0x08006388   0x0000011c   Code   RO         6819    i.icmp_send_response  icmp.o
    0x080064a4   0x080064a4   0x00000012   Code   RO         6820    i.icmp_time_exceeded  icmp.o
    0x080064b6   0x080064b6   0x0000004e   Code   RO         6938    i.ip4_addr_isbroadcast_u32  ip4_addr.o
    0x08006504   0x08006504   0x000002cc   Code   RO         7006    i.ip4_frag          ip4_frag.o
    0x080067d0   0x080067d0   0x0000019c   Code   RO         6883    i.ip4_input         ip4.o
    0x0800696c   0x0800696c   0x00000034   Code   RO         6884    i.ip4_input_accept  ip4.o
    0x080069a0   0x080069a0   0x00000036   Code   RO         6886    i.ip4_output_if     ip4.o
    0x080069d6   0x080069d6   0x00000002   PAD
    0x080069d8   0x080069d8   0x0000019c   Code   RO         6887    i.ip4_output_if_src  ip4.o
    0x08006b74   0x08006b74   0x000002fc   Code   RO         7007    i.ip4_reass         ip4_frag.o
    0x08006e70   0x08006e70   0x00000094   Code   RO         6888    i.ip4_route         ip4.o
    0x08006f04   0x08006f04   0x0000000a   Code   RO         7008    i.ip_frag_alloc_pbuf_custom_ref  ip4_frag.o
    0x08006f0e   0x08006f0e   0x00000002   PAD
    0x08006f10   0x08006f10   0x00000098   Code   RO         7009    i.ip_frag_free_pbuf_custom_ref  ip4_frag.o
    0x08006fa8   0x08006fa8   0x00000304   Code   RO         7010    i.ip_reass_chain_frag_into_datagram_and_validate  ip4_frag.o
    0x080072ac   0x080072ac   0x000000c4   Code   RO         7011    i.ip_reass_dequeue_datagram  ip4_frag.o
    0x08007370   0x08007370   0x00000054   Code   RO         7012    i.ip_reass_enqueue_new_datagram  ip4_frag.o
    0x080073c4   0x080073c4   0x000001e0   Code   RO         7013    i.ip_reass_free_complete_datagram  ip4_frag.o
    0x080075a4   0x080075a4   0x00000088   Code   RO         7014    i.ip_reass_remove_oldest_datagram  ip4_frag.o
    0x0800762c   0x0800762c   0x00000034   Code   RO         7015    i.ip_reass_tmr      ip4_frag.o
    0x08007660   0x08007660   0x000000c8   Code   RO         7016    i.ipfrag_free_pbuf_custom  ip4_frag.o
    0x08007728   0x08007728   0x00000110   Code   RO          730    i.low_level_init    ethernetif.o
    0x08007838   0x08007838   0x00000024   Code   RO          731    i.low_level_input   ethernetif.o
    0x0800785c   0x0800785c   0x000000a0   Code   RO          732    i.low_level_output  ethernetif.o
    0x080078fc   0x080078fc   0x00000050   Code   RO         6460    i.lwip_cyclic_timer  timeouts.o
    0x0800794c   0x0800794c   0x0000001a   Code   RO         4977    i.lwip_htonl        def.o
    0x08007966   0x08007966   0x0000000c   Code   RO         4978    i.lwip_htons        def.o
    0x08007972   0x08007972   0x00000002   PAD
    0x08007974   0x08007974   0x0000009c   Code   RO         5129    i.lwip_init         init.o
    0x08007a10   0x08007a10   0x00000068   Code   RO           16    i.main              main.o
    0x08007a78   0x08007a78   0x000001c4   Code   RO         5239    i.mem_free          mem.o
    0x08007c3c   0x08007c3c   0x0000005c   Code   RO         5240    i.mem_init          mem.o
    0x08007c98   0x08007c98   0x00000058   Code   RO         5241    i.mem_link_valid    mem.o
    0x08007cf0   0x08007cf0   0x000002a8   Code   RO         5242    i.mem_malloc        mem.o
    0x08007f98   0x08007f98   0x00000010   Code   RO         5243    i.mem_to_ptr        mem.o
    0x08007fa8   0x08007fa8   0x00000234   Code   RO         5244    i.mem_trim          mem.o
    0x080081dc   0x080081dc   0x000000b0   Code   RO         5319    i.memp_free         memp.o
    0x0800828c   0x0800828c   0x000000a0   Code   RO         5320    i.memp_free_pool    memp.o
    0x0800832c   0x0800832c   0x00000020   Code   RO         5321    i.memp_init         memp.o
    0x0800834c   0x0800834c   0x0000002c   Code   RO         5322    i.memp_init_pool    memp.o
    0x08008378   0x08008378   0x000000b0   Code   RO         5323    i.memp_malloc       memp.o
    0x08008428   0x08008428   0x00000098   Code   RO         5324    i.memp_malloc_pool  memp.o
    0x080084c0   0x080084c0   0x000001c8   Code   RO         7515    i.modify            unitree_motor.o
    0x08008688   0x08008688   0x00000230   Code   RO         5426    i.netif_add         netif.o
    0x080088b8   0x080088b8   0x00000018   Code   RO         5428    i.netif_do_ip_addr_changed  netif.o
    0x080088d0   0x080088d0   0x00000026   Code   RO         5429    i.netif_do_set_gw   netif.o
    0x080088f6   0x080088f6   0x00000002   PAD
    0x080088f8   0x080088f8   0x000000e0   Code   RO         5430    i.netif_do_set_ipaddr  netif.o
    0x080089d8   0x080089d8   0x00000026   Code   RO         5431    i.netif_do_set_netmask  netif.o
    0x080089fe   0x080089fe   0x00000002   PAD
    0x08008a00   0x08008a00   0x00000028   Code   RO         5433    i.netif_get_by_index  netif.o
    0x08008a28   0x08008a28   0x00000002   Code   RO         5435    i.netif_init        netif.o
    0x08008a2a   0x08008a2a   0x00000002   PAD
    0x08008a2c   0x08008a2c   0x000000d8   Code   RO         5437    i.netif_issue_reports  netif.o
    0x08008b04   0x08008b04   0x00000008   Code   RO         5439    i.netif_null_output_ip4  netif.o
    0x08008b0c   0x08008b0c   0x00000060   Code   RO         5441    i.netif_set_addr    netif.o
    0x08008b6c   0x08008b6c   0x0000000c   Code   RO         5442    i.netif_set_default  netif.o
    0x08008b78   0x08008b78   0x000000cc   Code   RO         5443    i.netif_set_down    netif.o
    0x08008c44   0x08008c44   0x00000006   Code   RO         5446    i.netif_set_link_callback  netif.o
    0x08008c4a   0x08008c4a   0x00000002   PAD
    0x08008c4c   0x08008c4c   0x000000cc   Code   RO         5447    i.netif_set_link_down  netif.o
    0x08008d18   0x08008d18   0x000000d4   Code   RO         5448    i.netif_set_link_up  netif.o
    0x08008dec   0x08008dec   0x000000c0   Code   RO         5450    i.netif_set_up      netif.o
    0x08008eac   0x08008eac   0x00000012   Code   RO         5615    i.pbuf_add_header   pbuf.o
    0x08008ebe   0x08008ebe   0x00000002   PAD
    0x08008ec0   0x08008ec0   0x000000e8   Code   RO         5617    i.pbuf_add_header_impl  pbuf.o
    0x08008fa8   0x08008fa8   0x0000029c   Code   RO         5618    i.pbuf_alloc        pbuf.o
    0x08009244   0x08009244   0x000000bc   Code   RO         5619    i.pbuf_alloc_reference  pbuf.o
    0x08009300   0x08009300   0x00000052   Code   RO         5620    i.pbuf_alloced_custom  pbuf.o
    0x08009352   0x08009352   0x00000002   PAD
    0x08009354   0x08009354   0x00000150   Code   RO         5621    i.pbuf_cat          pbuf.o
    0x080094a4   0x080094a4   0x00000016   Code   RO         5622    i.pbuf_chain        pbuf.o
    0x080094ba   0x080094ba   0x00000012   Code   RO         5623    i.pbuf_clen         pbuf.o
    0x080094cc   0x080094cc   0x000000b0   Code   RO         5624    i.pbuf_clone        pbuf.o
    0x0800957c   0x0800957c   0x00000228   Code   RO         5626    i.pbuf_copy         pbuf.o
    0x080097a4   0x080097a4   0x00000140   Code   RO         5627    i.pbuf_copy_partial  pbuf.o
    0x080098e4   0x080098e4   0x0000019c   Code   RO         5629    i.pbuf_free         pbuf.o
    0x08009a80   0x08009a80   0x00000028   Code   RO          733    i.pbuf_free_custom  ethernetif.o
    0x08009aa8   0x08009aa8   0x00000012   Code   RO         5634    i.pbuf_header_force  pbuf.o
    0x08009aba   0x08009aba   0x00000022   Code   RO         5635    i.pbuf_header_impl  pbuf.o
    0x08009adc   0x08009adc   0x0000001e   Code   RO         5636    i.pbuf_init_alloced_pbuf  pbuf.o
    0x08009afa   0x08009afa   0x00000002   PAD
    0x08009afc   0x08009afc   0x00000168   Code   RO         5640    i.pbuf_realloc      pbuf.o
    0x08009c64   0x08009c64   0x0000009c   Code   RO         5641    i.pbuf_ref          pbuf.o
    0x08009d00   0x08009d00   0x000000f4   Code   RO         5642    i.pbuf_remove_header  pbuf.o
    0x08009df4   0x08009df4   0x000001c8   Code   RO         5646    i.pbuf_take         pbuf.o
    0x08009fbc   0x08009fbc   0x000001d8   Code   RO         5245    i.plug_holes        mem.o
    0x0800a194   0x0800a194   0x00000010   Code   RO         5246    i.ptr_to_mem        mem.o
    0x0800a1a4   0x0800a1a4   0x0000001a   Code   RO         7639    i.raw_motor_type2udp_motor_type  udp_comm.o
    0x0800a1be   0x0800a1be   0x0000005a   Code   RO         7554    i.receive_motor_feedback  robot.o
    0x0800a218   0x0800a218   0x000000f4   Code   RO         7555    i.robot_init        robot.o
    0x0800a30c   0x0800a30c   0x00000036   Code   RO         7556    i.send_motor_command  robot.o
    0x0800a342   0x0800a342   0x00000002   PAD
    0x0800a344   0x0800a344   0x000000f4   Code   RO         7557    i.set_all_motor_damping  robot.o
    0x0800a438   0x0800a438   0x00000044   Code   RO         7558    i.set_robot_mode    robot.o
    0x0800a47c   0x0800a47c   0x00000054   Code   RO         6461    i.sys_check_timeouts  timeouts.o
    0x0800a4d0   0x0800a4d0   0x00000008   Code   RO          734    i.sys_now           ethernetif.o
    0x0800a4d8   0x0800a4d8   0x000000d0   Code   RO         6463    i.sys_timeout       timeouts.o
    0x0800a5a8   0x0800a5a8   0x00000140   Code   RO         6464    i.sys_timeout_abs   timeouts.o
    0x0800a6e8   0x0800a6e8   0x00000028   Code   RO         6465    i.sys_timeouts_init  timeouts.o
    0x0800a710   0x0800a710   0x000001cc   Code   RO         5887    i.tcp_abandon       tcp.o
    0x0800a8dc   0x0800a8dc   0x0000000e   Code   RO         5888    i.tcp_abort         tcp.o
    0x0800a8ea   0x0800a8ea   0x00000002   PAD
    0x0800a8ec   0x0800a8ec   0x000000bc   Code   RO         5891    i.tcp_alloc         tcp.o
    0x0800a9a8   0x0800a9a8   0x000000b0   Code   RO         5895    i.tcp_close         tcp.o
    0x0800aa58   0x0800aa58   0x0000020c   Code   RO         5896    i.tcp_close_shutdown  tcp.o
    0x0800ac64   0x0800ac64   0x000000e8   Code   RO         5897    i.tcp_close_shutdown_fin  tcp.o
    0x0800ad4c   0x0800ad4c   0x000001d4   Code   RO         6300    i.tcp_create_segment  tcp_out.o
    0x0800af20   0x0800af20   0x000000d4   Code   RO         5900    i.tcp_eff_send_mss_netif  tcp.o
    0x0800aff4   0x0800aff4   0x000002c0   Code   RO         6301    i.tcp_enqueue_flags  tcp_out.o
    0x0800b2b4   0x0800b2b4   0x0000009c   Code   RO         5902    i.tcp_fasttmr       tcp.o
    0x0800b350   0x0800b350   0x00000094   Code   RO         5903    i.tcp_free          tcp.o
    0x0800b3e4   0x0800b3e4   0x0000015c   Code   RO         6216    i.tcp_free_acked_segments  tcp_in.o
    0x0800b540   0x0800b540   0x0000009c   Code   RO         5904    i.tcp_free_listen   tcp.o
    0x0800b5dc   0x0800b5dc   0x00000048   Code   RO         6217    i.tcp_get_next_optbyte  tcp_in.o
    0x0800b624   0x0800b624   0x00000034   Code   RO         5905    i.tcp_handle_closepend  tcp.o
    0x0800b658   0x0800b658   0x00000018   Code   RO         5906    i.tcp_init          tcp.o
    0x0800b670   0x0800b670   0x00000814   Code   RO         6218    i.tcp_input         tcp_in.o
    0x0800be84   0x0800be84   0x000000e8   Code   RO         6219    i.tcp_input_delayed_close  tcp_in.o
    0x0800bf6c   0x0800bf6c   0x000000dc   Code   RO         6302    i.tcp_keepalive     tcp_out.o
    0x0800c048   0x0800c048   0x00000068   Code   RO         5907    i.tcp_kill_prio     tcp.o
    0x0800c0b0   0x0800c0b0   0x000000d0   Code   RO         5908    i.tcp_kill_state    tcp.o
    0x0800c180   0x0800c180   0x0000003c   Code   RO         5909    i.tcp_kill_timewait  tcp.o
    0x0800c1bc   0x0800c1bc   0x000000d4   Code   RO         5910    i.tcp_listen_closed  tcp.o
    0x0800c290   0x0800c290   0x000001f4   Code   RO         6220    i.tcp_listen_input  tcp_in.o
    0x0800c484   0x0800c484   0x0000004c   Code   RO         5913    i.tcp_netif_ip_addr_changed  tcp.o
    0x0800c4d0   0x0800c4d0   0x000000d0   Code   RO         5914    i.tcp_netif_ip_addr_changed_pcblist  tcp.o
    0x0800c5a0   0x0800c5a0   0x000000b0   Code   RO         5918    i.tcp_next_iss      tcp.o
    0x0800c650   0x0800c650   0x00000364   Code   RO         6303    i.tcp_output        tcp_out.o
    0x0800c9b4   0x0800c9b4   0x000000dc   Code   RO         6304    i.tcp_output_alloc_header  tcp_out.o
    0x0800ca90   0x0800ca90   0x00000124   Code   RO         6305    i.tcp_output_alloc_header_common  tcp_out.o
    0x0800cbb4   0x0800cbb4   0x000000fc   Code   RO         6306    i.tcp_output_control_segment  tcp_out.o
    0x0800ccb0   0x0800ccb0   0x00000124   Code   RO         6307    i.tcp_output_fill_options  tcp_out.o
    0x0800cdd4   0x0800cdd4   0x0000024c   Code   RO         6308    i.tcp_output_segment  tcp_out.o
    0x0800d020   0x0800d020   0x000000b4   Code   RO         6309    i.tcp_output_segment_busy  tcp_out.o
    0x0800d0d4   0x0800d0d4   0x00000130   Code   RO         6221    i.tcp_parseopt      tcp_in.o
    0x0800d204   0x0800d204   0x000000d4   Code   RO         5919    i.tcp_pcb_purge     tcp.o
    0x0800d2d8   0x0800d2d8   0x000001a4   Code   RO         5920    i.tcp_pcb_remove    tcp.o
    0x0800d47c   0x0800d47c   0x00000744   Code   RO         6222    i.tcp_process       tcp_in.o
    0x0800dbc0   0x0800dbc0   0x00000134   Code   RO         5922    i.tcp_process_refused_data  tcp.o
    0x0800dcf4   0x0800dcf4   0x000007d0   Code   RO         6223    i.tcp_receive       tcp_in.o
    0x0800e4c4   0x0800e4c4   0x000000c4   Code   RO         5924    i.tcp_recv_null     tcp.o
    0x0800e588   0x0800e588   0x0000011c   Code   RO         5925    i.tcp_recved        tcp.o
    0x0800e6a4   0x0800e6a4   0x000000b4   Code   RO         5926    i.tcp_remove_listener  tcp.o
    0x0800e758   0x0800e758   0x00000104   Code   RO         6311    i.tcp_rexmit        tcp_out.o
    0x0800e85c   0x0800e85c   0x0000010c   Code   RO         6312    i.tcp_rexmit_fast   tcp_out.o
    0x0800e968   0x0800e968   0x000000a8   Code   RO         6313    i.tcp_rexmit_rto    tcp_out.o
    0x0800ea10   0x0800ea10   0x000000b8   Code   RO         6314    i.tcp_rexmit_rto_commit  tcp_out.o
    0x0800eac8   0x0800eac8   0x00000118   Code   RO         6315    i.tcp_rexmit_rto_prepare  tcp_out.o
    0x0800ebe0   0x0800ebe0   0x0000001e   Code   RO         6316    i.tcp_route         tcp_out.o
    0x0800ebfe   0x0800ebfe   0x00000002   PAD
    0x0800ec00   0x0800ec00   0x00000128   Code   RO         6317    i.tcp_rst           tcp_out.o
    0x0800ed28   0x0800ed28   0x0000001a   Code   RO         5927    i.tcp_seg_free      tcp.o
    0x0800ed42   0x0800ed42   0x00000018   Code   RO         5928    i.tcp_segs_free     tcp.o
    0x0800ed5a   0x0800ed5a   0x00000002   PAD
    0x0800ed5c   0x0800ed5c   0x00000140   Code   RO         6318    i.tcp_send_empty_ack  tcp_out.o
    0x0800ee9c   0x0800ee9c   0x000000e0   Code   RO         6319    i.tcp_send_fin      tcp_out.o
    0x0800ef7c   0x0800ef7c   0x00000714   Code   RO         5932    i.tcp_slowtmr       tcp.o
    0x0800f690   0x0800f690   0x000002d0   Code   RO         6320    i.tcp_split_unsent_seg  tcp_out.o
    0x0800f960   0x0800f960   0x00000038   Code   RO         6468    i.tcp_timer_needed  timeouts.o
    0x0800f998   0x0800f998   0x00000144   Code   RO         6224    i.tcp_timewait_input  tcp_in.o
    0x0800fadc   0x0800fadc   0x00000024   Code   RO         5934    i.tcp_tmr           tcp.o
    0x0800fb00   0x0800fb00   0x00000014   Code   RO         6225    i.tcp_trigger_input_pcb_close  tcp_in.o
    0x0800fb14   0x0800fb14   0x00000118   Code   RO         5936    i.tcp_update_rcv_ann_wnd  tcp.o
    0x0800fc2c   0x0800fc2c   0x00000170   Code   RO         6323    i.tcp_zero_window_probe  tcp_out.o
    0x0800fd9c   0x0800fd9c   0x00000038   Code   RO         6469    i.tcpip_tcp_timer   timeouts.o
    0x0800fdd4   0x0800fdd4   0x00000124   Code   RO         6548    i.udp_bind          udp.o
    0x0800fef8   0x0800fef8   0x0000003c   Code   RO         7640    i.udp_echoserver_init  udp_comm.o
    0x0800ff34   0x0800ff34   0x000001b8   Code   RO         7641    i.udp_echoserver_receive_callback  udp_comm.o
    0x080100ec   0x080100ec   0x00000018   Code   RO         6552    i.udp_init          udp.o
    0x08010104   0x08010104   0x0000024c   Code   RO         6553    i.udp_input         udp.o
    0x08010350   0x08010350   0x00000138   Code   RO         6554    i.udp_input_local_match  udp.o
    0x08010488   0x08010488   0x00000016   Code   RO         7642    i.udp_motor_type2raw_motor_type  udp_comm.o
    0x0801049e   0x0801049e   0x00000002   PAD
    0x080104a0   0x080104a0   0x00000030   Code   RO         6555    i.udp_netif_ip_addr_changed  udp.o
    0x080104d0   0x080104d0   0x0000001c   Code   RO         6556    i.udp_new           udp.o
    0x080104ec   0x080104ec   0x00000058   Code   RO         6558    i.udp_new_port      udp.o
    0x08010544   0x08010544   0x0000009c   Code   RO         6559    i.udp_recv          udp.o
    0x080105e0   0x080105e0   0x000000d4   Code   RO         6560    i.udp_remove        udp.o
    0x080106b4   0x080106b4   0x00000144   Code   RO         6562    i.udp_sendto        udp.o
    0x080107f8   0x080107f8   0x00000198   Code   RO         6563    i.udp_sendto_if     udp.o
    0x08010990   0x08010990   0x000002b4   Code   RO         6564    i.udp_sendto_if_src  udp.o
    0x08010c44   0x08010c44   0x00000038   Code   RO         7559    i.update_command    robot.o
    0x08010c7c   0x08010c7c   0x0000000c   Data   RO          736    .constdata          ethernetif.o
    0x08010c88   0x08010c88   0x00000008   Data   RO         1544    .constdata          stm32f4xx_hal_dma.o
    0x08010c90   0x08010c90   0x00000018   Data   RO         3944    .constdata          system_stm32f4xx.o
    0x08010ca8   0x08010ca8   0x0000000c   Data   RO         4549    .constdata          ethernet.o
    0x08010cb4   0x08010cb4   0x00000090   Data   RO         5326    .constdata          memp.o
    0x08010d44   0x08010d44   0x00000050   Data   RO         5937    .constdata          tcp.o
    0x08010d94   0x08010d94   0x0000001c   Data   RO         6470    .constdata          timeouts.o
    0x08010db0   0x08010db0   0x00000008   Data   RO         6945    .constdata          ip4_addr.o
    0x08010db8   0x08010db8   0x00000041   Data   RO         5130    .conststring        init.o
    0x08010df9   0x08010df9   0x00000003   PAD
    0x08010dfc   0x08010dfc   0x00000075   Data   RO         5938    .conststring        tcp.o
    0x08010e71   0x08010e71   0x00000003   PAD
    0x08010e74   0x08010e74   0x00000055   Data   RO         6324    .conststring        tcp_out.o
    0x08010ec9   0x08010ec9   0x00000003   PAD
    0x08010ecc   0x08010ecc   0x00000041   Data   RO         6729    .conststring        etharp.o
    0x08010f0d   0x08010f0d   0x00000003   PAD
    0x08010f10   0x08010f10   0x0000000e   Data   RO         7644    .conststring        udp_comm.o
    0x08010f1e   0x08010f1e   0x00000002   PAD
    0x08010f20   0x08010f20   0x00000020   Data   RO         8103    Region$$Table       anon$$obj.o


    Execution Region RW_IRAM1 (Exec base: 0x20000000, Load base: 0x08010f40, Size: 0x000094b8, Max: 0x0001c000, ABSOLUTE, COMPRESSED[0x00000040])

    Exec Addr    Load Addr    Size         Type   Attr      Idx    E Section Name        Object

    0x20000000   COMPRESSED   0x00000004   Data   RW          654    .data               delay.o
    0x20000004   COMPRESSED   0x0000001c   Data   RW          737    .data               ethernetif.o
    0x20000020   COMPRESSED   0x0000001c   Data   RW          870    .data               lwip.o
    0x2000003c   COMPRESSED   0x00000009   Data   RW         1994    .data               stm32f4xx_hal.o
    0x20000045   COMPRESSED   0x00000003   PAD
    0x20000048   COMPRESSED   0x00000004   Data   RW         3945    .data               system_stm32f4xx.o
    0x2000004c   COMPRESSED   0x0000000c   Data   RW         5248    .data               mem.o
    0x20000058   COMPRESSED   0x00000024   Data   RW         5327    .data               memp.o
    0x2000007c   COMPRESSED   0x00000009   Data   RW         5451    .data               netif.o
    0x20000085   COMPRESSED   0x00000003   PAD
    0x20000088   COMPRESSED   0x00000020   Data   RW         5939    .data               tcp.o
    0x200000a8   COMPRESSED   0x00000028   Data   RW         6227    .data               tcp_in.o
    0x200000d0   COMPRESSED   0x0000000c   Data   RW         6471    .data               timeouts.o
    0x200000dc   COMPRESSED   0x00000008   Data   RW         6565    .data               udp.o
    0x200000e4   COMPRESSED   0x00000001   Data   RW         6730    .data               etharp.o
    0x200000e5   COMPRESSED   0x00000001   PAD
    0x200000e6   COMPRESSED   0x00000002   Data   RW         6889    .data               ip4.o
    0x200000e8   COMPRESSED   0x00000006   Data   RW         7017    .data               ip4_frag.o
    0x200000ee   COMPRESSED   0x00000002   PAD
    0x200000f0   COMPRESSED   0x00000261   Data   RW         7645    .data               udp_comm.o
    0x20000351   COMPRESSED   0x00000003   PAD
    0x20000354   COMPRESSED   0x00000004   Data   RW         7757    .data               mc_w.l(rand.o)
    0x20000358   COMPRESSED   0x00000004   Data   RW         8064    .data               mc_w.l(stdout.o)
    0x2000035c        -       0x00000048   Zero   RW          356    .bss                tim.o
    0x200003a4        -       0x00000468   Zero   RW          402    .bss                usart.o
    0x2000080c        -       0x00004bcc   Zero   RW          735    .bss                ethernetif.o
    0x200053d8        -       0x00000034   Zero   RW          869    .bss                lwip.o
    0x2000540c        -       0x00000018   Zero   RW         5207    .bss                ip.o
    0x20005424        -       0x00000653   Zero   RW         5247    .bss                mem.o
    0x20005a77        -       0x00002eab   Zero   RW         5325    .bss                memp.o
    0x20008922   COMPRESSED   0x00000002   PAD
    0x20008924        -       0x00000010   Zero   RW         6226    .bss                tcp_in.o
    0x20008934        -       0x000000f0   Zero   RW         6728    .bss                etharp.o
    0x20008a24        -       0x00000644   Zero   RW         7560    .bss                robot.o
    0x20009068        -       0x0000004c   Zero   RW         7697    .bss                system_monitor.o
    0x200090b4   COMPRESSED   0x00000004   PAD
    0x200090b8        -       0x00000400   Zero   RW            1    STACK               startup_stm32f407xx.o


    Execution Region RW_IRAM2 (Exec base: 0x2001c000, Load base: 0x08010f80, Size: 0x00000000, Max: 0x00004000, ABSOLUTE)

    **** No section assigned to this execution region ****


==============================================================================

Image component sizes


      Code (inc. data)   RO Data    RW Data    ZI Data      Debug   Object Name

         0          0          0          0          0       2216   auth.o
         0          0          0          0          0       1992   bridgeif.o
         0          0          0          0          0        404   bridgeif_fdb.o
        38          0          0          0          0       1202   def.o
        92          8          0          4          0       1452   delay.o
       200          6          0          0          0        926   dma.o
      3820       1206         65          1        240      12731   etharp.o
       456        154         12          0          0       2878   ethernet.o
      1480        212         12         28      19404      21434   ethernetif.o
       332         20          0          0          0       1139   gpio.o
       944        352          0          0          0       4910   icmp.o
       156         92         65          0          0       3500   init.o
         0          0          0          0         24       7905   ip.o
      1078        184          0          2          0       5872   ip4.o
        78          0          8          0          0       8822   ip4_addr.o
      3562       1192          0          6          0      13002   ip4_frag.o
       378          0          0          0          0       2774   lan8742.o
       622         50          0         28         52       3109   lwip.o
       470         32          0          0          0     742795   main.o
      2380        968          0         12       1619       8229   mem.o
      1092        718        144         36      11947      13421   memp.o
      2076        998          0          9          0      16758   netif.o
      4322       2008          0          0          0      17128   pbuf.o
      1196         82          0          0       1604       8917   robot.o
        36          8        392          0       1024        868   startup_stm32f407xx.o
       212         36          0          9          0       9661   stm32f4xx_hal.o
       352         22          0          0          0      35201   stm32f4xx_hal_cortex.o
      1436         16          8          0          0       7318   stm32f4xx_hal_dma.o
      3486         64          0          0          0      28147   stm32f4xx_hal_eth.o
       512         46          0          0          0       2204   stm32f4xx_hal_gpio.o
        72          4          0          0          0        926   stm32f4xx_hal_msp.o
      1820         84          0          0          0       5864   stm32f4xx_hal_rcc.o
      1252         76          0          0          0      10271   stm32f4xx_hal_tim.o
       184         30          0          0          0       2657   stm32f4xx_hal_tim_ex.o
      2952         40          0          0          0      17370   stm32f4xx_hal_uart.o
       274         90          0          0          0      12553   stm32f4xx_it.o
         0          0          0          0         76        961   system_monitor.o
        20          6         24          4          0       1223   system_stm32f4xx.o
      7164       3094        197         32          0      39299   tcp.o
      7728       2008          0         40         16      21715   tcp_in.o
      7202       3062         85          0          0      30098   tcp_out.o
       184         18          0          0         72       1818   tim.o
       844        374         28         12          0       7170   timeouts.o
      3172       1396          0          8          0      12880   udp.o
       548         34         14        609          0       6038   udp_comm.o
       820         58          0          0          0       2892   unitree_motor.o
      1556        144          0          0       1128       5446   usart.o

    ----------------------------------------------------------------------
     66656      18992       1100        852      37212    1166096   Object Totals
         0          0         32          0          0          0   (incl. Generated)
        58          0         14         12          6          0   (incl. Padding)

    ----------------------------------------------------------------------

      Code (inc. data)   RO Data    RW Data    ZI Data      Debug   Library Member Name

        86          0          0          0          0          0   __dczerorl2.o
         0          0          0          0          0          0   entry.o
         0          0          0          0          0          0   entry10a.o
         0          0          0          0          0          0   entry11a.o
         4          0          0          0          0          0   entry12b.o
         8          4          0          0          0          0   entry2.o
         4          0          0          0          0          0   entry5.o
         0          0          0          0          0          0   entry7b.o
         0          0          0          0          0          0   entry8b.o
         8          4          0          0          0          0   entry9a.o
        18          0          0          0          0         80   fputc.o
        30          0          0          0          0          0   handlers.o
        36          8          0          0          0         68   init.o
         0          0          0          0          0          0   iusefp.o
         0          0          0          0          0          0   iusesemip.o
        30          0          0          0          0         68   llshl.o
        32          0          0          0          0         68   llushr.o
        26          0          0          0          0         80   memcmp.o
        64          0          0          0          0         76   memmovea.o
        36          0          0          0          0        108   memseta.o
       472         14          0          0          0        184   printf3.o
        36         10          0          4          0        136   rand.o
         0          0          0          0          0          0   semi.o
         0          0          0          4          0          0   stdout.o
        44          0          0          0          0         80   uidiv.o
        98          0          0          0          0         92   uldiv.o
        56          0          0          0          0         88   d2f.o
       222          0          0          0          0        100   ddiv.o
       186          0          0          0          0        176   depilogue.o
        34          0          0          0          0         76   dflti.o
        38          0          0          0          0         68   f2d.o
       110          0          0          0          0        168   fepilogue.o

    ----------------------------------------------------------------------
      1684         40          0          8          0       1716   Library Totals
         6          0          0          0          0          0   (incl. Padding)

    ----------------------------------------------------------------------

      Code (inc. data)   RO Data    RW Data    ZI Data      Debug   Library Name

      1032         40          0          8          0       1040   mc_w.l
       646          0          0          0          0        676   mf_w.l

    ----------------------------------------------------------------------
      1684         40          0          8          0       1716   Library Totals

    ----------------------------------------------------------------------

==============================================================================


      Code (inc. data)   RO Data    RW Data    ZI Data      Debug   

     68340      19032       1100        860      37212    1133964   Grand Totals
     68340      19032       1100         64      37212    1133964   ELF Image Totals (compressed)
     68340      19032       1100         64          0          0   ROM Totals

==============================================================================

    Total RO  Size (Code + RO Data)                69440 (  67.81kB)
    Total RW  Size (RW Data + ZI Data)             38072 (  37.18kB)
    Total ROM Size (Code + RO Data + RW Data)      69504 (  67.88kB)

==============================================================================

