<html>
<body>
<pre>
<h1>µVision Build Log</h1>
<h2>Tool Versions:</h2>
IDE-Version: ¦ÌVision V5.38.0.0
Copyright (C) 2022 ARM Ltd and ARM Germany GmbH. All rights reserved.
License Information: han chunyang, 111, LIC=TA39H-WA7JN-79JG1-CCM57-7CGLK-0HJB0
 
Tool Versions:
Toolchain:       MDK-ARM Professional  Version: 5.38.0.0
Toolchain Path:  D:\Keil_v5\ARM\ARMCC\Bin
C Compiler:      Armcc.exe V5.06 update 7 (build 960)
Assembler:       Armasm.exe V5.06 update 7 (build 960)
Linker/Locator:  ArmLink.exe V5.06 update 7 (build 960)
Library Manager: ArmAr.exe V5.06 update 7 (build 960)
Hex Converter:   FromElf.exe V5.06 update 7 (build 960)
CPU DLL:         SARMCM3.DLL V5.38.0.0
Dialog DLL:      DCM.DLL V1.17.5.0
Target DLL:      Segger\JL2CM3.dll V2.99.20.0
Dialog DLL:      TCM.DLL V1.56.4.0
 
<h2>Project:</h2>
C:\Users\hcy12\Downloads\R1_V3_Chassis\R1_V3_Chassis\R1_V2_Chassis\MDK-ARM\R1_V2_Chassis.uvprojx
Project File Date:  05/20/2026

<h2>Output:</h2>
*** Using Compiler 'V5.06 update 7 (build 960)', folder: 'D:\Keil_v5\ARM\ARMCC\Bin'
Build target 'R1_V2_Chassis'
compiling Crane_3508_Ctrl.c...
compiling vofa.c...
compiling Types.c...
compiling pid.c...
compiling math_algorithm.c...
compiling HIPNUC_gyro.c...
compiling algorithm.c...
compiling stm32f4xx_it.c...
compiling Navigation_Task.c...
compiling QD.c...
compiling Vision.c...
compiling Chassis_Task.c...
compiling Chassis_Motor_Ctrl.c...
compiling Nav_Area_1.c...
compiling main.c...
compiling Nav_Area_3.c...
compiling Can_Bsp.c...
compiling Remote_Control_task.c...
compiling Location_Task.c...
compiling Nav_algorithm.c...
compiling Nav_Area_2.c...
compiling freertos.c...
linking...
Program Size: Code=32992 RO-data=692 RW-data=3080 ZI-data=23656  
FromELF: creating hex file...
"R1_V2_Chassis\R1_V2_Chassis.axf" - 0 Error(s), 0 Warning(s).

<h2>Software Packages used:</h2>

Package Vendor: ARM
                http://www.keil.com/pack/ARM.CMSIS.5.9.0.pack
                ARM.CMSIS.5.9.0
                CMSIS (Common Microcontroller Software Interface Standard)
   * Component: CORE Version: 5.6.0

Package Vendor: Keil
                https://www.keil.com/pack/Keil.STM32F4xx_DFP.3.1.0.pack
                Keil.STM32F4xx_DFP.3.1.0
                STMicroelectronics STM32F4 Series Device Support

<h2>Collection of Component include folders:</h2>
  ./RTE/_R1_V2_Chassis
  D:/Keil_v5/ARM/Packs/ARM/CMSIS/5.9.0/CMSIS/Core/Include

<h2>Collection of Component Files used:</h2>

   * Component: ARM::CMSIS:CORE:5.6.0
      Include file:  CMSIS/Core/Include/tz_context.h
Build Time Elapsed:  00:00:04
</pre>
</body>
</html>
